13:35:11 **** Build of configuration Release for project datalogger3_double_fifo ****
make all 
Building file: ../src/helloworld.c
Invoking: ARM v8 gcc compiler
aarch64-none-elf-gcc -Wall -O2 -c -fmessage-length=0 -MT"src/helloworld.o" -I/export/zd-fs/00_shared_folder/projects/02-NG-Datalogger/20-Baseline/13.proj_dl3_v1r1/fpga/dl3a_v1.0_5EV_SGMII_MAC1G_30ports_double_FIFO/datalogger/design_1_wrapper_1/export/design_1_wrapper_1/sw/design_1_wrapper_1/standalone_psu_cortexa53_0/bspinclude/include -MMD -MP -MF"src/helloworld.d" -MT"src/helloworld.o" -o "src/helloworld.o" "../src/helloworld.c"
In file included from /export/zd-fs/00_shared_folder/projects/02-NG-Datalogger/20-Baseline/13.proj_dl3_v1r1/fpga/dl3a_v1.0_5EV_SGMII_MAC1G_30ports_double_FIFO/datalogger/design_1_wrapper_1/export/design_1_wrapper_1/sw/design_1_wrapper_1/standalone_psu_cortexa53_0/bspinclude/include/xil_printf.h:16,
                 from ../src/helloworld.c:50:
/export/zd-fs/00_shared_folder/projects/02-NG-Datalogger/20-Baseline/13.proj_dl3_v1r1/fpga/dl3a_v1.0_5EV_SGMII_MAC1G_30ports_double_FIFO/datalogger/design_1_wrapper_1/export/design_1_wrapper_1/sw/design_1_wrapper_1/standalone_psu_cortexa53_0/bspinclude/include/xparameters.h:565: warning: "XPAR_CANFD_2_DEVICE_ID" redefined
  565 | #define XPAR_CANFD_2_DEVICE_ID 4U
      | 
/export/zd-fs/00_shared_folder/projects/02-NG-Datalogger/20-Baseline/13.proj_dl3_v1r1/fpga/dl3a_v1.0_5EV_SGMII_MAC1G_30ports_double_FIFO/datalogger/design_1_wrapper_1/export/design_1_wrapper_1/sw/design_1_wrapper_1/standalone_psu_cortexa53_0/bspinclude/include/xparameters.h:537: note: this is the location of the previous definition
  537 | #define XPAR_CANFD_2_DEVICE_ID 2U
      | 
/export/zd-fs/00_shared_folder/projects/02-NG-Datalogger/20-Baseline/13.proj_dl3_v1r1/fpga/dl3a_v1.0_5EV_SGMII_MAC1G_30ports_double_FIFO/datalogger/design_1_wrapper_1/export/design_1_wrapper_1/sw/design_1_wrapper_1/standalone_psu_cortexa53_0/bspinclude/include/xparameters.h:566: warning: "XPAR_CANFD_2_BASEADDR" redefined
  566 | #define XPAR_CANFD_2_BASEADDR 0xA0180000U
      | 
/export/zd-fs/00_shared_folder/projects/02-NG-Datalogger/20-Baseline/13.proj_dl3_v1r1/fpga/dl3a_v1.0_5EV_SGMII_MAC1G_30ports_double_FIFO/datalogger/design_1_wrapper_1/export/design_1_wrapper_1/sw/design_1_wrapper_1/standalone_psu_cortexa53_0/bspinclude/include/xparameters.h:538: note: this is the location of the previous definition
  538 | #define XPAR_CANFD_2_BASEADDR 0xA0160000U
      | 
/export/zd-fs/00_shared_folder/projects/02-NG-Datalogger/20-Baseline/13.proj_dl3_v1r1/fpga/dl3a_v1.0_5EV_SGMII_MAC1G_30ports_double_FIFO/datalogger/design_1_wrapper_1/export/design_1_wrapper_1/sw/design_1_wrapper_1/standalone_psu_cortexa53_0/bspinclude/include/xparameters.h:584: warning: "XPAR_CANFD_3_DEVICE_ID" redefined
  584 | #define XPAR_CANFD_3_DEVICE_ID 5U
      | 
/export/zd-fs/00_shared_folder/projects/02-NG-Datalogger/20-Baseline/13.proj_dl3_v1r1/fpga/dl3a_v1.0_5EV_SGMII_MAC1G_30ports_double_FIFO/datalogger/design_1_wrapper_1/export/design_1_wrapper_1/sw/design_1_wrapper_1/standalone_psu_cortexa53_0/bspinclude/include/xparameters.h:556: note: this is the location of the previous definition
  556 | #define XPAR_CANFD_3_DEVICE_ID 3U
      | 
/export/zd-fs/00_shared_folder/projects/02-NG-Datalogger/20-Baseline/13.proj_dl3_v1r1/fpga/dl3a_v1.0_5EV_SGMII_MAC1G_30ports_double_FIFO/datalogger/design_1_wrapper_1/export/design_1_wrapper_1/sw/design_1_wrapper_1/standalone_psu_cortexa53_0/bspinclude/include/xparameters.h:585: warning: "XPAR_CANFD_3_BASEADDR" redefined
  585 | #define XPAR_CANFD_3_BASEADDR 0xA0190000U
      | 
/export/zd-fs/00_shared_folder/projects/02-NG-Datalogger/20-Baseline/13.proj_dl3_v1r1/fpga/dl3a_v1.0_5EV_SGMII_MAC1G_30ports_double_FIFO/datalogger/design_1_wrapper_1/export/design_1_wrapper_1/sw/design_1_wrapper_1/standalone_psu_cortexa53_0/bspinclude/include/xparameters.h:557: note: this is the location of the previous definition
  557 | #define XPAR_CANFD_3_BASEADDR 0xA0170000U
      | 
/export/zd-fs/00_shared_folder/projects/02-NG-Datalogger/20-Baseline/13.proj_dl3_v1r1/fpga/dl3a_v1.0_5EV_SGMII_MAC1G_30ports_double_FIFO/datalogger/design_1_wrapper_1/export/design_1_wrapper_1/sw/design_1_wrapper_1/standalone_psu_cortexa53_0/bspinclude/include/xparameters.h:603: warning: "XPAR_CANFD_4_DEVICE_ID" redefined
  603 | #define XPAR_CANFD_4_DEVICE_ID 6U
      | 
/export/zd-fs/00_shared_folder/projects/02-NG-Datalogger/20-Baseline/13.proj_dl3_v1r1/fpga/dl3a_v1.0_5EV_SGMII_MAC1G_30ports_double_FIFO/datalogger/design_1_wrapper_1/export/design_1_wrapper_1/sw/design_1_wrapper_1/standalone_psu_cortexa53_0/bspinclude/include/xparameters.h:575: note: this is the location of the previous definition
  575 | #define XPAR_CANFD_4_DEVICE_ID 4U
      | 
/export/zd-fs/00_shared_folder/projects/02-NG-Datalogger/20-Baseline/13.proj_dl3_v1r1/fpga/dl3a_v1.0_5EV_SGMII_MAC1G_30ports_double_FIFO/datalogger/design_1_wrapper_1/export/design_1_wrapper_1/sw/design_1_wrapper_1/standalone_psu_cortexa53_0/bspinclude/include/xparameters.h:604: warning: "XPAR_CANFD_4_BASEADDR" redefined
  604 | #define XPAR_CANFD_4_BASEADDR 0xA01A0000U
      | 
/export/zd-fs/00_shared_folder/projects/02-NG-Datalogger/20-Baseline/13.proj_dl3_v1r1/fpga/dl3a_v1.0_5EV_SGMII_MAC1G_30ports_double_FIFO/datalogger/design_1_wrapper_1/export/design_1_wrapper_1/sw/design_1_wrapper_1/standalone_psu_cortexa53_0/bspinclude/include/xparameters.h:576: note: this is the location of the previous definition
  576 | #define XPAR_CANFD_4_BASEADDR 0xA0180000U
      | 
/export/zd-fs/00_shared_folder/projects/02-NG-Datalogger/20-Baseline/13.proj_dl3_v1r1/fpga/dl3a_v1.0_5EV_SGMII_MAC1G_30ports_double_FIFO/datalogger/design_1_wrapper_1/export/design_1_wrapper_1/sw/design_1_wrapper_1/standalone_psu_cortexa53_0/bspinclude/include/xparameters.h:622: warning: "XPAR_CANFD_5_DEVICE_ID" redefined
  622 | #define XPAR_CANFD_5_DEVICE_ID 7U
      | 
/export/zd-fs/00_shared_folder/projects/02-NG-Datalogger/20-Baseline/13.proj_dl3_v1r1/fpga/dl3a_v1.0_5EV_SGMII_MAC1G_30ports_double_FIFO/datalogger/design_1_wrapper_1/export/design_1_wrapper_1/sw/design_1_wrapper_1/standalone_psu_cortexa53_0/bspinclude/include/xparameters.h:594: note: this is the location of the previous definition
  594 | #define XPAR_CANFD_5_DEVICE_ID 5U
      | 
/export/zd-fs/00_shared_folder/projects/02-NG-Datalogger/20-Baseline/13.proj_dl3_v1r1/fpga/dl3a_v1.0_5EV_SGMII_MAC1G_30ports_double_FIFO/datalogger/design_1_wrapper_1/export/design_1_wrapper_1/sw/design_1_wrapper_1/standalone_psu_cortexa53_0/bspinclude/include/xparameters.h:623: warning: "XPAR_CANFD_5_BASEADDR" redefined
  623 | #define XPAR_CANFD_5_BASEADDR 0xA01B0000U
      | 
/export/zd-fs/00_shared_folder/projects/02-NG-Datalogger/20-Baseline/13.proj_dl3_v1r1/fpga/dl3a_v1.0_5EV_SGMII_MAC1G_30ports_double_FIFO/datalogger/design_1_wrapper_1/export/design_1_wrapper_1/sw/design_1_wrapper_1/standalone_psu_cortexa53_0/bspinclude/include/xparameters.h:595: note: this is the location of the previous definition
  595 | #define XPAR_CANFD_5_BASEADDR 0xA0190000U
      | 
/export/zd-fs/00_shared_folder/projects/02-NG-Datalogger/20-Baseline/13.proj_dl3_v1r1/fpga/dl3a_v1.0_5EV_SGMII_MAC1G_30ports_double_FIFO/datalogger/design_1_wrapper_1/export/design_1_wrapper_1/sw/design_1_wrapper_1/standalone_psu_cortexa53_0/bspinclude/include/xparameters.h:641: warning: "XPAR_CANFD_6_DEVICE_ID" redefined
  641 | #define XPAR_CANFD_6_DEVICE_ID 8U
      | 
/export/zd-fs/00_shared_folder/projects/02-NG-Datalogger/20-Baseline/13.proj_dl3_v1r1/fpga/dl3a_v1.0_5EV_SGMII_MAC1G_30ports_double_FIFO/datalogger/design_1_wrapper_1/export/design_1_wrapper_1/sw/design_1_wrapper_1/standalone_psu_cortexa53_0/bspinclude/include/xparameters.h:613: note: this is the location of the previous definition
  613 | #define XPAR_CANFD_6_DEVICE_ID 6U
      | 
/export/zd-fs/00_shared_folder/projects/02-NG-Datalogger/20-Baseline/13.proj_dl3_v1r1/fpga/dl3a_v1.0_5EV_SGMII_MAC1G_30ports_double_FIFO/datalogger/design_1_wrapper_1/export/design_1_wrapper_1/sw/design_1_wrapper_1/standalone_psu_cortexa53_0/bspinclude/include/xparameters.h:642: warning: "XPAR_CANFD_6_BASEADDR" redefined
  642 | #define XPAR_CANFD_6_BASEADDR 0xA01C0000U
      | 
/export/zd-fs/00_shared_folder/projects/02-NG-Datalogger/20-Baseline/13.proj_dl3_v1r1/fpga/dl3a_v1.0_5EV_SGMII_MAC1G_30ports_double_FIFO/datalogger/design_1_wrapper_1/export/design_1_wrapper_1/sw/design_1_wrapper_1/standalone_psu_cortexa53_0/bspinclude/include/xparameters.h:614: note: this is the location of the previous definition
  614 | #define XPAR_CANFD_6_BASEADDR 0xA01A0000U
      | 
/export/zd-fs/00_shared_folder/projects/02-NG-Datalogger/20-Baseline/13.proj_dl3_v1r1/fpga/dl3a_v1.0_5EV_SGMII_MAC1G_30ports_double_FIFO/datalogger/design_1_wrapper_1/export/design_1_wrapper_1/sw/design_1_wrapper_1/standalone_psu_cortexa53_0/bspinclude/include/xparameters.h:660: warning: "XPAR_CANFD_7_DEVICE_ID" redefined
  660 | #define XPAR_CANFD_7_DEVICE_ID 9U
      | 
/export/zd-fs/00_shared_folder/projects/02-NG-Datalogger/20-Baseline/13.proj_dl3_v1r1/fpga/dl3a_v1.0_5EV_SGMII_MAC1G_30ports_double_FIFO/datalogger/design_1_wrapper_1/export/design_1_wrapper_1/sw/design_1_wrapper_1/standalone_psu_cortexa53_0/bspinclude/include/xparameters.h:632: note: this is the location of the previous definition
  632 | #define XPAR_CANFD_7_DEVICE_ID 7U
      | 
/export/zd-fs/00_shared_folder/projects/02-NG-Datalogger/20-Baseline/13.proj_dl3_v1r1/fpga/dl3a_v1.0_5EV_SGMII_MAC1G_30ports_double_FIFO/datalogger/design_1_wrapper_1/export/design_1_wrapper_1/sw/design_1_wrapper_1/standalone_psu_cortexa53_0/bspinclude/include/xparameters.h:661: warning: "XPAR_CANFD_7_BASEADDR" redefined
  661 | #define XPAR_CANFD_7_BASEADDR 0xA01D0000U
      | 
/export/zd-fs/00_shared_folder/projects/02-NG-Datalogger/20-Baseline/13.proj_dl3_v1r1/fpga/dl3a_v1.0_5EV_SGMII_MAC1G_30ports_double_FIFO/datalogger/design_1_wrapper_1/export/design_1_wrapper_1/sw/design_1_wrapper_1/standalone_psu_cortexa53_0/bspinclude/include/xparameters.h:633: note: this is the location of the previous definition
  633 | #define XPAR_CANFD_7_BASEADDR 0xA01B0000U
      | 
/export/zd-fs/00_shared_folder/projects/02-NG-Datalogger/20-Baseline/13.proj_dl3_v1r1/fpga/dl3a_v1.0_5EV_SGMII_MAC1G_30ports_double_FIFO/datalogger/design_1_wrapper_1/export/design_1_wrapper_1/sw/design_1_wrapper_1/standalone_psu_cortexa53_0/bspinclude/include/xparameters.h:679: warning: "XPAR_CANFD_8_DEVICE_ID" redefined
  679 | #define XPAR_CANFD_8_DEVICE_ID 10U
      | 
/export/zd-fs/00_shared_folder/projects/02-NG-Datalogger/20-Baseline/13.proj_dl3_v1r1/fpga/dl3a_v1.0_5EV_SGMII_MAC1G_30ports_double_FIFO/datalogger/design_1_wrapper_1/export/design_1_wrapper_1/sw/design_1_wrapper_1/standalone_psu_cortexa53_0/bspinclude/include/xparameters.h:651: note: this is the location of the previous definition
  651 | #define XPAR_CANFD_8_DEVICE_ID 8U
      | 
/export/zd-fs/00_shared_folder/projects/02-NG-Datalogger/20-Baseline/13.proj_dl3_v1r1/fpga/dl3a_v1.0_5EV_SGMII_MAC1G_30ports_double_FIFO/datalogger/design_1_wrapper_1/export/design_1_wrapper_1/sw/design_1_wrapper_1/standalone_psu_cortexa53_0/bspinclude/include/xparameters.h:680: warning: "XPAR_CANFD_8_BASEADDR" redefined
  680 | #define XPAR_CANFD_8_BASEADDR 0xA01E0000U
      | 
/export/zd-fs/00_shared_folder/projects/02-NG-Datalogger/20-Baseline/13.proj_dl3_v1r1/fpga/dl3a_v1.0_5EV_SGMII_MAC1G_30ports_double_FIFO/datalogger/design_1_wrapper_1/export/design_1_wrapper_1/sw/design_1_wrapper_1/standalone_psu_cortexa53_0/bspinclude/include/xparameters.h:652: note: this is the location of the previous definition
  652 | #define XPAR_CANFD_8_BASEADDR 0xA01C0000U
      | 
/export/zd-fs/00_shared_folder/projects/02-NG-Datalogger/20-Baseline/13.proj_dl3_v1r1/fpga/dl3a_v1.0_5EV_SGMII_MAC1G_30ports_double_FIFO/datalogger/design_1_wrapper_1/export/design_1_wrapper_1/sw/design_1_wrapper_1/standalone_psu_cortexa53_0/bspinclude/include/xparameters.h:689: warning: "XPAR_CANFD_10_DEVICE_ID" redefined
  689 | #define XPAR_CANFD_10_DEVICE_ID 10U
      | 
/export/zd-fs/00_shared_folder/projects/02-NG-Datalogger/20-Baseline/13.proj_dl3_v1r1/fpga/dl3a_v1.0_5EV_SGMII_MAC1G_30ports_double_FIFO/datalogger/design_1_wrapper_1/export/design_1_wrapper_1/sw/design_1_wrapper_1/standalone_psu_cortexa53_0/bspinclude/include/xparameters.h:527: note: this is the location of the previous definition
  527 | #define XPAR_CANFD_10_DEVICE_ID 2U
      | 
/export/zd-fs/00_shared_folder/projects/02-NG-Datalogger/20-Baseline/13.proj_dl3_v1r1/fpga/dl3a_v1.0_5EV_SGMII_MAC1G_30ports_double_FIFO/datalogger/design_1_wrapper_1/export/design_1_wrapper_1/sw/design_1_wrapper_1/standalone_psu_cortexa53_0/bspinclude/include/xparameters.h:690: warning: "XPAR_CANFD_10_BASEADDR" redefined
  690 | #define XPAR_CANFD_10_BASEADDR 0xA01E0000U
      | 
/export/zd-fs/00_shared_folder/projects/02-NG-Datalogger/20-Baseline/13.proj_dl3_v1r1/fpga/dl3a_v1.0_5EV_SGMII_MAC1G_30ports_double_FIFO/datalogger/design_1_wrapper_1/export/design_1_wrapper_1/sw/design_1_wrapper_1/standalone_psu_cortexa53_0/bspinclude/include/xparameters.h:528: note: this is the location of the previous definition
  528 | #define XPAR_CANFD_10_BASEADDR 0xA0160000U
      | 
/export/zd-fs/00_shared_folder/projects/02-NG-Datalogger/20-Baseline/13.proj_dl3_v1r1/fpga/dl3a_v1.0_5EV_SGMII_MAC1G_30ports_double_FIFO/datalogger/design_1_wrapper_1/export/design_1_wrapper_1/sw/design_1_wrapper_1/standalone_psu_cortexa53_0/bspinclude/include/xparameters.h:698: warning: "XPAR_CANFD_9_DEVICE_ID" redefined
  698 | #define XPAR_CANFD_9_DEVICE_ID 11U
      | 
/export/zd-fs/00_shared_folder/projects/02-NG-Datalogger/20-Baseline/13.proj_dl3_v1r1/fpga/dl3a_v1.0_5EV_SGMII_MAC1G_30ports_double_FIFO/datalogger/design_1_wrapper_1/export/design_1_wrapper_1/sw/design_1_wrapper_1/standalone_psu_cortexa53_0/bspinclude/include/xparameters.h:670: note: this is the location of the previous definition
  670 | #define XPAR_CANFD_9_DEVICE_ID 9U
      | 
/export/zd-fs/00_shared_folder/projects/02-NG-Datalogger/20-Baseline/13.proj_dl3_v1r1/fpga/dl3a_v1.0_5EV_SGMII_MAC1G_30ports_double_FIFO/datalogger/design_1_wrapper_1/export/design_1_wrapper_1/sw/design_1_wrapper_1/standalone_psu_cortexa53_0/bspinclude/include/xparameters.h:699: warning: "XPAR_CANFD_9_BASEADDR" redefined
  699 | #define XPAR_CANFD_9_BASEADDR 0xA01F0000U
      | 
/export/zd-fs/00_shared_folder/projects/02-NG-Datalogger/20-Baseline/13.proj_dl3_v1r1/fpga/dl3a_v1.0_5EV_SGMII_MAC1G_30ports_double_FIFO/datalogger/design_1_wrapper_1/export/design_1_wrapper_1/sw/design_1_wrapper_1/standalone_psu_cortexa53_0/bspinclude/include/xparameters.h:671: note: this is the location of the previous definition
  671 | #define XPAR_CANFD_9_BASEADDR 0xA01D0000U
      | 
/export/zd-fs/00_shared_folder/projects/02-NG-Datalogger/20-Baseline/13.proj_dl3_v1r1/fpga/dl3a_v1.0_5EV_SGMII_MAC1G_30ports_double_FIFO/datalogger/design_1_wrapper_1/export/design_1_wrapper_1/sw/design_1_wrapper_1/standalone_psu_cortexa53_0/bspinclude/include/xparameters.h:708: warning: "XPAR_CANFD_11_DEVICE_ID" redefined
  708 | #define XPAR_CANFD_11_DEVICE_ID 11U
      | 
/export/zd-fs/00_shared_folder/projects/02-NG-Datalogger/20-Baseline/13.proj_dl3_v1r1/fpga/dl3a_v1.0_5EV_SGMII_MAC1G_30ports_double_FIFO/datalogger/design_1_wrapper_1/export/design_1_wrapper_1/sw/design_1_wrapper_1/standalone_psu_cortexa53_0/bspinclude/include/xparameters.h:546: note: this is the location of the previous definition
  546 | #define XPAR_CANFD_11_DEVICE_ID 3U
      | 
/export/zd-fs/00_shared_folder/projects/02-NG-Datalogger/20-Baseline/13.proj_dl3_v1r1/fpga/dl3a_v1.0_5EV_SGMII_MAC1G_30ports_double_FIFO/datalogger/design_1_wrapper_1/export/design_1_wrapper_1/sw/design_1_wrapper_1/standalone_psu_cortexa53_0/bspinclude/include/xparameters.h:709: warning: "XPAR_CANFD_11_BASEADDR" redefined
  709 | #define XPAR_CANFD_11_BASEADDR 0xA01F0000U
      | 
/export/zd-fs/00_shared_folder/projects/02-NG-Datalogger/20-Baseline/13.proj_dl3_v1r1/fpga/dl3a_v1.0_5EV_SGMII_MAC1G_30ports_double_FIFO/datalogger/design_1_wrapper_1/export/design_1_wrapper_1/sw/design_1_wrapper_1/standalone_psu_cortexa53_0/bspinclude/include/xparameters.h:547: note: this is the location of the previous definition
  547 | #define XPAR_CANFD_11_BASEADDR 0xA0170000U
      | 
Finished building: ../src/helloworld.c
 
Building file: ../src/platform.c
Invoking: ARM v8 gcc compiler
aarch64-none-elf-gcc -Wall -O2 -c -fmessage-length=0 -MT"src/platform.o" -I/export/zd-fs/00_shared_folder/projects/02-NG-Datalogger/20-Baseline/13.proj_dl3_v1r1/fpga/dl3a_v1.0_5EV_SGMII_MAC1G_30ports_double_FIFO/datalogger/design_1_wrapper_1/export/design_1_wrapper_1/sw/design_1_wrapper_1/standalone_psu_cortexa53_0/bspinclude/include -MMD -MP -MF"src/platform.d" -MT"src/platform.o" -o "src/platform.o" "../src/platform.c"
In file included from ../src/platform.c:33:
/export/zd-fs/00_shared_folder/projects/02-NG-Datalogger/20-Baseline/13.proj_dl3_v1r1/fpga/dl3a_v1.0_5EV_SGMII_MAC1G_30ports_double_FIFO/datalogger/design_1_wrapper_1/export/design_1_wrapper_1/sw/design_1_wrapper_1/standalone_psu_cortexa53_0/bspinclude/include/xparameters.h:565: warning: "XPAR_CANFD_2_DEVICE_ID" redefined
  565 | #define XPAR_CANFD_2_DEVICE_ID 4U
      | 
/export/zd-fs/00_shared_folder/projects/02-NG-Datalogger/20-Baseline/13.proj_dl3_v1r1/fpga/dl3a_v1.0_5EV_SGMII_MAC1G_30ports_double_FIFO/datalogger/design_1_wrapper_1/export/design_1_wrapper_1/sw/design_1_wrapper_1/standalone_psu_cortexa53_0/bspinclude/include/xparameters.h:537: note: this is the location of the previous definition
  537 | #define XPAR_CANFD_2_DEVICE_ID 2U
      | 
/export/zd-fs/00_shared_folder/projects/02-NG-Datalogger/20-Baseline/13.proj_dl3_v1r1/fpga/dl3a_v1.0_5EV_SGMII_MAC1G_30ports_double_FIFO/datalogger/design_1_wrapper_1/export/design_1_wrapper_1/sw/design_1_wrapper_1/standalone_psu_cortexa53_0/bspinclude/include/xparameters.h:566: warning: "XPAR_CANFD_2_BASEADDR" redefined
  566 | #define XPAR_CANFD_2_BASEADDR 0xA0180000U
      | 
/export/zd-fs/00_shared_folder/projects/02-NG-Datalogger/20-Baseline/13.proj_dl3_v1r1/fpga/dl3a_v1.0_5EV_SGMII_MAC1G_30ports_double_FIFO/datalogger/design_1_wrapper_1/export/design_1_wrapper_1/sw/design_1_wrapper_1/standalone_psu_cortexa53_0/bspinclude/include/xparameters.h:538: note: this is the location of the previous definition
  538 | #define XPAR_CANFD_2_BASEADDR 0xA0160000U
      | 
/export/zd-fs/00_shared_folder/projects/02-NG-Datalogger/20-Baseline/13.proj_dl3_v1r1/fpga/dl3a_v1.0_5EV_SGMII_MAC1G_30ports_double_FIFO/datalogger/design_1_wrapper_1/export/design_1_wrapper_1/sw/design_1_wrapper_1/standalone_psu_cortexa53_0/bspinclude/include/xparameters.h:584: warning: "XPAR_CANFD_3_DEVICE_ID" redefined
  584 | #define XPAR_CANFD_3_DEVICE_ID 5U
      | 
/export/zd-fs/00_shared_folder/projects/02-NG-Datalogger/20-Baseline/13.proj_dl3_v1r1/fpga/dl3a_v1.0_5EV_SGMII_MAC1G_30ports_double_FIFO/datalogger/design_1_wrapper_1/export/design_1_wrapper_1/sw/design_1_wrapper_1/standalone_psu_cortexa53_0/bspinclude/include/xparameters.h:556: note: this is the location of the previous definition
  556 | #define XPAR_CANFD_3_DEVICE_ID 3U
      | 
/export/zd-fs/00_shared_folder/projects/02-NG-Datalogger/20-Baseline/13.proj_dl3_v1r1/fpga/dl3a_v1.0_5EV_SGMII_MAC1G_30ports_double_FIFO/datalogger/design_1_wrapper_1/export/design_1_wrapper_1/sw/design_1_wrapper_1/standalone_psu_cortexa53_0/bspinclude/include/xparameters.h:585: warning: "XPAR_CANFD_3_BASEADDR" redefined
  585 | #define XPAR_CANFD_3_BASEADDR 0xA0190000U
      | 
/export/zd-fs/00_shared_folder/projects/02-NG-Datalogger/20-Baseline/13.proj_dl3_v1r1/fpga/dl3a_v1.0_5EV_SGMII_MAC1G_30ports_double_FIFO/datalogger/design_1_wrapper_1/export/design_1_wrapper_1/sw/design_1_wrapper_1/standalone_psu_cortexa53_0/bspinclude/include/xparameters.h:557: note: this is the location of the previous definition
  557 | #define XPAR_CANFD_3_BASEADDR 0xA0170000U
      | 
/export/zd-fs/00_shared_folder/projects/02-NG-Datalogger/20-Baseline/13.proj_dl3_v1r1/fpga/dl3a_v1.0_5EV_SGMII_MAC1G_30ports_double_FIFO/datalogger/design_1_wrapper_1/export/design_1_wrapper_1/sw/design_1_wrapper_1/standalone_psu_cortexa53_0/bspinclude/include/xparameters.h:603: warning: "XPAR_CANFD_4_DEVICE_ID" redefined
  603 | #define XPAR_CANFD_4_DEVICE_ID 6U
      | 
/export/zd-fs/00_shared_folder/projects/02-NG-Datalogger/20-Baseline/13.proj_dl3_v1r1/fpga/dl3a_v1.0_5EV_SGMII_MAC1G_30ports_double_FIFO/datalogger/design_1_wrapper_1/export/design_1_wrapper_1/sw/design_1_wrapper_1/standalone_psu_cortexa53_0/bspinclude/include/xparameters.h:575: note: this is the location of the previous definition
  575 | #define XPAR_CANFD_4_DEVICE_ID 4U
      | 
/export/zd-fs/00_shared_folder/projects/02-NG-Datalogger/20-Baseline/13.proj_dl3_v1r1/fpga/dl3a_v1.0_5EV_SGMII_MAC1G_30ports_double_FIFO/datalogger/design_1_wrapper_1/export/design_1_wrapper_1/sw/design_1_wrapper_1/standalone_psu_cortexa53_0/bspinclude/include/xparameters.h:604: warning: "XPAR_CANFD_4_BASEADDR" redefined
  604 | #define XPAR_CANFD_4_BASEADDR 0xA01A0000U
      | 
/export/zd-fs/00_shared_folder/projects/02-NG-Datalogger/20-Baseline/13.proj_dl3_v1r1/fpga/dl3a_v1.0_5EV_SGMII_MAC1G_30ports_double_FIFO/datalogger/design_1_wrapper_1/export/design_1_wrapper_1/sw/design_1_wrapper_1/standalone_psu_cortexa53_0/bspinclude/include/xparameters.h:576: note: this is the location of the previous definition
  576 | #define XPAR_CANFD_4_BASEADDR 0xA0180000U
      | 
/export/zd-fs/00_shared_folder/projects/02-NG-Datalogger/20-Baseline/13.proj_dl3_v1r1/fpga/dl3a_v1.0_5EV_SGMII_MAC1G_30ports_double_FIFO/datalogger/design_1_wrapper_1/export/design_1_wrapper_1/sw/design_1_wrapper_1/standalone_psu_cortexa53_0/bspinclude/include/xparameters.h:622: warning: "XPAR_CANFD_5_DEVICE_ID" redefined
  622 | #define XPAR_CANFD_5_DEVICE_ID 7U
      | 
/export/zd-fs/00_shared_folder/projects/02-NG-Datalogger/20-Baseline/13.proj_dl3_v1r1/fpga/dl3a_v1.0_5EV_SGMII_MAC1G_30ports_double_FIFO/datalogger/design_1_wrapper_1/export/design_1_wrapper_1/sw/design_1_wrapper_1/standalone_psu_cortexa53_0/bspinclude/include/xparameters.h:594: note: this is the location of the previous definition
  594 | #define XPAR_CANFD_5_DEVICE_ID 5U
      | 
/export/zd-fs/00_shared_folder/projects/02-NG-Datalogger/20-Baseline/13.proj_dl3_v1r1/fpga/dl3a_v1.0_5EV_SGMII_MAC1G_30ports_double_FIFO/datalogger/design_1_wrapper_1/export/design_1_wrapper_1/sw/design_1_wrapper_1/standalone_psu_cortexa53_0/bspinclude/include/xparameters.h:623: warning: "XPAR_CANFD_5_BASEADDR" redefined
  623 | #define XPAR_CANFD_5_BASEADDR 0xA01B0000U
      | 
/export/zd-fs/00_shared_folder/projects/02-NG-Datalogger/20-Baseline/13.proj_dl3_v1r1/fpga/dl3a_v1.0_5EV_SGMII_MAC1G_30ports_double_FIFO/datalogger/design_1_wrapper_1/export/design_1_wrapper_1/sw/design_1_wrapper_1/standalone_psu_cortexa53_0/bspinclude/include/xparameters.h:595: note: this is the location of the previous definition
  595 | #define XPAR_CANFD_5_BASEADDR 0xA0190000U
      | 
/export/zd-fs/00_shared_folder/projects/02-NG-Datalogger/20-Baseline/13.proj_dl3_v1r1/fpga/dl3a_v1.0_5EV_SGMII_MAC1G_30ports_double_FIFO/datalogger/design_1_wrapper_1/export/design_1_wrapper_1/sw/design_1_wrapper_1/standalone_psu_cortexa53_0/bspinclude/include/xparameters.h:641: warning: "XPAR_CANFD_6_DEVICE_ID" redefined
  641 | #define XPAR_CANFD_6_DEVICE_ID 8U
      | 
/export/zd-fs/00_shared_folder/projects/02-NG-Datalogger/20-Baseline/13.proj_dl3_v1r1/fpga/dl3a_v1.0_5EV_SGMII_MAC1G_30ports_double_FIFO/datalogger/design_1_wrapper_1/export/design_1_wrapper_1/sw/design_1_wrapper_1/standalone_psu_cortexa53_0/bspinclude/include/xparameters.h:613: note: this is the location of the previous definition
  613 | #define XPAR_CANFD_6_DEVICE_ID 6U
      | 
/export/zd-fs/00_shared_folder/projects/02-NG-Datalogger/20-Baseline/13.proj_dl3_v1r1/fpga/dl3a_v1.0_5EV_SGMII_MAC1G_30ports_double_FIFO/datalogger/design_1_wrapper_1/export/design_1_wrapper_1/sw/design_1_wrapper_1/standalone_psu_cortexa53_0/bspinclude/include/xparameters.h:642: warning: "XPAR_CANFD_6_BASEADDR" redefined
  642 | #define XPAR_CANFD_6_BASEADDR 0xA01C0000U
      | 
/export/zd-fs/00_shared_folder/projects/02-NG-Datalogger/20-Baseline/13.proj_dl3_v1r1/fpga/dl3a_v1.0_5EV_SGMII_MAC1G_30ports_double_FIFO/datalogger/design_1_wrapper_1/export/design_1_wrapper_1/sw/design_1_wrapper_1/standalone_psu_cortexa53_0/bspinclude/include/xparameters.h:614: note: this is the location of the previous definition
  614 | #define XPAR_CANFD_6_BASEADDR 0xA01A0000U
      | 
/export/zd-fs/00_shared_folder/projects/02-NG-Datalogger/20-Baseline/13.proj_dl3_v1r1/fpga/dl3a_v1.0_5EV_SGMII_MAC1G_30ports_double_FIFO/datalogger/design_1_wrapper_1/export/design_1_wrapper_1/sw/design_1_wrapper_1/standalone_psu_cortexa53_0/bspinclude/include/xparameters.h:660: warning: "XPAR_CANFD_7_DEVICE_ID" redefined
  660 | #define XPAR_CANFD_7_DEVICE_ID 9U
      | 
/export/zd-fs/00_shared_folder/projects/02-NG-Datalogger/20-Baseline/13.proj_dl3_v1r1/fpga/dl3a_v1.0_5EV_SGMII_MAC1G_30ports_double_FIFO/datalogger/design_1_wrapper_1/export/design_1_wrapper_1/sw/design_1_wrapper_1/standalone_psu_cortexa53_0/bspinclude/include/xparameters.h:632: note: this is the location of the previous definition
  632 | #define XPAR_CANFD_7_DEVICE_ID 7U
      | 
/export/zd-fs/00_shared_folder/projects/02-NG-Datalogger/20-Baseline/13.proj_dl3_v1r1/fpga/dl3a_v1.0_5EV_SGMII_MAC1G_30ports_double_FIFO/datalogger/design_1_wrapper_1/export/design_1_wrapper_1/sw/design_1_wrapper_1/standalone_psu_cortexa53_0/bspinclude/include/xparameters.h:661: warning: "XPAR_CANFD_7_BASEADDR" redefined
  661 | #define XPAR_CANFD_7_BASEADDR 0xA01D0000U
      | 
/export/zd-fs/00_shared_folder/projects/02-NG-Datalogger/20-Baseline/13.proj_dl3_v1r1/fpga/dl3a_v1.0_5EV_SGMII_MAC1G_30ports_double_FIFO/datalogger/design_1_wrapper_1/export/design_1_wrapper_1/sw/design_1_wrapper_1/standalone_psu_cortexa53_0/bspinclude/include/xparameters.h:633: note: this is the location of the previous definition
  633 | #define XPAR_CANFD_7_BASEADDR 0xA01B0000U
      | 
/export/zd-fs/00_shared_folder/projects/02-NG-Datalogger/20-Baseline/13.proj_dl3_v1r1/fpga/dl3a_v1.0_5EV_SGMII_MAC1G_30ports_double_FIFO/datalogger/design_1_wrapper_1/export/design_1_wrapper_1/sw/design_1_wrapper_1/standalone_psu_cortexa53_0/bspinclude/include/xparameters.h:679: warning: "XPAR_CANFD_8_DEVICE_ID" redefined
  679 | #define XPAR_CANFD_8_DEVICE_ID 10U
      | 
/export/zd-fs/00_shared_folder/projects/02-NG-Datalogger/20-Baseline/13.proj_dl3_v1r1/fpga/dl3a_v1.0_5EV_SGMII_MAC1G_30ports_double_FIFO/datalogger/design_1_wrapper_1/export/design_1_wrapper_1/sw/design_1_wrapper_1/standalone_psu_cortexa53_0/bspinclude/include/xparameters.h:651: note: this is the location of the previous definition
  651 | #define XPAR_CANFD_8_DEVICE_ID 8U
      | 
/export/zd-fs/00_shared_folder/projects/02-NG-Datalogger/20-Baseline/13.proj_dl3_v1r1/fpga/dl3a_v1.0_5EV_SGMII_MAC1G_30ports_double_FIFO/datalogger/design_1_wrapper_1/export/design_1_wrapper_1/sw/design_1_wrapper_1/standalone_psu_cortexa53_0/bspinclude/include/xparameters.h:680: warning: "XPAR_CANFD_8_BASEADDR" redefined
  680 | #define XPAR_CANFD_8_BASEADDR 0xA01E0000U
      | 
/export/zd-fs/00_shared_folder/projects/02-NG-Datalogger/20-Baseline/13.proj_dl3_v1r1/fpga/dl3a_v1.0_5EV_SGMII_MAC1G_30ports_double_FIFO/datalogger/design_1_wrapper_1/export/design_1_wrapper_1/sw/design_1_wrapper_1/standalone_psu_cortexa53_0/bspinclude/include/xparameters.h:652: note: this is the location of the previous definition
  652 | #define XPAR_CANFD_8_BASEADDR 0xA01C0000U
      | 
/export/zd-fs/00_shared_folder/projects/02-NG-Datalogger/20-Baseline/13.proj_dl3_v1r1/fpga/dl3a_v1.0_5EV_SGMII_MAC1G_30ports_double_FIFO/datalogger/design_1_wrapper_1/export/design_1_wrapper_1/sw/design_1_wrapper_1/standalone_psu_cortexa53_0/bspinclude/include/xparameters.h:689: warning: "XPAR_CANFD_10_DEVICE_ID" redefined
  689 | #define XPAR_CANFD_10_DEVICE_ID 10U
      | 
/export/zd-fs/00_shared_folder/projects/02-NG-Datalogger/20-Baseline/13.proj_dl3_v1r1/fpga/dl3a_v1.0_5EV_SGMII_MAC1G_30ports_double_FIFO/datalogger/design_1_wrapper_1/export/design_1_wrapper_1/sw/design_1_wrapper_1/standalone_psu_cortexa53_0/bspinclude/include/xparameters.h:527: note: this is the location of the previous definition
  527 | #define XPAR_CANFD_10_DEVICE_ID 2U
      | 
/export/zd-fs/00_shared_folder/projects/02-NG-Datalogger/20-Baseline/13.proj_dl3_v1r1/fpga/dl3a_v1.0_5EV_SGMII_MAC1G_30ports_double_FIFO/datalogger/design_1_wrapper_1/export/design_1_wrapper_1/sw/design_1_wrapper_1/standalone_psu_cortexa53_0/bspinclude/include/xparameters.h:690: warning: "XPAR_CANFD_10_BASEADDR" redefined
  690 | #define XPAR_CANFD_10_BASEADDR 0xA01E0000U
      | 
/export/zd-fs/00_shared_folder/projects/02-NG-Datalogger/20-Baseline/13.proj_dl3_v1r1/fpga/dl3a_v1.0_5EV_SGMII_MAC1G_30ports_double_FIFO/datalogger/design_1_wrapper_1/export/design_1_wrapper_1/sw/design_1_wrapper_1/standalone_psu_cortexa53_0/bspinclude/include/xparameters.h:528: note: this is the location of the previous definition
  528 | #define XPAR_CANFD_10_BASEADDR 0xA0160000U
      | 
/export/zd-fs/00_shared_folder/projects/02-NG-Datalogger/20-Baseline/13.proj_dl3_v1r1/fpga/dl3a_v1.0_5EV_SGMII_MAC1G_30ports_double_FIFO/datalogger/design_1_wrapper_1/export/design_1_wrapper_1/sw/design_1_wrapper_1/standalone_psu_cortexa53_0/bspinclude/include/xparameters.h:698: warning: "XPAR_CANFD_9_DEVICE_ID" redefined
  698 | #define XPAR_CANFD_9_DEVICE_ID 11U
      | 
/export/zd-fs/00_shared_folder/projects/02-NG-Datalogger/20-Baseline/13.proj_dl3_v1r1/fpga/dl3a_v1.0_5EV_SGMII_MAC1G_30ports_double_FIFO/datalogger/design_1_wrapper_1/export/design_1_wrapper_1/sw/design_1_wrapper_1/standalone_psu_cortexa53_0/bspinclude/include/xparameters.h:670: note: this is the location of the previous definition
  670 | #define XPAR_CANFD_9_DEVICE_ID 9U
      | 
/export/zd-fs/00_shared_folder/projects/02-NG-Datalogger/20-Baseline/13.proj_dl3_v1r1/fpga/dl3a_v1.0_5EV_SGMII_MAC1G_30ports_double_FIFO/datalogger/design_1_wrapper_1/export/design_1_wrapper_1/sw/design_1_wrapper_1/standalone_psu_cortexa53_0/bspinclude/include/xparameters.h:699: warning: "XPAR_CANFD_9_BASEADDR" redefined
  699 | #define XPAR_CANFD_9_BASEADDR 0xA01F0000U
      | 
/export/zd-fs/00_shared_folder/projects/02-NG-Datalogger/20-Baseline/13.proj_dl3_v1r1/fpga/dl3a_v1.0_5EV_SGMII_MAC1G_30ports_double_FIFO/datalogger/design_1_wrapper_1/export/design_1_wrapper_1/sw/design_1_wrapper_1/standalone_psu_cortexa53_0/bspinclude/include/xparameters.h:671: note: this is the location of the previous definition
  671 | #define XPAR_CANFD_9_BASEADDR 0xA01D0000U
      | 
/export/zd-fs/00_shared_folder/projects/02-NG-Datalogger/20-Baseline/13.proj_dl3_v1r1/fpga/dl3a_v1.0_5EV_SGMII_MAC1G_30ports_double_FIFO/datalogger/design_1_wrapper_1/export/design_1_wrapper_1/sw/design_1_wrapper_1/standalone_psu_cortexa53_0/bspinclude/include/xparameters.h:708: warning: "XPAR_CANFD_11_DEVICE_ID" redefined
  708 | #define XPAR_CANFD_11_DEVICE_ID 11U
      | 
/export/zd-fs/00_shared_folder/projects/02-NG-Datalogger/20-Baseline/13.proj_dl3_v1r1/fpga/dl3a_v1.0_5EV_SGMII_MAC1G_30ports_double_FIFO/datalogger/design_1_wrapper_1/export/design_1_wrapper_1/sw/design_1_wrapper_1/standalone_psu_cortexa53_0/bspinclude/include/xparameters.h:546: note: this is the location of the previous definition
  546 | #define XPAR_CANFD_11_DEVICE_ID 3U
      | 
/export/zd-fs/00_shared_folder/projects/02-NG-Datalogger/20-Baseline/13.proj_dl3_v1r1/fpga/dl3a_v1.0_5EV_SGMII_MAC1G_30ports_double_FIFO/datalogger/design_1_wrapper_1/export/design_1_wrapper_1/sw/design_1_wrapper_1/standalone_psu_cortexa53_0/bspinclude/include/xparameters.h:709: warning: "XPAR_CANFD_11_BASEADDR" redefined
  709 | #define XPAR_CANFD_11_BASEADDR 0xA01F0000U
      | 
/export/zd-fs/00_shared_folder/projects/02-NG-Datalogger/20-Baseline/13.proj_dl3_v1r1/fpga/dl3a_v1.0_5EV_SGMII_MAC1G_30ports_double_FIFO/datalogger/design_1_wrapper_1/export/design_1_wrapper_1/sw/design_1_wrapper_1/standalone_psu_cortexa53_0/bspinclude/include/xparameters.h:547: note: this is the location of the previous definition
  547 | #define XPAR_CANFD_11_BASEADDR 0xA0170000U
      | 
Finished building: ../src/platform.c
 
Building target: datalogger3_double_fifo.elf
Invoking: ARM v8 gcc linker
aarch64-none-elf-gcc -Wl,-T -Wl,../src/lscript.ld -L/export/zd-fs/00_shared_folder/projects/02-NG-Datalogger/20-Baseline/13.proj_dl3_v1r1/fpga/dl3a_v1.0_5EV_SGMII_MAC1G_30ports_double_FIFO/datalogger/design_1_wrapper_1/export/design_1_wrapper_1/sw/design_1_wrapper_1/standalone_psu_cortexa53_0/bsplib/lib -o "datalogger3_double_fifo.elf"  ./src/helloworld.o ./src/platform.o   -Wl,--start-group,-lxil,-lgcc,-lc,--end-group
Finished building target: datalogger3_double_fifo.elf
 
Invoking: ARM v8 Print Size
aarch64-none-elf-size datalogger3_double_fifo.elf  |tee "datalogger3_double_fifo.elf.size"
   text	   data	    bss	    dec	    hex	filename
  30204	   2048	  20676	  52928	   cec0	datalogger3_double_fifo.elf
Finished building: datalogger3_double_fifo.elf.size
 

13:35:12 Build Finished (took 390ms)

