16:42:06 **** Build of configuration Release for project datalogger3 ****
make all 
Building file: ../src/helloworld.c
Invoking: ARM v8 gcc compiler
aarch64-none-elf-gcc -Wall -O2 -c -fmessage-length=0 -MT"src/helloworld.o" -I/export/zd-fs/00_shared_folder/projects/02-NG-Datalogger/20-Baseline/13.proj_dl3_v1r1/fpga/dl3a_v1.0_5EV_SGMII_MAC1G_30ports_double_FIFO_pinned_64bit/datalogger/design_1_wrapper/export/design_1_wrapper/sw/design_1_wrapper/standalone_psu_cortexa53_0/bspinclude/include -MMD -MP -MF"src/helloworld.d" -MT"src/helloworld.o" -o "src/helloworld.o" "../src/helloworld.c"
In file included from /export/zd-fs/00_shared_folder/projects/02-NG-Datalogger/20-Baseline/13.proj_dl3_v1r1/fpga/dl3a_v1.0_5EV_SGMII_MAC1G_30ports_double_FIFO_pinned_64bit/datalogger/design_1_wrapper/export/design_1_wrapper/sw/design_1_wrapper/standalone_psu_cortexa53_0/bspinclude/include/xil_printf.h:16,
                 from ../src/helloworld.c:50:
/export/zd-fs/00_shared_folder/projects/02-NG-Datalogger/20-Baseline/13.proj_dl3_v1r1/fpga/dl3a_v1.0_5EV_SGMII_MAC1G_30ports_double_FIFO_pinned_64bit/datalogger/design_1_wrapper/export/design_1_wrapper/sw/design_1_wrapper/standalone_psu_cortexa53_0/bspinclude/include/xparameters.h:579: warning: "XPAR_CANFD_2_DEVICE_ID" redefined
  579 | #define XPAR_CANFD_2_DEVICE_ID 4U
      | 
/export/zd-fs/00_shared_folder/projects/02-NG-Datalogger/20-Baseline/13.proj_dl3_v1r1/fpga/dl3a_v1.0_5EV_SGMII_MAC1G_30ports_double_FIFO_pinned_64bit/datalogger/design_1_wrapper/export/design_1_wrapper/sw/design_1_wrapper/standalone_psu_cortexa53_0/bspinclude/include/xparameters.h:551: note: this is the location of the previous definition
  551 | #define XPAR_CANFD_2_DEVICE_ID 2U
      | 
/export/zd-fs/00_shared_folder/projects/02-NG-Datalogger/20-Baseline/13.proj_dl3_v1r1/fpga/dl3a_v1.0_5EV_SGMII_MAC1G_30ports_double_FIFO_pinned_64bit/datalogger/design_1_wrapper/export/design_1_wrapper/sw/design_1_wrapper/standalone_psu_cortexa53_0/bspinclude/include/xparameters.h:580: warning: "XPAR_CANFD_2_BASEADDR" redefined
  580 | #define XPAR_CANFD_2_BASEADDR 0xA0180000U
      | 
/export/zd-fs/00_shared_folder/projects/02-NG-Datalogger/20-Baseline/13.proj_dl3_v1r1/fpga/dl3a_v1.0_5EV_SGMII_MAC1G_30ports_double_FIFO_pinned_64bit/datalogger/design_1_wrapper/export/design_1_wrapper/sw/design_1_wrapper/standalone_psu_cortexa53_0/bspinclude/include/xparameters.h:552: note: this is the location of the previous definition
  552 | #define XPAR_CANFD_2_BASEADDR 0xA01E0000U
      | 
/export/zd-fs/00_shared_folder/projects/02-NG-Datalogger/20-Baseline/13.proj_dl3_v1r1/fpga/dl3a_v1.0_5EV_SGMII_MAC1G_30ports_double_FIFO_pinned_64bit/datalogger/design_1_wrapper/export/design_1_wrapper/sw/design_1_wrapper/standalone_psu_cortexa53_0/bspinclude/include/xparameters.h:598: warning: "XPAR_CANFD_3_DEVICE_ID" redefined
  598 | #define XPAR_CANFD_3_DEVICE_ID 5U
      | 
/export/zd-fs/00_shared_folder/projects/02-NG-Datalogger/20-Baseline/13.proj_dl3_v1r1/fpga/dl3a_v1.0_5EV_SGMII_MAC1G_30ports_double_FIFO_pinned_64bit/datalogger/design_1_wrapper/export/design_1_wrapper/sw/design_1_wrapper/standalone_psu_cortexa53_0/bspinclude/include/xparameters.h:570: note: this is the location of the previous definition
  570 | #define XPAR_CANFD_3_DEVICE_ID 3U
      | 
/export/zd-fs/00_shared_folder/projects/02-NG-Datalogger/20-Baseline/13.proj_dl3_v1r1/fpga/dl3a_v1.0_5EV_SGMII_MAC1G_30ports_double_FIFO_pinned_64bit/datalogger/design_1_wrapper/export/design_1_wrapper/sw/design_1_wrapper/standalone_psu_cortexa53_0/bspinclude/include/xparameters.h:599: warning: "XPAR_CANFD_3_BASEADDR" redefined
  599 | #define XPAR_CANFD_3_BASEADDR 0xA0160000U
      | 
/export/zd-fs/00_shared_folder/projects/02-NG-Datalogger/20-Baseline/13.proj_dl3_v1r1/fpga/dl3a_v1.0_5EV_SGMII_MAC1G_30ports_double_FIFO_pinned_64bit/datalogger/design_1_wrapper/export/design_1_wrapper/sw/design_1_wrapper/standalone_psu_cortexa53_0/bspinclude/include/xparameters.h:571: note: this is the location of the previous definition
  571 | #define XPAR_CANFD_3_BASEADDR 0xA01F0000U
      | 
/export/zd-fs/00_shared_folder/projects/02-NG-Datalogger/20-Baseline/13.proj_dl3_v1r1/fpga/dl3a_v1.0_5EV_SGMII_MAC1G_30ports_double_FIFO_pinned_64bit/datalogger/design_1_wrapper/export/design_1_wrapper/sw/design_1_wrapper/standalone_psu_cortexa53_0/bspinclude/include/xparameters.h:617: warning: "XPAR_CANFD_4_DEVICE_ID" redefined
  617 | #define XPAR_CANFD_4_DEVICE_ID 6U
      | 
/export/zd-fs/00_shared_folder/projects/02-NG-Datalogger/20-Baseline/13.proj_dl3_v1r1/fpga/dl3a_v1.0_5EV_SGMII_MAC1G_30ports_double_FIFO_pinned_64bit/datalogger/design_1_wrapper/export/design_1_wrapper/sw/design_1_wrapper/standalone_psu_cortexa53_0/bspinclude/include/xparameters.h:589: note: this is the location of the previous definition
  589 | #define XPAR_CANFD_4_DEVICE_ID 4U
      | 
/export/zd-fs/00_shared_folder/projects/02-NG-Datalogger/20-Baseline/13.proj_dl3_v1r1/fpga/dl3a_v1.0_5EV_SGMII_MAC1G_30ports_double_FIFO_pinned_64bit/datalogger/design_1_wrapper/export/design_1_wrapper/sw/design_1_wrapper/standalone_psu_cortexa53_0/bspinclude/include/xparameters.h:618: warning: "XPAR_CANFD_4_BASEADDR" redefined
  618 | #define XPAR_CANFD_4_BASEADDR 0xA0170000U
      | 
/export/zd-fs/00_shared_folder/projects/02-NG-Datalogger/20-Baseline/13.proj_dl3_v1r1/fpga/dl3a_v1.0_5EV_SGMII_MAC1G_30ports_double_FIFO_pinned_64bit/datalogger/design_1_wrapper/export/design_1_wrapper/sw/design_1_wrapper/standalone_psu_cortexa53_0/bspinclude/include/xparameters.h:590: note: this is the location of the previous definition
  590 | #define XPAR_CANFD_4_BASEADDR 0xA0180000U
      | 
/export/zd-fs/00_shared_folder/projects/02-NG-Datalogger/20-Baseline/13.proj_dl3_v1r1/fpga/dl3a_v1.0_5EV_SGMII_MAC1G_30ports_double_FIFO_pinned_64bit/datalogger/design_1_wrapper/export/design_1_wrapper/sw/design_1_wrapper/standalone_psu_cortexa53_0/bspinclude/include/xparameters.h:636: warning: "XPAR_CANFD_5_DEVICE_ID" redefined
  636 | #define XPAR_CANFD_5_DEVICE_ID 7U
      | 
/export/zd-fs/00_shared_folder/projects/02-NG-Datalogger/20-Baseline/13.proj_dl3_v1r1/fpga/dl3a_v1.0_5EV_SGMII_MAC1G_30ports_double_FIFO_pinned_64bit/datalogger/design_1_wrapper/export/design_1_wrapper/sw/design_1_wrapper/standalone_psu_cortexa53_0/bspinclude/include/xparameters.h:608: note: this is the location of the previous definition
  608 | #define XPAR_CANFD_5_DEVICE_ID 5U
      | 
/export/zd-fs/00_shared_folder/projects/02-NG-Datalogger/20-Baseline/13.proj_dl3_v1r1/fpga/dl3a_v1.0_5EV_SGMII_MAC1G_30ports_double_FIFO_pinned_64bit/datalogger/design_1_wrapper/export/design_1_wrapper/sw/design_1_wrapper/standalone_psu_cortexa53_0/bspinclude/include/xparameters.h:637: warning: "XPAR_CANFD_5_BASEADDR" redefined
  637 | #define XPAR_CANFD_5_BASEADDR 0xA0190000U
      | 
/export/zd-fs/00_shared_folder/projects/02-NG-Datalogger/20-Baseline/13.proj_dl3_v1r1/fpga/dl3a_v1.0_5EV_SGMII_MAC1G_30ports_double_FIFO_pinned_64bit/datalogger/design_1_wrapper/export/design_1_wrapper/sw/design_1_wrapper/standalone_psu_cortexa53_0/bspinclude/include/xparameters.h:609: note: this is the location of the previous definition
  609 | #define XPAR_CANFD_5_BASEADDR 0xA0160000U
      | 
/export/zd-fs/00_shared_folder/projects/02-NG-Datalogger/20-Baseline/13.proj_dl3_v1r1/fpga/dl3a_v1.0_5EV_SGMII_MAC1G_30ports_double_FIFO_pinned_64bit/datalogger/design_1_wrapper/export/design_1_wrapper/sw/design_1_wrapper/standalone_psu_cortexa53_0/bspinclude/include/xparameters.h:655: warning: "XPAR_CANFD_6_DEVICE_ID" redefined
  655 | #define XPAR_CANFD_6_DEVICE_ID 8U
      | 
/export/zd-fs/00_shared_folder/projects/02-NG-Datalogger/20-Baseline/13.proj_dl3_v1r1/fpga/dl3a_v1.0_5EV_SGMII_MAC1G_30ports_double_FIFO_pinned_64bit/datalogger/design_1_wrapper/export/design_1_wrapper/sw/design_1_wrapper/standalone_psu_cortexa53_0/bspinclude/include/xparameters.h:627: note: this is the location of the previous definition
  627 | #define XPAR_CANFD_6_DEVICE_ID 6U
      | 
/export/zd-fs/00_shared_folder/projects/02-NG-Datalogger/20-Baseline/13.proj_dl3_v1r1/fpga/dl3a_v1.0_5EV_SGMII_MAC1G_30ports_double_FIFO_pinned_64bit/datalogger/design_1_wrapper/export/design_1_wrapper/sw/design_1_wrapper/standalone_psu_cortexa53_0/bspinclude/include/xparameters.h:656: warning: "XPAR_CANFD_6_BASEADDR" redefined
  656 | #define XPAR_CANFD_6_BASEADDR 0xA01A0000U
      | 
/export/zd-fs/00_shared_folder/projects/02-NG-Datalogger/20-Baseline/13.proj_dl3_v1r1/fpga/dl3a_v1.0_5EV_SGMII_MAC1G_30ports_double_FIFO_pinned_64bit/datalogger/design_1_wrapper/export/design_1_wrapper/sw/design_1_wrapper/standalone_psu_cortexa53_0/bspinclude/include/xparameters.h:628: note: this is the location of the previous definition
  628 | #define XPAR_CANFD_6_BASEADDR 0xA0170000U
      | 
/export/zd-fs/00_shared_folder/projects/02-NG-Datalogger/20-Baseline/13.proj_dl3_v1r1/fpga/dl3a_v1.0_5EV_SGMII_MAC1G_30ports_double_FIFO_pinned_64bit/datalogger/design_1_wrapper/export/design_1_wrapper/sw/design_1_wrapper/standalone_psu_cortexa53_0/bspinclude/include/xparameters.h:674: warning: "XPAR_CANFD_7_DEVICE_ID" redefined
  674 | #define XPAR_CANFD_7_DEVICE_ID 9U
      | 
/export/zd-fs/00_shared_folder/projects/02-NG-Datalogger/20-Baseline/13.proj_dl3_v1r1/fpga/dl3a_v1.0_5EV_SGMII_MAC1G_30ports_double_FIFO_pinned_64bit/datalogger/design_1_wrapper/export/design_1_wrapper/sw/design_1_wrapper/standalone_psu_cortexa53_0/bspinclude/include/xparameters.h:646: note: this is the location of the previous definition
  646 | #define XPAR_CANFD_7_DEVICE_ID 7U
      | 
/export/zd-fs/00_shared_folder/projects/02-NG-Datalogger/20-Baseline/13.proj_dl3_v1r1/fpga/dl3a_v1.0_5EV_SGMII_MAC1G_30ports_double_FIFO_pinned_64bit/datalogger/design_1_wrapper/export/design_1_wrapper/sw/design_1_wrapper/standalone_psu_cortexa53_0/bspinclude/include/xparameters.h:675: warning: "XPAR_CANFD_7_BASEADDR" redefined
  675 | #define XPAR_CANFD_7_BASEADDR 0xA01B0000U
      | 
/export/zd-fs/00_shared_folder/projects/02-NG-Datalogger/20-Baseline/13.proj_dl3_v1r1/fpga/dl3a_v1.0_5EV_SGMII_MAC1G_30ports_double_FIFO_pinned_64bit/datalogger/design_1_wrapper/export/design_1_wrapper/sw/design_1_wrapper/standalone_psu_cortexa53_0/bspinclude/include/xparameters.h:647: note: this is the location of the previous definition
  647 | #define XPAR_CANFD_7_BASEADDR 0xA0190000U
      | 
/export/zd-fs/00_shared_folder/projects/02-NG-Datalogger/20-Baseline/13.proj_dl3_v1r1/fpga/dl3a_v1.0_5EV_SGMII_MAC1G_30ports_double_FIFO_pinned_64bit/datalogger/design_1_wrapper/export/design_1_wrapper/sw/design_1_wrapper/standalone_psu_cortexa53_0/bspinclude/include/xparameters.h:693: warning: "XPAR_CANFD_8_DEVICE_ID" redefined
  693 | #define XPAR_CANFD_8_DEVICE_ID 10U
      | 
/export/zd-fs/00_shared_folder/projects/02-NG-Datalogger/20-Baseline/13.proj_dl3_v1r1/fpga/dl3a_v1.0_5EV_SGMII_MAC1G_30ports_double_FIFO_pinned_64bit/datalogger/design_1_wrapper/export/design_1_wrapper/sw/design_1_wrapper/standalone_psu_cortexa53_0/bspinclude/include/xparameters.h:665: note: this is the location of the previous definition
  665 | #define XPAR_CANFD_8_DEVICE_ID 8U
      | 
/export/zd-fs/00_shared_folder/projects/02-NG-Datalogger/20-Baseline/13.proj_dl3_v1r1/fpga/dl3a_v1.0_5EV_SGMII_MAC1G_30ports_double_FIFO_pinned_64bit/datalogger/design_1_wrapper/export/design_1_wrapper/sw/design_1_wrapper/standalone_psu_cortexa53_0/bspinclude/include/xparameters.h:694: warning: "XPAR_CANFD_8_BASEADDR" redefined
  694 | #define XPAR_CANFD_8_BASEADDR 0xA01C0000U
      | 
/export/zd-fs/00_shared_folder/projects/02-NG-Datalogger/20-Baseline/13.proj_dl3_v1r1/fpga/dl3a_v1.0_5EV_SGMII_MAC1G_30ports_double_FIFO_pinned_64bit/datalogger/design_1_wrapper/export/design_1_wrapper/sw/design_1_wrapper/standalone_psu_cortexa53_0/bspinclude/include/xparameters.h:666: note: this is the location of the previous definition
  666 | #define XPAR_CANFD_8_BASEADDR 0xA01A0000U
      | 
/export/zd-fs/00_shared_folder/projects/02-NG-Datalogger/20-Baseline/13.proj_dl3_v1r1/fpga/dl3a_v1.0_5EV_SGMII_MAC1G_30ports_double_FIFO_pinned_64bit/datalogger/design_1_wrapper/export/design_1_wrapper/sw/design_1_wrapper/standalone_psu_cortexa53_0/bspinclude/include/xparameters.h:703: warning: "XPAR_CANFD_10_DEVICE_ID" redefined
  703 | #define XPAR_CANFD_10_DEVICE_ID 10U
      | 
/export/zd-fs/00_shared_folder/projects/02-NG-Datalogger/20-Baseline/13.proj_dl3_v1r1/fpga/dl3a_v1.0_5EV_SGMII_MAC1G_30ports_double_FIFO_pinned_64bit/datalogger/design_1_wrapper/export/design_1_wrapper/sw/design_1_wrapper/standalone_psu_cortexa53_0/bspinclude/include/xparameters.h:541: note: this is the location of the previous definition
  541 | #define XPAR_CANFD_10_DEVICE_ID 2U
      | 
/export/zd-fs/00_shared_folder/projects/02-NG-Datalogger/20-Baseline/13.proj_dl3_v1r1/fpga/dl3a_v1.0_5EV_SGMII_MAC1G_30ports_double_FIFO_pinned_64bit/datalogger/design_1_wrapper/export/design_1_wrapper/sw/design_1_wrapper/standalone_psu_cortexa53_0/bspinclude/include/xparameters.h:704: warning: "XPAR_CANFD_10_BASEADDR" redefined
  704 | #define XPAR_CANFD_10_BASEADDR 0xA01C0000U
      | 
/export/zd-fs/00_shared_folder/projects/02-NG-Datalogger/20-Baseline/13.proj_dl3_v1r1/fpga/dl3a_v1.0_5EV_SGMII_MAC1G_30ports_double_FIFO_pinned_64bit/datalogger/design_1_wrapper/export/design_1_wrapper/sw/design_1_wrapper/standalone_psu_cortexa53_0/bspinclude/include/xparameters.h:542: note: this is the location of the previous definition
  542 | #define XPAR_CANFD_10_BASEADDR 0xA01E0000U
      | 
/export/zd-fs/00_shared_folder/projects/02-NG-Datalogger/20-Baseline/13.proj_dl3_v1r1/fpga/dl3a_v1.0_5EV_SGMII_MAC1G_30ports_double_FIFO_pinned_64bit/datalogger/design_1_wrapper/export/design_1_wrapper/sw/design_1_wrapper/standalone_psu_cortexa53_0/bspinclude/include/xparameters.h:712: warning: "XPAR_CANFD_9_DEVICE_ID" redefined
  712 | #define XPAR_CANFD_9_DEVICE_ID 11U
      | 
/export/zd-fs/00_shared_folder/projects/02-NG-Datalogger/20-Baseline/13.proj_dl3_v1r1/fpga/dl3a_v1.0_5EV_SGMII_MAC1G_30ports_double_FIFO_pinned_64bit/datalogger/design_1_wrapper/export/design_1_wrapper/sw/design_1_wrapper/standalone_psu_cortexa53_0/bspinclude/include/xparameters.h:684: note: this is the location of the previous definition
  684 | #define XPAR_CANFD_9_DEVICE_ID 9U
      | 
/export/zd-fs/00_shared_folder/projects/02-NG-Datalogger/20-Baseline/13.proj_dl3_v1r1/fpga/dl3a_v1.0_5EV_SGMII_MAC1G_30ports_double_FIFO_pinned_64bit/datalogger/design_1_wrapper/export/design_1_wrapper/sw/design_1_wrapper/standalone_psu_cortexa53_0/bspinclude/include/xparameters.h:713: warning: "XPAR_CANFD_9_BASEADDR" redefined
  713 | #define XPAR_CANFD_9_BASEADDR 0xA01D0000U
      | 
/export/zd-fs/00_shared_folder/projects/02-NG-Datalogger/20-Baseline/13.proj_dl3_v1r1/fpga/dl3a_v1.0_5EV_SGMII_MAC1G_30ports_double_FIFO_pinned_64bit/datalogger/design_1_wrapper/export/design_1_wrapper/sw/design_1_wrapper/standalone_psu_cortexa53_0/bspinclude/include/xparameters.h:685: note: this is the location of the previous definition
  685 | #define XPAR_CANFD_9_BASEADDR 0xA01B0000U
      | 
/export/zd-fs/00_shared_folder/projects/02-NG-Datalogger/20-Baseline/13.proj_dl3_v1r1/fpga/dl3a_v1.0_5EV_SGMII_MAC1G_30ports_double_FIFO_pinned_64bit/datalogger/design_1_wrapper/export/design_1_wrapper/sw/design_1_wrapper/standalone_psu_cortexa53_0/bspinclude/include/xparameters.h:722: warning: "XPAR_CANFD_11_DEVICE_ID" redefined
  722 | #define XPAR_CANFD_11_DEVICE_ID 11U
      | 
/export/zd-fs/00_shared_folder/projects/02-NG-Datalogger/20-Baseline/13.proj_dl3_v1r1/fpga/dl3a_v1.0_5EV_SGMII_MAC1G_30ports_double_FIFO_pinned_64bit/datalogger/design_1_wrapper/export/design_1_wrapper/sw/design_1_wrapper/standalone_psu_cortexa53_0/bspinclude/include/xparameters.h:560: note: this is the location of the previous definition
  560 | #define XPAR_CANFD_11_DEVICE_ID 3U
      | 
/export/zd-fs/00_shared_folder/projects/02-NG-Datalogger/20-Baseline/13.proj_dl3_v1r1/fpga/dl3a_v1.0_5EV_SGMII_MAC1G_30ports_double_FIFO_pinned_64bit/datalogger/design_1_wrapper/export/design_1_wrapper/sw/design_1_wrapper/standalone_psu_cortexa53_0/bspinclude/include/xparameters.h:723: warning: "XPAR_CANFD_11_BASEADDR" redefined
  723 | #define XPAR_CANFD_11_BASEADDR 0xA01D0000U
      | 
/export/zd-fs/00_shared_folder/projects/02-NG-Datalogger/20-Baseline/13.proj_dl3_v1r1/fpga/dl3a_v1.0_5EV_SGMII_MAC1G_30ports_double_FIFO_pinned_64bit/datalogger/design_1_wrapper/export/design_1_wrapper/sw/design_1_wrapper/standalone_psu_cortexa53_0/bspinclude/include/xparameters.h:561: note: this is the location of the previous definition
  561 | #define XPAR_CANFD_11_BASEADDR 0xA01F0000U
      | 
Finished building: ../src/helloworld.c
 
Building file: ../src/platform.c
Invoking: ARM v8 gcc compiler
aarch64-none-elf-gcc -Wall -O2 -c -fmessage-length=0 -MT"src/platform.o" -I/export/zd-fs/00_shared_folder/projects/02-NG-Datalogger/20-Baseline/13.proj_dl3_v1r1/fpga/dl3a_v1.0_5EV_SGMII_MAC1G_30ports_double_FIFO_pinned_64bit/datalogger/design_1_wrapper/export/design_1_wrapper/sw/design_1_wrapper/standalone_psu_cortexa53_0/bspinclude/include -MMD -MP -MF"src/platform.d" -MT"src/platform.o" -o "src/platform.o" "../src/platform.c"
In file included from ../src/platform.c:33:
/export/zd-fs/00_shared_folder/projects/02-NG-Datalogger/20-Baseline/13.proj_dl3_v1r1/fpga/dl3a_v1.0_5EV_SGMII_MAC1G_30ports_double_FIFO_pinned_64bit/datalogger/design_1_wrapper/export/design_1_wrapper/sw/design_1_wrapper/standalone_psu_cortexa53_0/bspinclude/include/xparameters.h:579: warning: "XPAR_CANFD_2_DEVICE_ID" redefined
  579 | #define XPAR_CANFD_2_DEVICE_ID 4U
      | 
/export/zd-fs/00_shared_folder/projects/02-NG-Datalogger/20-Baseline/13.proj_dl3_v1r1/fpga/dl3a_v1.0_5EV_SGMII_MAC1G_30ports_double_FIFO_pinned_64bit/datalogger/design_1_wrapper/export/design_1_wrapper/sw/design_1_wrapper/standalone_psu_cortexa53_0/bspinclude/include/xparameters.h:551: note: this is the location of the previous definition
  551 | #define XPAR_CANFD_2_DEVICE_ID 2U
      | 
/export/zd-fs/00_shared_folder/projects/02-NG-Datalogger/20-Baseline/13.proj_dl3_v1r1/fpga/dl3a_v1.0_5EV_SGMII_MAC1G_30ports_double_FIFO_pinned_64bit/datalogger/design_1_wrapper/export/design_1_wrapper/sw/design_1_wrapper/standalone_psu_cortexa53_0/bspinclude/include/xparameters.h:580: warning: "XPAR_CANFD_2_BASEADDR" redefined
  580 | #define XPAR_CANFD_2_BASEADDR 0xA0180000U
      | 
/export/zd-fs/00_shared_folder/projects/02-NG-Datalogger/20-Baseline/13.proj_dl3_v1r1/fpga/dl3a_v1.0_5EV_SGMII_MAC1G_30ports_double_FIFO_pinned_64bit/datalogger/design_1_wrapper/export/design_1_wrapper/sw/design_1_wrapper/standalone_psu_cortexa53_0/bspinclude/include/xparameters.h:552: note: this is the location of the previous definition
  552 | #define XPAR_CANFD_2_BASEADDR 0xA01E0000U
      | 
/export/zd-fs/00_shared_folder/projects/02-NG-Datalogger/20-Baseline/13.proj_dl3_v1r1/fpga/dl3a_v1.0_5EV_SGMII_MAC1G_30ports_double_FIFO_pinned_64bit/datalogger/design_1_wrapper/export/design_1_wrapper/sw/design_1_wrapper/standalone_psu_cortexa53_0/bspinclude/include/xparameters.h:598: warning: "XPAR_CANFD_3_DEVICE_ID" redefined
  598 | #define XPAR_CANFD_3_DEVICE_ID 5U
      | 
/export/zd-fs/00_shared_folder/projects/02-NG-Datalogger/20-Baseline/13.proj_dl3_v1r1/fpga/dl3a_v1.0_5EV_SGMII_MAC1G_30ports_double_FIFO_pinned_64bit/datalogger/design_1_wrapper/export/design_1_wrapper/sw/design_1_wrapper/standalone_psu_cortexa53_0/bspinclude/include/xparameters.h:570: note: this is the location of the previous definition
  570 | #define XPAR_CANFD_3_DEVICE_ID 3U
      | 
/export/zd-fs/00_shared_folder/projects/02-NG-Datalogger/20-Baseline/13.proj_dl3_v1r1/fpga/dl3a_v1.0_5EV_SGMII_MAC1G_30ports_double_FIFO_pinned_64bit/datalogger/design_1_wrapper/export/design_1_wrapper/sw/design_1_wrapper/standalone_psu_cortexa53_0/bspinclude/include/xparameters.h:599: warning: "XPAR_CANFD_3_BASEADDR" redefined
  599 | #define XPAR_CANFD_3_BASEADDR 0xA0160000U
      | 
/export/zd-fs/00_shared_folder/projects/02-NG-Datalogger/20-Baseline/13.proj_dl3_v1r1/fpga/dl3a_v1.0_5EV_SGMII_MAC1G_30ports_double_FIFO_pinned_64bit/datalogger/design_1_wrapper/export/design_1_wrapper/sw/design_1_wrapper/standalone_psu_cortexa53_0/bspinclude/include/xparameters.h:571: note: this is the location of the previous definition
  571 | #define XPAR_CANFD_3_BASEADDR 0xA01F0000U
      | 
/export/zd-fs/00_shared_folder/projects/02-NG-Datalogger/20-Baseline/13.proj_dl3_v1r1/fpga/dl3a_v1.0_5EV_SGMII_MAC1G_30ports_double_FIFO_pinned_64bit/datalogger/design_1_wrapper/export/design_1_wrapper/sw/design_1_wrapper/standalone_psu_cortexa53_0/bspinclude/include/xparameters.h:617: warning: "XPAR_CANFD_4_DEVICE_ID" redefined
  617 | #define XPAR_CANFD_4_DEVICE_ID 6U
      | 
/export/zd-fs/00_shared_folder/projects/02-NG-Datalogger/20-Baseline/13.proj_dl3_v1r1/fpga/dl3a_v1.0_5EV_SGMII_MAC1G_30ports_double_FIFO_pinned_64bit/datalogger/design_1_wrapper/export/design_1_wrapper/sw/design_1_wrapper/standalone_psu_cortexa53_0/bspinclude/include/xparameters.h:589: note: this is the location of the previous definition
  589 | #define XPAR_CANFD_4_DEVICE_ID 4U
      | 
/export/zd-fs/00_shared_folder/projects/02-NG-Datalogger/20-Baseline/13.proj_dl3_v1r1/fpga/dl3a_v1.0_5EV_SGMII_MAC1G_30ports_double_FIFO_pinned_64bit/datalogger/design_1_wrapper/export/design_1_wrapper/sw/design_1_wrapper/standalone_psu_cortexa53_0/bspinclude/include/xparameters.h:618: warning: "XPAR_CANFD_4_BASEADDR" redefined
  618 | #define XPAR_CANFD_4_BASEADDR 0xA0170000U
      | 
/export/zd-fs/00_shared_folder/projects/02-NG-Datalogger/20-Baseline/13.proj_dl3_v1r1/fpga/dl3a_v1.0_5EV_SGMII_MAC1G_30ports_double_FIFO_pinned_64bit/datalogger/design_1_wrapper/export/design_1_wrapper/sw/design_1_wrapper/standalone_psu_cortexa53_0/bspinclude/include/xparameters.h:590: note: this is the location of the previous definition
  590 | #define XPAR_CANFD_4_BASEADDR 0xA0180000U
      | 
/export/zd-fs/00_shared_folder/projects/02-NG-Datalogger/20-Baseline/13.proj_dl3_v1r1/fpga/dl3a_v1.0_5EV_SGMII_MAC1G_30ports_double_FIFO_pinned_64bit/datalogger/design_1_wrapper/export/design_1_wrapper/sw/design_1_wrapper/standalone_psu_cortexa53_0/bspinclude/include/xparameters.h:636: warning: "XPAR_CANFD_5_DEVICE_ID" redefined
  636 | #define XPAR_CANFD_5_DEVICE_ID 7U
      | 
/export/zd-fs/00_shared_folder/projects/02-NG-Datalogger/20-Baseline/13.proj_dl3_v1r1/fpga/dl3a_v1.0_5EV_SGMII_MAC1G_30ports_double_FIFO_pinned_64bit/datalogger/design_1_wrapper/export/design_1_wrapper/sw/design_1_wrapper/standalone_psu_cortexa53_0/bspinclude/include/xparameters.h:608: note: this is the location of the previous definition
  608 | #define XPAR_CANFD_5_DEVICE_ID 5U
      | 
/export/zd-fs/00_shared_folder/projects/02-NG-Datalogger/20-Baseline/13.proj_dl3_v1r1/fpga/dl3a_v1.0_5EV_SGMII_MAC1G_30ports_double_FIFO_pinned_64bit/datalogger/design_1_wrapper/export/design_1_wrapper/sw/design_1_wrapper/standalone_psu_cortexa53_0/bspinclude/include/xparameters.h:637: warning: "XPAR_CANFD_5_BASEADDR" redefined
  637 | #define XPAR_CANFD_5_BASEADDR 0xA0190000U
      | 
/export/zd-fs/00_shared_folder/projects/02-NG-Datalogger/20-Baseline/13.proj_dl3_v1r1/fpga/dl3a_v1.0_5EV_SGMII_MAC1G_30ports_double_FIFO_pinned_64bit/datalogger/design_1_wrapper/export/design_1_wrapper/sw/design_1_wrapper/standalone_psu_cortexa53_0/bspinclude/include/xparameters.h:609: note: this is the location of the previous definition
  609 | #define XPAR_CANFD_5_BASEADDR 0xA0160000U
      | 
/export/zd-fs/00_shared_folder/projects/02-NG-Datalogger/20-Baseline/13.proj_dl3_v1r1/fpga/dl3a_v1.0_5EV_SGMII_MAC1G_30ports_double_FIFO_pinned_64bit/datalogger/design_1_wrapper/export/design_1_wrapper/sw/design_1_wrapper/standalone_psu_cortexa53_0/bspinclude/include/xparameters.h:655: warning: "XPAR_CANFD_6_DEVICE_ID" redefined
  655 | #define XPAR_CANFD_6_DEVICE_ID 8U
      | 
/export/zd-fs/00_shared_folder/projects/02-NG-Datalogger/20-Baseline/13.proj_dl3_v1r1/fpga/dl3a_v1.0_5EV_SGMII_MAC1G_30ports_double_FIFO_pinned_64bit/datalogger/design_1_wrapper/export/design_1_wrapper/sw/design_1_wrapper/standalone_psu_cortexa53_0/bspinclude/include/xparameters.h:627: note: this is the location of the previous definition
  627 | #define XPAR_CANFD_6_DEVICE_ID 6U
      | 
/export/zd-fs/00_shared_folder/projects/02-NG-Datalogger/20-Baseline/13.proj_dl3_v1r1/fpga/dl3a_v1.0_5EV_SGMII_MAC1G_30ports_double_FIFO_pinned_64bit/datalogger/design_1_wrapper/export/design_1_wrapper/sw/design_1_wrapper/standalone_psu_cortexa53_0/bspinclude/include/xparameters.h:656: warning: "XPAR_CANFD_6_BASEADDR" redefined
  656 | #define XPAR_CANFD_6_BASEADDR 0xA01A0000U
      | 
/export/zd-fs/00_shared_folder/projects/02-NG-Datalogger/20-Baseline/13.proj_dl3_v1r1/fpga/dl3a_v1.0_5EV_SGMII_MAC1G_30ports_double_FIFO_pinned_64bit/datalogger/design_1_wrapper/export/design_1_wrapper/sw/design_1_wrapper/standalone_psu_cortexa53_0/bspinclude/include/xparameters.h:628: note: this is the location of the previous definition
  628 | #define XPAR_CANFD_6_BASEADDR 0xA0170000U
      | 
/export/zd-fs/00_shared_folder/projects/02-NG-Datalogger/20-Baseline/13.proj_dl3_v1r1/fpga/dl3a_v1.0_5EV_SGMII_MAC1G_30ports_double_FIFO_pinned_64bit/datalogger/design_1_wrapper/export/design_1_wrapper/sw/design_1_wrapper/standalone_psu_cortexa53_0/bspinclude/include/xparameters.h:674: warning: "XPAR_CANFD_7_DEVICE_ID" redefined
  674 | #define XPAR_CANFD_7_DEVICE_ID 9U
      | 
/export/zd-fs/00_shared_folder/projects/02-NG-Datalogger/20-Baseline/13.proj_dl3_v1r1/fpga/dl3a_v1.0_5EV_SGMII_MAC1G_30ports_double_FIFO_pinned_64bit/datalogger/design_1_wrapper/export/design_1_wrapper/sw/design_1_wrapper/standalone_psu_cortexa53_0/bspinclude/include/xparameters.h:646: note: this is the location of the previous definition
  646 | #define XPAR_CANFD_7_DEVICE_ID 7U
      | 
/export/zd-fs/00_shared_folder/projects/02-NG-Datalogger/20-Baseline/13.proj_dl3_v1r1/fpga/dl3a_v1.0_5EV_SGMII_MAC1G_30ports_double_FIFO_pinned_64bit/datalogger/design_1_wrapper/export/design_1_wrapper/sw/design_1_wrapper/standalone_psu_cortexa53_0/bspinclude/include/xparameters.h:675: warning: "XPAR_CANFD_7_BASEADDR" redefined
  675 | #define XPAR_CANFD_7_BASEADDR 0xA01B0000U
      | 
/export/zd-fs/00_shared_folder/projects/02-NG-Datalogger/20-Baseline/13.proj_dl3_v1r1/fpga/dl3a_v1.0_5EV_SGMII_MAC1G_30ports_double_FIFO_pinned_64bit/datalogger/design_1_wrapper/export/design_1_wrapper/sw/design_1_wrapper/standalone_psu_cortexa53_0/bspinclude/include/xparameters.h:647: note: this is the location of the previous definition
  647 | #define XPAR_CANFD_7_BASEADDR 0xA0190000U
      | 
/export/zd-fs/00_shared_folder/projects/02-NG-Datalogger/20-Baseline/13.proj_dl3_v1r1/fpga/dl3a_v1.0_5EV_SGMII_MAC1G_30ports_double_FIFO_pinned_64bit/datalogger/design_1_wrapper/export/design_1_wrapper/sw/design_1_wrapper/standalone_psu_cortexa53_0/bspinclude/include/xparameters.h:693: warning: "XPAR_CANFD_8_DEVICE_ID" redefined
  693 | #define XPAR_CANFD_8_DEVICE_ID 10U
      | 
/export/zd-fs/00_shared_folder/projects/02-NG-Datalogger/20-Baseline/13.proj_dl3_v1r1/fpga/dl3a_v1.0_5EV_SGMII_MAC1G_30ports_double_FIFO_pinned_64bit/datalogger/design_1_wrapper/export/design_1_wrapper/sw/design_1_wrapper/standalone_psu_cortexa53_0/bspinclude/include/xparameters.h:665: note: this is the location of the previous definition
  665 | #define XPAR_CANFD_8_DEVICE_ID 8U
      | 
/export/zd-fs/00_shared_folder/projects/02-NG-Datalogger/20-Baseline/13.proj_dl3_v1r1/fpga/dl3a_v1.0_5EV_SGMII_MAC1G_30ports_double_FIFO_pinned_64bit/datalogger/design_1_wrapper/export/design_1_wrapper/sw/design_1_wrapper/standalone_psu_cortexa53_0/bspinclude/include/xparameters.h:694: warning: "XPAR_CANFD_8_BASEADDR" redefined
  694 | #define XPAR_CANFD_8_BASEADDR 0xA01C0000U
      | 
/export/zd-fs/00_shared_folder/projects/02-NG-Datalogger/20-Baseline/13.proj_dl3_v1r1/fpga/dl3a_v1.0_5EV_SGMII_MAC1G_30ports_double_FIFO_pinned_64bit/datalogger/design_1_wrapper/export/design_1_wrapper/sw/design_1_wrapper/standalone_psu_cortexa53_0/bspinclude/include/xparameters.h:666: note: this is the location of the previous definition
  666 | #define XPAR_CANFD_8_BASEADDR 0xA01A0000U
      | 
/export/zd-fs/00_shared_folder/projects/02-NG-Datalogger/20-Baseline/13.proj_dl3_v1r1/fpga/dl3a_v1.0_5EV_SGMII_MAC1G_30ports_double_FIFO_pinned_64bit/datalogger/design_1_wrapper/export/design_1_wrapper/sw/design_1_wrapper/standalone_psu_cortexa53_0/bspinclude/include/xparameters.h:703: warning: "XPAR_CANFD_10_DEVICE_ID" redefined
  703 | #define XPAR_CANFD_10_DEVICE_ID 10U
      | 
/export/zd-fs/00_shared_folder/projects/02-NG-Datalogger/20-Baseline/13.proj_dl3_v1r1/fpga/dl3a_v1.0_5EV_SGMII_MAC1G_30ports_double_FIFO_pinned_64bit/datalogger/design_1_wrapper/export/design_1_wrapper/sw/design_1_wrapper/standalone_psu_cortexa53_0/bspinclude/include/xparameters.h:541: note: this is the location of the previous definition
  541 | #define XPAR_CANFD_10_DEVICE_ID 2U
      | 
/export/zd-fs/00_shared_folder/projects/02-NG-Datalogger/20-Baseline/13.proj_dl3_v1r1/fpga/dl3a_v1.0_5EV_SGMII_MAC1G_30ports_double_FIFO_pinned_64bit/datalogger/design_1_wrapper/export/design_1_wrapper/sw/design_1_wrapper/standalone_psu_cortexa53_0/bspinclude/include/xparameters.h:704: warning: "XPAR_CANFD_10_BASEADDR" redefined
  704 | #define XPAR_CANFD_10_BASEADDR 0xA01C0000U
      | 
/export/zd-fs/00_shared_folder/projects/02-NG-Datalogger/20-Baseline/13.proj_dl3_v1r1/fpga/dl3a_v1.0_5EV_SGMII_MAC1G_30ports_double_FIFO_pinned_64bit/datalogger/design_1_wrapper/export/design_1_wrapper/sw/design_1_wrapper/standalone_psu_cortexa53_0/bspinclude/include/xparameters.h:542: note: this is the location of the previous definition
  542 | #define XPAR_CANFD_10_BASEADDR 0xA01E0000U
      | 
/export/zd-fs/00_shared_folder/projects/02-NG-Datalogger/20-Baseline/13.proj_dl3_v1r1/fpga/dl3a_v1.0_5EV_SGMII_MAC1G_30ports_double_FIFO_pinned_64bit/datalogger/design_1_wrapper/export/design_1_wrapper/sw/design_1_wrapper/standalone_psu_cortexa53_0/bspinclude/include/xparameters.h:712: warning: "XPAR_CANFD_9_DEVICE_ID" redefined
  712 | #define XPAR_CANFD_9_DEVICE_ID 11U
      | 
/export/zd-fs/00_shared_folder/projects/02-NG-Datalogger/20-Baseline/13.proj_dl3_v1r1/fpga/dl3a_v1.0_5EV_SGMII_MAC1G_30ports_double_FIFO_pinned_64bit/datalogger/design_1_wrapper/export/design_1_wrapper/sw/design_1_wrapper/standalone_psu_cortexa53_0/bspinclude/include/xparameters.h:684: note: this is the location of the previous definition
  684 | #define XPAR_CANFD_9_DEVICE_ID 9U
      | 
/export/zd-fs/00_shared_folder/projects/02-NG-Datalogger/20-Baseline/13.proj_dl3_v1r1/fpga/dl3a_v1.0_5EV_SGMII_MAC1G_30ports_double_FIFO_pinned_64bit/datalogger/design_1_wrapper/export/design_1_wrapper/sw/design_1_wrapper/standalone_psu_cortexa53_0/bspinclude/include/xparameters.h:713: warning: "XPAR_CANFD_9_BASEADDR" redefined
  713 | #define XPAR_CANFD_9_BASEADDR 0xA01D0000U
      | 
/export/zd-fs/00_shared_folder/projects/02-NG-Datalogger/20-Baseline/13.proj_dl3_v1r1/fpga/dl3a_v1.0_5EV_SGMII_MAC1G_30ports_double_FIFO_pinned_64bit/datalogger/design_1_wrapper/export/design_1_wrapper/sw/design_1_wrapper/standalone_psu_cortexa53_0/bspinclude/include/xparameters.h:685: note: this is the location of the previous definition
  685 | #define XPAR_CANFD_9_BASEADDR 0xA01B0000U
      | 
/export/zd-fs/00_shared_folder/projects/02-NG-Datalogger/20-Baseline/13.proj_dl3_v1r1/fpga/dl3a_v1.0_5EV_SGMII_MAC1G_30ports_double_FIFO_pinned_64bit/datalogger/design_1_wrapper/export/design_1_wrapper/sw/design_1_wrapper/standalone_psu_cortexa53_0/bspinclude/include/xparameters.h:722: warning: "XPAR_CANFD_11_DEVICE_ID" redefined
  722 | #define XPAR_CANFD_11_DEVICE_ID 11U
      | 
/export/zd-fs/00_shared_folder/projects/02-NG-Datalogger/20-Baseline/13.proj_dl3_v1r1/fpga/dl3a_v1.0_5EV_SGMII_MAC1G_30ports_double_FIFO_pinned_64bit/datalogger/design_1_wrapper/export/design_1_wrapper/sw/design_1_wrapper/standalone_psu_cortexa53_0/bspinclude/include/xparameters.h:560: note: this is the location of the previous definition
  560 | #define XPAR_CANFD_11_DEVICE_ID 3U
      | 
/export/zd-fs/00_shared_folder/projects/02-NG-Datalogger/20-Baseline/13.proj_dl3_v1r1/fpga/dl3a_v1.0_5EV_SGMII_MAC1G_30ports_double_FIFO_pinned_64bit/datalogger/design_1_wrapper/export/design_1_wrapper/sw/design_1_wrapper/standalone_psu_cortexa53_0/bspinclude/include/xparameters.h:723: warning: "XPAR_CANFD_11_BASEADDR" redefined
  723 | #define XPAR_CANFD_11_BASEADDR 0xA01D0000U
      | 
/export/zd-fs/00_shared_folder/projects/02-NG-Datalogger/20-Baseline/13.proj_dl3_v1r1/fpga/dl3a_v1.0_5EV_SGMII_MAC1G_30ports_double_FIFO_pinned_64bit/datalogger/design_1_wrapper/export/design_1_wrapper/sw/design_1_wrapper/standalone_psu_cortexa53_0/bspinclude/include/xparameters.h:561: note: this is the location of the previous definition
  561 | #define XPAR_CANFD_11_BASEADDR 0xA01F0000U
      | 
Finished building: ../src/platform.c
 
Building target: datalogger3.elf
Invoking: ARM v8 gcc linker
aarch64-none-elf-gcc -Wl,-T -Wl,../src/lscript.ld -L/export/zd-fs/00_shared_folder/projects/02-NG-Datalogger/20-Baseline/13.proj_dl3_v1r1/fpga/dl3a_v1.0_5EV_SGMII_MAC1G_30ports_double_FIFO_pinned_64bit/datalogger/design_1_wrapper/export/design_1_wrapper/sw/design_1_wrapper/standalone_psu_cortexa53_0/bsplib/lib -o "datalogger3.elf"  ./src/helloworld.o ./src/platform.o   -Wl,--start-group,-lxil,-lgcc,-lc,--end-group
Finished building target: datalogger3.elf
 
Invoking: ARM v8 Print Size
aarch64-none-elf-size datalogger3.elf  |tee "datalogger3.elf.size"
   text	   data	    bss	    dec	    hex	filename
  30204	   2048	  20676	  52928	   cec0	datalogger3.elf
Finished building: datalogger3.elf.size
 

16:42:06 Build Finished (took 388ms)

