

================================================================
== Vitis HLS Report for 'recvFrame_logic_1_Pipeline_VITIS_LOOP_261_2'
================================================================
* Date:           Thu Dec 15 12:14:11 2022

* Version:        2022.2 (Build 3670227 on Oct 13 2022)
* Project:        clu
* Solution:       solution1 (Vivado IP Flow Target)
* Product family: zynq
* Target device:  xc7z020-clg400-2


================================================================
== Performance Estimates
================================================================
+ Timing: 
    * Summary: 
    +--------+----------+----------+------------+
    |  Clock |  Target  | Estimated| Uncertainty|
    +--------+----------+----------+------------+
    |ap_clk  |  10.00 ns|  7.300 ns|     2.70 ns|
    +--------+----------+----------+------------+

+ Latency: 
    * Summary: 
    +---------+---------+----------+----------+-----+-----+---------+
    |  Latency (cycles) |  Latency (absolute) |  Interval | Pipeline|
    |   min   |   max   |    min   |    max   | min | max |   Type  |
    +---------+---------+----------+----------+-----+-----+---------+
    |        ?|        ?|         ?|         ?|    ?|    ?|       no|
    +---------+---------+----------+----------+-----+-----+---------+

    + Detail: 
        * Instance: 
        N/A

        * Loop: 
        +--------------------+---------+---------+----------+-----------+-----------+------+----------+
        |                    |  Latency (cycles) | Iteration|  Initiation Interval  | Trip |          |
        |      Loop Name     |   min   |   max   |  Latency |  achieved |   target  | Count| Pipelined|
        +--------------------+---------+---------+----------+-----------+-----------+------+----------+
        |- VITIS_LOOP_261_2  |        ?|        ?|        12|          2|          1|     ?|       yes|
        +--------------------+---------+---------+----------+-----------+-----------+------+----------+

============================================================
+ Verbose Summary: Synthesis Manager
============================================================
InlineROM: 1
ExposeGlobal: 0
============================================================
+ Verbose Summary: CDFG Model
============================================================
IsTopModel: 0
ResetActiveHigh: 1
IsCombinational: 0
IsDatapathOnly: 0
HasWiredReturn: 1
HasMFsm: 2
HasVarLatency: 1
IsPipeline: 0
IsRtlPipelined: 0
IsInstanceOverlapped: 0
IsDontTouch: 0
HasImplIP: 0
IsGatedGlobalClock: 0

+ Individual pipeline summary: 
  * Pipeline-0: initiation interval (II) = 2, depth = 12


============================================================
+ Verbose Summary: Schedule
============================================================
* Number of FSM states : 12
* Pipeline : 1
  Pipeline-0 : II = 2, D = 12, States = { 1 2 3 4 5 6 7 8 9 10 11 12 }
* Dataflow Pipeline: 0

* FSM state transitions: 
1 --> 2 
2 --> 3 
3 --> 4 
4 --> 5 
5 --> 6 
6 --> 7 
7 --> 8 
8 --> 9 
9 --> 10 
10 --> 11 
11 --> 12 
12 --> 

* FSM state operations: 

State 1 <SV = 0> <Delay = 1.96>
ST_1 : Operation 15 [1/1] (0.00ns)   --->   "%Len = alloca i32 1"   --->   Operation 15 'alloca' 'Len' <Predicate = true> <Delay = 0.00>
ST_1 : Operation 16 [1/1] (0.00ns)   --->   "%canIndex = alloca i32 1"   --->   Operation 16 'alloca' 'canIndex' <Predicate = true> <Delay = 0.00>
ST_1 : Operation 17 [1/1] (0.00ns)   --->   "%canbase_read = read i32 @_ssdm_op_Read.ap_auto.i32, i32 %canbase"   --->   Operation 17 'read' 'canbase_read' <Predicate = true> <Delay = 0.00>
ST_1 : Operation 18 [1/1] (0.00ns)   --->   "%zext_ln261_read = read i15 @_ssdm_op_Read.ap_auto.i15, i15 %zext_ln261"   --->   Operation 18 'read' 'zext_ln261_read' <Predicate = true> <Delay = 0.00>
ST_1 : Operation 19 [1/1] (0.00ns)   --->   "%zext_ln27_read = read i7 @_ssdm_op_Read.ap_auto.i7, i7 %zext_ln27"   --->   Operation 19 'read' 'zext_ln27_read' <Predicate = true> <Delay = 0.00>
ST_1 : Operation 20 [1/1] (0.00ns)   --->   "%zext_ln261_cast = zext i15 %zext_ln261_read"   --->   Operation 20 'zext' 'zext_ln261_cast' <Predicate = true> <Delay = 0.00>
ST_1 : Operation 21 [1/1] (0.00ns)   --->   "%zext_ln27_cast = zext i7 %zext_ln27_read"   --->   Operation 21 'zext' 'zext_ln27_cast' <Predicate = true> <Delay = 0.00>
ST_1 : Operation 22 [1/1] (0.00ns)   --->   "%specinterface_ln0 = specinterface void @_ssdm_op_SpecInterface, i32 %clu_addr, void @empty_29, i32 0, i32 0, void @empty_30, i32 0, i32 1, void @empty_31, void @empty_32, void @empty_30, i32 16, i32 16, i32 16, i32 16, void @empty_30, void @empty_30, i32 4294967295, i32 0"   --->   Operation 22 'specinterface' 'specinterface_ln0' <Predicate = true> <Delay = 0.00>
ST_1 : Operation 23 [1/1] (1.29ns)   --->   "%store_ln0 = store i64 8, i64 %canIndex"   --->   Operation 23 'store' 'store_ln0' <Predicate = true> <Delay = 1.29>
ST_1 : Operation 24 [1/1] (1.29ns)   --->   "%store_ln0 = store i32 0, i32 %Len"   --->   Operation 24 'store' 'store_ln0' <Predicate = true> <Delay = 1.29>
ST_1 : Operation 25 [1/1] (0.00ns)   --->   "%br_ln0 = br void %for.inc189"   --->   Operation 25 'br' 'br_ln0' <Predicate = true> <Delay = 0.00>
ST_1 : Operation 26 [1/1] (0.00ns)   --->   "%Len_2 = load i32 %Len" [can.c:263]   --->   Operation 26 'load' 'Len_2' <Predicate = true> <Delay = 0.00>
ST_1 : Operation 27 [1/1] (0.00ns)   --->   "%specpipeline_ln0 = specpipeline void @_ssdm_op_SpecPipeline, i32 4294967295, i32 0, i32 1, i32 0, void @p_str"   --->   Operation 27 'specpipeline' 'specpipeline_ln0' <Predicate = true> <Delay = 0.00>
ST_1 : Operation 28 [1/1] (1.96ns)   --->   "%icmp_ln261 = icmp_ult  i32 %Len_2, i32 %zext_ln27_cast" [can.c:261]   --->   Operation 28 'icmp' 'icmp_ln261' <Predicate = true> <Delay = 1.96> <CoreInst = "Cmp">   --->   Core 9 'Cmp' <Latency = 0> <II = 1> <Delay = 1.96> <FuncUnit> <Opcode : 'icmp'> <InPorts = 2> <OutPorts = 1>
ST_1 : Operation 29 [1/1] (0.00ns)   --->   "%br_ln261 = br i1 %icmp_ln261, void %sw.bb198.loopexit.exitStub, void %for.inc189.split" [can.c:261]   --->   Operation 29 'br' 'br_ln261' <Predicate = true> <Delay = 0.00>
ST_1 : Operation 30 [1/1] (1.89ns)   --->   "%add_ln263 = add i32 %Len_2, i32 %zext_ln261_cast" [can.c:263]   --->   Operation 30 'add' 'add_ln263' <Predicate = (icmp_ln261)> <Delay = 1.89> <CoreInst = "Adder">   --->   Core 1 'Adder' <Latency = 0> <II = 1> <Delay = 1.89> <FuncUnit> <Opcode : 'add' 'sub'> <InPorts = 2> <OutPorts = 1>

State 2 <SV = 1> <Delay = 5.63>
ST_2 : Operation 31 [1/1] (0.00ns) (grouped into LUT with out node add_ln262)   --->   "%tmp = bitselect i1 @_ssdm_op_BitSelect.i1.i32.i32, i32 %add_ln263, i32 31" [can.c:263]   --->   Operation 31 'bitselect' 'tmp' <Predicate = (icmp_ln261)> <Delay = 0.00>
ST_2 : Operation 32 [1/1] (1.89ns)   --->   "%sub_ln263 = sub i32 0, i32 %add_ln263" [can.c:263]   --->   Operation 32 'sub' 'sub_ln263' <Predicate = (icmp_ln261)> <Delay = 1.89> <CoreInst = "Adder">   --->   Core 1 'Adder' <Latency = 0> <II = 1> <Delay = 1.89> <FuncUnit> <Opcode : 'add' 'sub'> <InPorts = 2> <OutPorts = 1>
ST_2 : Operation 33 [1/1] (0.00ns)   --->   "%trunc_ln263_1 = partselect i30 @_ssdm_op_PartSelect.i30.i32.i32.i32, i32 %sub_ln263, i32 2, i32 31" [can.c:263]   --->   Operation 33 'partselect' 'trunc_ln263_1' <Predicate = (icmp_ln261)> <Delay = 0.00>
ST_2 : Operation 34 [1/1] (1.84ns)   --->   "%sub_ln263_1 = sub i30 0, i30 %trunc_ln263_1" [can.c:263]   --->   Operation 34 'sub' 'sub_ln263_1' <Predicate = (icmp_ln261)> <Delay = 1.84> <CoreInst = "Adder">   --->   Core 1 'Adder' <Latency = 0> <II = 1> <Delay = 1.84> <FuncUnit> <Opcode : 'add' 'sub'> <InPorts = 2> <OutPorts = 1>
ST_2 : Operation 35 [1/1] (0.00ns) (grouped into LUT with out node add_ln262)   --->   "%tmp_7 = partselect i30 @_ssdm_op_PartSelect.i30.i32.i32.i32, i32 %add_ln263, i32 2, i32 31" [can.c:262]   --->   Operation 35 'partselect' 'tmp_7' <Predicate = (icmp_ln261)> <Delay = 0.00>
ST_2 : Operation 36 [1/1] (0.00ns) (grouped into LUT with out node add_ln262)   --->   "%select_ln263 = select i1 %tmp, i30 %sub_ln263_1, i30 %tmp_7" [can.c:263]   --->   Operation 36 'select' 'select_ln263' <Predicate = (icmp_ln261)> <Delay = 0.00> <CoreInst = "Sel">   --->   Core 73 'Sel' <Latency = 0> <II = 1> <Delay = 0.72> <FuncUnit> <Opcode : 'select'> <InPorts = 3> <OutPorts = 1>
ST_2 : Operation 37 [1/1] (0.00ns) (grouped into LUT with out node add_ln262)   --->   "%shl_ln2 = bitconcatenate i32 @_ssdm_op_BitConcatenate.i32.i30.i2, i30 %select_ln263, i2 0" [can.c:262]   --->   Operation 37 'bitconcatenate' 'shl_ln2' <Predicate = (icmp_ln261)> <Delay = 0.00>
ST_2 : Operation 38 [1/1] (1.89ns) (out node of the LUT)   --->   "%add_ln262 = add i32 %shl_ln2, i32 %canbase_read" [can.c:262]   --->   Operation 38 'add' 'add_ln262' <Predicate = (icmp_ln261)> <Delay = 1.89> <CoreInst = "Adder">   --->   Core 1 'Adder' <Latency = 0> <II = 1> <Delay = 1.89> <FuncUnit> <Opcode : 'add' 'sub'> <InPorts = 2> <OutPorts = 1>
ST_2 : Operation 39 [1/1] (0.00ns)   --->   "%trunc_ln = partselect i30 @_ssdm_op_PartSelect.i30.i32.i32.i32, i32 %add_ln262, i32 2, i32 31" [can.c:262]   --->   Operation 39 'partselect' 'trunc_ln' <Predicate = (icmp_ln261)> <Delay = 0.00>
ST_2 : Operation 40 [1/1] (1.89ns)   --->   "%Len_3 = add i32 %Len_2, i32 4" [can.c:261]   --->   Operation 40 'add' 'Len_3' <Predicate = (icmp_ln261)> <Delay = 1.89> <CoreInst = "Adder">   --->   Core 1 'Adder' <Latency = 0> <II = 1> <Delay = 1.89> <FuncUnit> <Opcode : 'add' 'sub'> <InPorts = 2> <OutPorts = 1>
ST_2 : Operation 41 [1/1] (1.29ns)   --->   "%store_ln261 = store i32 %Len_3, i32 %Len" [can.c:261]   --->   Operation 41 'store' 'store_ln261' <Predicate = (icmp_ln261)> <Delay = 1.29>

State 3 <SV = 2> <Delay = 7.30>
ST_3 : Operation 42 [1/1] (0.00ns)   --->   "%sext_ln262 = sext i30 %trunc_ln" [can.c:262]   --->   Operation 42 'sext' 'sext_ln262' <Predicate = true> <Delay = 0.00>
ST_3 : Operation 43 [1/1] (0.00ns)   --->   "%clu_addr_addr = getelementptr i32 %clu_addr, i32 %sext_ln262" [can.c:262]   --->   Operation 43 'getelementptr' 'clu_addr_addr' <Predicate = true> <Delay = 0.00>
ST_3 : Operation 44 [7/7] (7.30ns)   --->   "%data_req = readreq i1 @_ssdm_op_ReadReq.m_axi.i32P1A, i32 %clu_addr_addr, i32 1" [can.c:262]   --->   Operation 44 'readreq' 'data_req' <Predicate = true> <Delay = 7.30> <CoreInst = "m_axi">   --->   Core 113 'm_axi' <Latency = 0> <II = 1> <Delay = 1.00> <Adapter> <Opcode : 'read' 'write' 'readreq' 'writereq' 'writeresp'>

State 4 <SV = 3> <Delay = 7.30>
ST_4 : Operation 45 [6/7] (7.30ns)   --->   "%data_req = readreq i1 @_ssdm_op_ReadReq.m_axi.i32P1A, i32 %clu_addr_addr, i32 1" [can.c:262]   --->   Operation 45 'readreq' 'data_req' <Predicate = true> <Delay = 7.30> <CoreInst = "m_axi">   --->   Core 113 'm_axi' <Latency = 0> <II = 1> <Delay = 1.00> <Adapter> <Opcode : 'read' 'write' 'readreq' 'writereq' 'writeresp'>

State 5 <SV = 4> <Delay = 7.30>
ST_5 : Operation 46 [5/7] (7.30ns)   --->   "%data_req = readreq i1 @_ssdm_op_ReadReq.m_axi.i32P1A, i32 %clu_addr_addr, i32 1" [can.c:262]   --->   Operation 46 'readreq' 'data_req' <Predicate = true> <Delay = 7.30> <CoreInst = "m_axi">   --->   Core 113 'm_axi' <Latency = 0> <II = 1> <Delay = 1.00> <Adapter> <Opcode : 'read' 'write' 'readreq' 'writereq' 'writeresp'>

State 6 <SV = 5> <Delay = 7.30>
ST_6 : Operation 47 [4/7] (7.30ns)   --->   "%data_req = readreq i1 @_ssdm_op_ReadReq.m_axi.i32P1A, i32 %clu_addr_addr, i32 1" [can.c:262]   --->   Operation 47 'readreq' 'data_req' <Predicate = true> <Delay = 7.30> <CoreInst = "m_axi">   --->   Core 113 'm_axi' <Latency = 0> <II = 1> <Delay = 1.00> <Adapter> <Opcode : 'read' 'write' 'readreq' 'writereq' 'writeresp'>

State 7 <SV = 6> <Delay = 7.30>
ST_7 : Operation 48 [3/7] (7.30ns)   --->   "%data_req = readreq i1 @_ssdm_op_ReadReq.m_axi.i32P1A, i32 %clu_addr_addr, i32 1" [can.c:262]   --->   Operation 48 'readreq' 'data_req' <Predicate = true> <Delay = 7.30> <CoreInst = "m_axi">   --->   Core 113 'm_axi' <Latency = 0> <II = 1> <Delay = 1.00> <Adapter> <Opcode : 'read' 'write' 'readreq' 'writereq' 'writeresp'>

State 8 <SV = 7> <Delay = 7.30>
ST_8 : Operation 49 [2/7] (7.30ns)   --->   "%data_req = readreq i1 @_ssdm_op_ReadReq.m_axi.i32P1A, i32 %clu_addr_addr, i32 1" [can.c:262]   --->   Operation 49 'readreq' 'data_req' <Predicate = true> <Delay = 7.30> <CoreInst = "m_axi">   --->   Core 113 'm_axi' <Latency = 0> <II = 1> <Delay = 1.00> <Adapter> <Opcode : 'read' 'write' 'readreq' 'writereq' 'writeresp'>

State 9 <SV = 8> <Delay = 7.30>
ST_9 : Operation 50 [1/7] (7.30ns)   --->   "%data_req = readreq i1 @_ssdm_op_ReadReq.m_axi.i32P1A, i32 %clu_addr_addr, i32 1" [can.c:262]   --->   Operation 50 'readreq' 'data_req' <Predicate = true> <Delay = 7.30> <CoreInst = "m_axi">   --->   Core 113 'm_axi' <Latency = 0> <II = 1> <Delay = 1.00> <Adapter> <Opcode : 'read' 'write' 'readreq' 'writereq' 'writeresp'>

State 10 <SV = 9> <Delay = 7.30>
ST_10 : Operation 51 [1/1] (7.30ns)   --->   "%data = read i32 @_ssdm_op_Read.m_axi.volatile.i32P1A, i32 %clu_addr_addr" [can.c:262]   --->   Operation 51 'read' 'data' <Predicate = true> <Delay = 7.30> <CoreInst = "m_axi">   --->   Core 113 'm_axi' <Latency = 0> <II = 1> <Delay = 1.00> <Adapter> <Opcode : 'read' 'write' 'readreq' 'writereq' 'writeresp'>
ST_10 : Operation 52 [1/1] (0.00ns)   --->   "%trunc_ln17 = partselect i8 @_ssdm_op_PartSelect.i8.i32.i32.i32, i32 %data, i32 24, i32 31" [can.c:264]   --->   Operation 52 'partselect' 'trunc_ln17' <Predicate = true> <Delay = 0.00>
ST_10 : Operation 53 [1/1] (0.00ns)   --->   "%trunc_ln18 = partselect i8 @_ssdm_op_PartSelect.i8.i32.i32.i32, i32 %data, i32 16, i32 23" [can.c:265]   --->   Operation 53 'partselect' 'trunc_ln18' <Predicate = true> <Delay = 0.00>
ST_10 : Operation 54 [1/1] (0.00ns)   --->   "%trunc_ln19 = partselect i8 @_ssdm_op_PartSelect.i8.i32.i32.i32, i32 %data, i32 8, i32 15" [can.c:266]   --->   Operation 54 'partselect' 'trunc_ln19' <Predicate = true> <Delay = 0.00>
ST_10 : Operation 55 [1/1] (0.00ns)   --->   "%trunc_ln267 = trunc i32 %data" [can.c:267]   --->   Operation 55 'trunc' 'trunc_ln267' <Predicate = true> <Delay = 0.00>
ST_10 : Operation 78 [1/1] (0.00ns)   --->   "%ret_ln0 = ret"   --->   Operation 78 'ret' 'ret_ln0' <Predicate = (!icmp_ln261)> <Delay = 0.00>

State 11 <SV = 10> <Delay = 3.98>
ST_11 : Operation 56 [1/1] (0.00ns)   --->   "%canIndex_load = load i64 %canIndex" [can.c:264]   --->   Operation 56 'load' 'canIndex_load' <Predicate = true> <Delay = 0.00>
ST_11 : Operation 57 [1/1] (0.00ns)   --->   "%trunc_ln264 = trunc i64 %canIndex_load" [can.c:264]   --->   Operation 57 'trunc' 'trunc_ln264' <Predicate = true> <Delay = 0.00>
ST_11 : Operation 58 [1/1] (1.31ns)   --->   "%add_ln264 = add i7 %trunc_ln264, i7 12" [can.c:264]   --->   Operation 58 'add' 'add_ln264' <Predicate = true> <Delay = 1.31> <CoreInst = "Adder">   --->   Core 1 'Adder' <Latency = 0> <II = 1> <Delay = 1.31> <FuncUnit> <Opcode : 'add' 'sub'> <InPorts = 2> <OutPorts = 1>
ST_11 : Operation 59 [1/1] (0.00ns)   --->   "%zext_ln264 = zext i7 %add_ln264" [can.c:264]   --->   Operation 59 'zext' 'zext_ln264' <Predicate = true> <Delay = 0.00>
ST_11 : Operation 60 [1/1] (0.00ns)   --->   "%can_frame_addr = getelementptr i8 %can_frame, i32 0, i32 %zext_ln264" [can.c:264]   --->   Operation 60 'getelementptr' 'can_frame_addr' <Predicate = true> <Delay = 0.00>
ST_11 : Operation 61 [1/1] (1.75ns)   --->   "%store_ln264 = store i8 %trunc_ln17, i7 %can_frame_addr" [can.c:264]   --->   Operation 61 'store' 'store_ln264' <Predicate = true> <Delay = 1.75> <CoreInst = "RAM">   --->   Core 82 'RAM' <Latency = 1> <II = 1> <Delay = 1.75> <Storage> <Opcode : 'load' 'store'> <Ports = 2> <Width = 8> <Depth = 92> <RAM>
ST_11 : Operation 62 [1/1] (1.31ns)   --->   "%add_ln265 = add i7 %trunc_ln264, i7 13" [can.c:265]   --->   Operation 62 'add' 'add_ln265' <Predicate = true> <Delay = 1.31> <CoreInst = "Adder">   --->   Core 1 'Adder' <Latency = 0> <II = 1> <Delay = 1.31> <FuncUnit> <Opcode : 'add' 'sub'> <InPorts = 2> <OutPorts = 1>
ST_11 : Operation 63 [1/1] (0.00ns)   --->   "%zext_ln265 = zext i7 %add_ln265" [can.c:265]   --->   Operation 63 'zext' 'zext_ln265' <Predicate = true> <Delay = 0.00>
ST_11 : Operation 64 [1/1] (0.00ns)   --->   "%can_frame_addr_1 = getelementptr i8 %can_frame, i32 0, i32 %zext_ln265" [can.c:265]   --->   Operation 64 'getelementptr' 'can_frame_addr_1' <Predicate = true> <Delay = 0.00>
ST_11 : Operation 65 [1/1] (1.75ns)   --->   "%store_ln265 = store i8 %trunc_ln18, i7 %can_frame_addr_1" [can.c:265]   --->   Operation 65 'store' 'store_ln265' <Predicate = true> <Delay = 1.75> <CoreInst = "RAM">   --->   Core 82 'RAM' <Latency = 1> <II = 1> <Delay = 1.75> <Storage> <Opcode : 'load' 'store'> <Ports = 2> <Width = 8> <Depth = 92> <RAM>
ST_11 : Operation 66 [1/1] (2.69ns)   --->   "%add_ln268 = add i64 %canIndex_load, i64 4" [can.c:268]   --->   Operation 66 'add' 'add_ln268' <Predicate = true> <Delay = 2.69> <CoreInst = "Adder">   --->   Core 1 'Adder' <Latency = 0> <II = 1> <Delay = 2.69> <FuncUnit> <Opcode : 'add' 'sub'> <InPorts = 2> <OutPorts = 1>
ST_11 : Operation 67 [1/1] (1.29ns)   --->   "%store_ln261 = store i64 %add_ln268, i64 %canIndex" [can.c:261]   --->   Operation 67 'store' 'store_ln261' <Predicate = true> <Delay = 1.29>

State 12 <SV = 11> <Delay = 3.07>
ST_12 : Operation 68 [1/1] (0.00ns)   --->   "%specloopname_ln188 = specloopname void @_ssdm_op_SpecLoopName, void @empty_28" [can.c:188]   --->   Operation 68 'specloopname' 'specloopname_ln188' <Predicate = true> <Delay = 0.00>
ST_12 : Operation 69 [1/1] (1.31ns)   --->   "%add_ln266 = add i7 %trunc_ln264, i7 14" [can.c:266]   --->   Operation 69 'add' 'add_ln266' <Predicate = true> <Delay = 1.31> <CoreInst = "Adder">   --->   Core 1 'Adder' <Latency = 0> <II = 1> <Delay = 1.31> <FuncUnit> <Opcode : 'add' 'sub'> <InPorts = 2> <OutPorts = 1>
ST_12 : Operation 70 [1/1] (0.00ns)   --->   "%zext_ln266 = zext i7 %add_ln266" [can.c:266]   --->   Operation 70 'zext' 'zext_ln266' <Predicate = true> <Delay = 0.00>
ST_12 : Operation 71 [1/1] (0.00ns)   --->   "%can_frame_addr_2 = getelementptr i8 %can_frame, i32 0, i32 %zext_ln266" [can.c:266]   --->   Operation 71 'getelementptr' 'can_frame_addr_2' <Predicate = true> <Delay = 0.00>
ST_12 : Operation 72 [1/1] (1.75ns)   --->   "%store_ln266 = store i8 %trunc_ln19, i7 %can_frame_addr_2" [can.c:266]   --->   Operation 72 'store' 'store_ln266' <Predicate = true> <Delay = 1.75> <CoreInst = "RAM">   --->   Core 82 'RAM' <Latency = 1> <II = 1> <Delay = 1.75> <Storage> <Opcode : 'load' 'store'> <Ports = 2> <Width = 8> <Depth = 92> <RAM>
ST_12 : Operation 73 [1/1] (1.31ns)   --->   "%add_ln267 = add i7 %trunc_ln264, i7 15" [can.c:267]   --->   Operation 73 'add' 'add_ln267' <Predicate = true> <Delay = 1.31> <CoreInst = "Adder">   --->   Core 1 'Adder' <Latency = 0> <II = 1> <Delay = 1.31> <FuncUnit> <Opcode : 'add' 'sub'> <InPorts = 2> <OutPorts = 1>
ST_12 : Operation 74 [1/1] (0.00ns)   --->   "%zext_ln267 = zext i7 %add_ln267" [can.c:267]   --->   Operation 74 'zext' 'zext_ln267' <Predicate = true> <Delay = 0.00>
ST_12 : Operation 75 [1/1] (0.00ns)   --->   "%can_frame_addr_3 = getelementptr i8 %can_frame, i32 0, i32 %zext_ln267" [can.c:267]   --->   Operation 75 'getelementptr' 'can_frame_addr_3' <Predicate = true> <Delay = 0.00>
ST_12 : Operation 76 [1/1] (1.75ns)   --->   "%store_ln267 = store i8 %trunc_ln267, i7 %can_frame_addr_3" [can.c:267]   --->   Operation 76 'store' 'store_ln267' <Predicate = true> <Delay = 1.75> <CoreInst = "RAM">   --->   Core 82 'RAM' <Latency = 1> <II = 1> <Delay = 1.75> <Storage> <Opcode : 'load' 'store'> <Ports = 2> <Width = 8> <Depth = 92> <RAM>
ST_12 : Operation 77 [1/1] (0.00ns)   --->   "%br_ln261 = br void %for.inc189" [can.c:261]   --->   Operation 77 'br' 'br_ln261' <Predicate = true> <Delay = 0.00>


============================================================
+ Verbose Summary: Binding
============================================================
STG Binding: 
---------------- STG Properties BEGIN ----------------
- Is combinational: 0
- Is one-state seq: 0
- Is datapath-only: 0
- Is pipelined: 0
- Is top level: 0
Port [ Return ] is wired: 1; IO mode=ap_ctrl_hs:ce=0
Port [ zext_ln27]:  wired=1; compound=0; hidden=0; nouse=0; global=0; static=0; extern=0; dir=0; type=0; pingpong=0; private_global=0; IO mode=ap_none:ce=0
Port [ zext_ln261]:  wired=1; compound=0; hidden=0; nouse=0; global=0; static=0; extern=0; dir=0; type=0; pingpong=0; private_global=0; IO mode=ap_none:ce=0
Port [ canbase]:  wired=1; compound=0; hidden=0; nouse=0; global=0; static=0; extern=0; dir=0; type=0; pingpong=0; private_global=0; IO mode=ap_none:ce=0
Port [ clu_addr]:  wired=1; compound=1; hidden=0; nouse=0; global=0; static=0; extern=0; dir=0; type=4; pingpong=0; private_global=0; IO mode=m_axi:ce=0
Port [ can_frame]:  wired=1; compound=1; hidden=0; nouse=0; global=0; static=0; extern=0; dir=1; type=1; pingpong=0; private_global=0; MemPort=[00]; IO mode=ap_memory:ce=0
---------------- STG Properties END ------------------

---------------- Datapath Model BEGIN ----------------

<LifeTime>
<method=bitvector/>
Len                (alloca        ) [ 0110000000000]
canIndex           (alloca        ) [ 0111111111110]
canbase_read       (read          ) [ 0010000000000]
zext_ln261_read    (read          ) [ 0000000000000]
zext_ln27_read     (read          ) [ 0000000000000]
zext_ln261_cast    (zext          ) [ 0000000000000]
zext_ln27_cast     (zext          ) [ 0000000000000]
specinterface_ln0  (specinterface ) [ 0000000000000]
store_ln0          (store         ) [ 0000000000000]
store_ln0          (store         ) [ 0000000000000]
br_ln0             (br            ) [ 0000000000000]
Len_2              (load          ) [ 0010000000000]
specpipeline_ln0   (specpipeline  ) [ 0000000000000]
icmp_ln261         (icmp          ) [ 0111111111100]
br_ln261           (br            ) [ 0000000000000]
add_ln263          (add           ) [ 0010000000000]
tmp                (bitselect     ) [ 0000000000000]
sub_ln263          (sub           ) [ 0000000000000]
trunc_ln263_1      (partselect    ) [ 0000000000000]
sub_ln263_1        (sub           ) [ 0000000000000]
tmp_7              (partselect    ) [ 0000000000000]
select_ln263       (select        ) [ 0000000000000]
shl_ln2            (bitconcatenate) [ 0000000000000]
add_ln262          (add           ) [ 0000000000000]
trunc_ln           (partselect    ) [ 0101000000000]
Len_3              (add           ) [ 0000000000000]
store_ln261        (store         ) [ 0000000000000]
sext_ln262         (sext          ) [ 0000000000000]
clu_addr_addr      (getelementptr ) [ 0110111111100]
data_req           (readreq       ) [ 0000000000000]
data               (read          ) [ 0000000000000]
trunc_ln17         (partselect    ) [ 0100000000010]
trunc_ln18         (partselect    ) [ 0100000000010]
trunc_ln19         (partselect    ) [ 0110000000011]
trunc_ln267        (trunc         ) [ 0110000000011]
canIndex_load      (load          ) [ 0000000000000]
trunc_ln264        (trunc         ) [ 0010000000001]
add_ln264          (add           ) [ 0000000000000]
zext_ln264         (zext          ) [ 0000000000000]
can_frame_addr     (getelementptr ) [ 0000000000000]
store_ln264        (store         ) [ 0000000000000]
add_ln265          (add           ) [ 0000000000000]
zext_ln265         (zext          ) [ 0000000000000]
can_frame_addr_1   (getelementptr ) [ 0000000000000]
store_ln265        (store         ) [ 0000000000000]
add_ln268          (add           ) [ 0000000000000]
store_ln261        (store         ) [ 0000000000000]
specloopname_ln188 (specloopname  ) [ 0000000000000]
add_ln266          (add           ) [ 0000000000000]
zext_ln266         (zext          ) [ 0000000000000]
can_frame_addr_2   (getelementptr ) [ 0000000000000]
store_ln266        (store         ) [ 0000000000000]
add_ln267          (add           ) [ 0000000000000]
zext_ln267         (zext          ) [ 0000000000000]
can_frame_addr_3   (getelementptr ) [ 0000000000000]
store_ln267        (store         ) [ 0000000000000]
br_ln261           (br            ) [ 0000000000000]
ret_ln0            (ret           ) [ 0000000000000]
</LifeTime>

<model>

<comp_list>
<comp id="0" class="1000" name="zext_ln27">
<pin_list>
<pin id="1" dir="1" index="0" bw="1" slack="0"/>
</pin_list>
<bind>
<StgValue><ssdm name="zext_ln27"/></StgValue>
</bind>
</comp>

<comp id="2" class="1000" name="zext_ln261">
<pin_list>
<pin id="3" dir="1" index="0" bw="1" slack="0"/>
</pin_list>
<bind>
<StgValue><ssdm name="zext_ln261"/></StgValue>
</bind>
</comp>

<comp id="4" class="1000" name="canbase">
<pin_list>
<pin id="5" dir="1" index="0" bw="1" slack="0"/>
</pin_list>
<bind>
<StgValue><ssdm name="canbase"/></StgValue>
</bind>
</comp>

<comp id="6" class="1000" name="clu_addr">
<pin_list>
<pin id="7" dir="1" index="0" bw="1" slack="0"/>
</pin_list>
<bind>
<StgValue><ssdm name="clu_addr"/></StgValue>
</bind>
</comp>

<comp id="8" class="1000" name="can_frame">
<pin_list>
<pin id="9" dir="1" index="0" bw="1" slack="0"/>
</pin_list>
<bind>
<StgValue><ssdm name="can_frame"/><MemPortTyVec>0 0 </MemPortTyVec>
</StgValue>
</bind>
</comp>

<comp id="10" class="1001" name="const_10">
<pin_list>
<pin id="11" dir="1" index="0" bw="1" slack="0"/>
</pin_list>
<bind>
<StgValue><ssdm name=""/></StgValue>
</bind>
</comp>

<comp id="12" class="1001" name="const_12">
<pin_list>
<pin id="13" dir="1" index="0" bw="1" slack="0"/>
</pin_list>
<bind>
<StgValue><ssdm name="_ssdm_op_Read.ap_auto.i32"/></StgValue>
</bind>
</comp>

<comp id="14" class="1001" name="const_14">
<pin_list>
<pin id="15" dir="1" index="0" bw="1" slack="0"/>
</pin_list>
<bind>
<StgValue><ssdm name="_ssdm_op_Read.ap_auto.i15"/></StgValue>
</bind>
</comp>

<comp id="16" class="1001" name="const_16">
<pin_list>
<pin id="17" dir="1" index="0" bw="1" slack="0"/>
</pin_list>
<bind>
<StgValue><ssdm name="_ssdm_op_Read.ap_auto.i7"/></StgValue>
</bind>
</comp>

<comp id="18" class="1001" name="const_18">
<pin_list>
<pin id="19" dir="1" index="0" bw="1" slack="2147483647"/>
</pin_list>
<bind>
<StgValue><ssdm name="_ssdm_op_SpecInterface"/></StgValue>
</bind>
</comp>

<comp id="20" class="1001" name="const_20">
<pin_list>
<pin id="21" dir="1" index="0" bw="1" slack="2147483647"/>
</pin_list>
<bind>
<StgValue><ssdm name="empty_29"/></StgValue>
</bind>
</comp>

<comp id="22" class="1001" name="const_22">
<pin_list>
<pin id="23" dir="1" index="0" bw="1" slack="0"/>
</pin_list>
<bind>
<StgValue><ssdm name=""/></StgValue>
</bind>
</comp>

<comp id="24" class="1001" name="const_24">
<pin_list>
<pin id="25" dir="1" index="0" bw="1" slack="2147483647"/>
</pin_list>
<bind>
<StgValue><ssdm name="empty_30"/></StgValue>
</bind>
</comp>

<comp id="26" class="1001" name="const_26">
<pin_list>
<pin id="27" dir="1" index="0" bw="1" slack="2147483647"/>
</pin_list>
<bind>
<StgValue><ssdm name="empty_31"/></StgValue>
</bind>
</comp>

<comp id="28" class="1001" name="const_28">
<pin_list>
<pin id="29" dir="1" index="0" bw="1" slack="2147483647"/>
</pin_list>
<bind>
<StgValue><ssdm name="empty_32"/></StgValue>
</bind>
</comp>

<comp id="30" class="1001" name="const_30">
<pin_list>
<pin id="31" dir="1" index="0" bw="1" slack="0"/>
</pin_list>
<bind>
<StgValue><ssdm name=""/></StgValue>
</bind>
</comp>

<comp id="32" class="1001" name="const_32">
<pin_list>
<pin id="33" dir="1" index="0" bw="1" slack="2147483647"/>
</pin_list>
<bind>
<StgValue><ssdm name=""/></StgValue>
</bind>
</comp>

<comp id="34" class="1001" name="const_34">
<pin_list>
<pin id="35" dir="1" index="0" bw="1" slack="0"/>
</pin_list>
<bind>
<StgValue><ssdm name=""/></StgValue>
</bind>
</comp>

<comp id="36" class="1001" name="const_36">
<pin_list>
<pin id="37" dir="1" index="0" bw="1" slack="2147483647"/>
</pin_list>
<bind>
<StgValue><ssdm name="_ssdm_op_SpecPipeline"/></StgValue>
</bind>
</comp>

<comp id="38" class="1001" name="const_38">
<pin_list>
<pin id="39" dir="1" index="0" bw="1" slack="2147483647"/>
</pin_list>
<bind>
<StgValue><ssdm name="p_str"/></StgValue>
</bind>
</comp>

<comp id="40" class="1001" name="const_40">
<pin_list>
<pin id="41" dir="1" index="0" bw="1" slack="0"/>
</pin_list>
<bind>
<StgValue><ssdm name="_ssdm_op_BitSelect.i1.i32.i32"/></StgValue>
</bind>
</comp>

<comp id="42" class="1001" name="const_42">
<pin_list>
<pin id="43" dir="1" index="0" bw="1" slack="0"/>
</pin_list>
<bind>
<StgValue><ssdm name=""/></StgValue>
</bind>
</comp>

<comp id="44" class="1001" name="const_44">
<pin_list>
<pin id="45" dir="1" index="0" bw="1" slack="0"/>
</pin_list>
<bind>
<StgValue><ssdm name="_ssdm_op_PartSelect.i30.i32.i32.i32"/></StgValue>
</bind>
</comp>

<comp id="46" class="1001" name="const_46">
<pin_list>
<pin id="47" dir="1" index="0" bw="1" slack="0"/>
</pin_list>
<bind>
<StgValue><ssdm name=""/></StgValue>
</bind>
</comp>

<comp id="48" class="1001" name="const_48">
<pin_list>
<pin id="49" dir="1" index="0" bw="1" slack="0"/>
</pin_list>
<bind>
<StgValue><ssdm name=""/></StgValue>
</bind>
</comp>

<comp id="50" class="1001" name="const_50">
<pin_list>
<pin id="51" dir="1" index="0" bw="1" slack="0"/>
</pin_list>
<bind>
<StgValue><ssdm name="_ssdm_op_BitConcatenate.i32.i30.i2"/></StgValue>
</bind>
</comp>

<comp id="52" class="1001" name="const_52">
<pin_list>
<pin id="53" dir="1" index="0" bw="1" slack="0"/>
</pin_list>
<bind>
<StgValue><ssdm name=""/></StgValue>
</bind>
</comp>

<comp id="54" class="1001" name="const_54">
<pin_list>
<pin id="55" dir="1" index="0" bw="1" slack="0"/>
</pin_list>
<bind>
<StgValue><ssdm name=""/></StgValue>
</bind>
</comp>

<comp id="56" class="1001" name="const_56">
<pin_list>
<pin id="57" dir="1" index="0" bw="1" slack="0"/>
</pin_list>
<bind>
<StgValue><ssdm name="_ssdm_op_ReadReq.m_axi.i32P1A"/></StgValue>
</bind>
</comp>

<comp id="58" class="1001" name="const_58">
<pin_list>
<pin id="59" dir="1" index="0" bw="1" slack="0"/>
</pin_list>
<bind>
<StgValue><ssdm name="_ssdm_op_Read.m_axi.volatile.i32P1A"/></StgValue>
</bind>
</comp>

<comp id="60" class="1001" name="const_60">
<pin_list>
<pin id="61" dir="1" index="0" bw="1" slack="0"/>
</pin_list>
<bind>
<StgValue><ssdm name="_ssdm_op_PartSelect.i8.i32.i32.i32"/></StgValue>
</bind>
</comp>

<comp id="62" class="1001" name="const_62">
<pin_list>
<pin id="63" dir="1" index="0" bw="1" slack="0"/>
</pin_list>
<bind>
<StgValue><ssdm name=""/></StgValue>
</bind>
</comp>

<comp id="64" class="1001" name="const_64">
<pin_list>
<pin id="65" dir="1" index="0" bw="1" slack="0"/>
</pin_list>
<bind>
<StgValue><ssdm name=""/></StgValue>
</bind>
</comp>

<comp id="66" class="1001" name="const_66">
<pin_list>
<pin id="67" dir="1" index="0" bw="1" slack="0"/>
</pin_list>
<bind>
<StgValue><ssdm name=""/></StgValue>
</bind>
</comp>

<comp id="68" class="1001" name="const_68">
<pin_list>
<pin id="69" dir="1" index="0" bw="1" slack="0"/>
</pin_list>
<bind>
<StgValue><ssdm name=""/></StgValue>
</bind>
</comp>

<comp id="70" class="1001" name="const_70">
<pin_list>
<pin id="71" dir="1" index="0" bw="1" slack="0"/>
</pin_list>
<bind>
<StgValue><ssdm name=""/></StgValue>
</bind>
</comp>

<comp id="72" class="1001" name="const_72">
<pin_list>
<pin id="73" dir="1" index="0" bw="1" slack="0"/>
</pin_list>
<bind>
<StgValue><ssdm name=""/></StgValue>
</bind>
</comp>

<comp id="74" class="1001" name="const_74">
<pin_list>
<pin id="75" dir="1" index="0" bw="1" slack="0"/>
</pin_list>
<bind>
<StgValue><ssdm name=""/></StgValue>
</bind>
</comp>

<comp id="76" class="1001" name="const_76">
<pin_list>
<pin id="77" dir="1" index="0" bw="1" slack="2147483647"/>
</pin_list>
<bind>
<StgValue><ssdm name="_ssdm_op_SpecLoopName"/></StgValue>
</bind>
</comp>

<comp id="78" class="1001" name="const_78">
<pin_list>
<pin id="79" dir="1" index="0" bw="1" slack="2147483647"/>
</pin_list>
<bind>
<StgValue><ssdm name="empty_28"/></StgValue>
</bind>
</comp>

<comp id="80" class="1001" name="const_80">
<pin_list>
<pin id="81" dir="1" index="0" bw="1" slack="0"/>
</pin_list>
<bind>
<StgValue><ssdm name=""/></StgValue>
</bind>
</comp>

<comp id="82" class="1001" name="const_82">
<pin_list>
<pin id="83" dir="1" index="0" bw="1" slack="0"/>
</pin_list>
<bind>
<StgValue><ssdm name=""/></StgValue>
</bind>
</comp>

<comp id="84" class="1004" name="Len_fu_84">
<pin_list>
<pin id="85" dir="0" index="0" bw="1" slack="0"/>
<pin id="86" dir="1" index="1" bw="32" slack="0"/>
</pin_list>
<bind>
<opcode="alloca(26) " fcode="alloca"/>
<opset="Len/1 "/>
</bind>
</comp>

<comp id="88" class="1004" name="canIndex_fu_88">
<pin_list>
<pin id="89" dir="0" index="0" bw="1" slack="0"/>
<pin id="90" dir="1" index="1" bw="64" slack="0"/>
</pin_list>
<bind>
<opcode="alloca(26) " fcode="alloca"/>
<opset="canIndex/1 "/>
</bind>
</comp>

<comp id="92" class="1004" name="canbase_read_read_fu_92">
<pin_list>
<pin id="93" dir="0" index="0" bw="32" slack="0"/>
<pin id="94" dir="0" index="1" bw="32" slack="0"/>
<pin id="95" dir="1" index="2" bw="32" slack="1"/>
</pin_list>
<bind>
<opcode="read(1150) " fcode="read"/>
<opset="canbase_read/1 "/>
</bind>
</comp>

<comp id="98" class="1004" name="zext_ln261_read_read_fu_98">
<pin_list>
<pin id="99" dir="0" index="0" bw="15" slack="0"/>
<pin id="100" dir="0" index="1" bw="15" slack="0"/>
<pin id="101" dir="1" index="2" bw="15" slack="0"/>
</pin_list>
<bind>
<opcode="read(1150) " fcode="read"/>
<opset="zext_ln261_read/1 "/>
</bind>
</comp>

<comp id="104" class="1004" name="zext_ln27_read_read_fu_104">
<pin_list>
<pin id="105" dir="0" index="0" bw="7" slack="0"/>
<pin id="106" dir="0" index="1" bw="7" slack="0"/>
<pin id="107" dir="1" index="2" bw="7" slack="0"/>
</pin_list>
<bind>
<opcode="read(1150) " fcode="read"/>
<opset="zext_ln27_read/1 "/>
</bind>
</comp>

<comp id="110" class="1004" name="grp_readreq_fu_110">
<pin_list>
<pin id="111" dir="0" index="0" bw="1" slack="0"/>
<pin id="112" dir="0" index="1" bw="32" slack="0"/>
<pin id="113" dir="0" index="2" bw="1" slack="0"/>
<pin id="114" dir="1" index="3" bw="1" slack="2147483647"/>
</pin_list>
<bind>
<opcode="readreq(1154) " fcode="readreq"/>
<opset="data_req/3 "/>
</bind>
</comp>

<comp id="117" class="1004" name="data_read_fu_117">
<pin_list>
<pin id="118" dir="0" index="0" bw="32" slack="0"/>
<pin id="119" dir="0" index="1" bw="32" slack="7"/>
<pin id="120" dir="1" index="2" bw="32" slack="0"/>
</pin_list>
<bind>
<opcode="read(1150) " fcode="read"/>
<opset="data/10 "/>
</bind>
</comp>

<comp id="122" class="1004" name="can_frame_addr_gep_fu_122">
<pin_list>
<pin id="123" dir="0" index="0" bw="8" slack="0"/>
<pin id="124" dir="0" index="1" bw="1" slack="0"/>
<pin id="125" dir="0" index="2" bw="7" slack="0"/>
<pin id="126" dir="1" index="3" bw="7" slack="0"/>
</pin_list>
<bind>
<opcode="getelementptr(29) " fcode="getelementptr"/>
<opset="can_frame_addr/11 "/>
</bind>
</comp>

<comp id="129" class="1004" name="grp_access_fu_129">
<pin_list>
<pin id="130" dir="0" index="0" bw="7" slack="0"/>
<pin id="131" dir="0" index="1" bw="8" slack="1"/>
<pin id="132" dir="0" index="2" bw="0" slack="0"/>
<pin id="134" dir="0" index="4" bw="7" slack="1"/>
<pin id="135" dir="0" index="5" bw="8" slack="2147483647"/>
<pin id="136" dir="0" index="6" bw="0" slack="2147483647"/>
<pin id="133" dir="1" index="3" bw="8" slack="2147483647"/>
<pin id="137" dir="1" index="7" bw="8" slack="2147483647"/>
</pin_list>
<bind>
<opcode="store(28) " fcode="store"/>
<opset="store_ln264/11 store_ln265/11 store_ln266/12 store_ln267/12 "/>
</bind>
</comp>

<comp id="139" class="1004" name="can_frame_addr_1_gep_fu_139">
<pin_list>
<pin id="140" dir="0" index="0" bw="8" slack="0"/>
<pin id="141" dir="0" index="1" bw="1" slack="0"/>
<pin id="142" dir="0" index="2" bw="7" slack="0"/>
<pin id="143" dir="1" index="3" bw="7" slack="0"/>
</pin_list>
<bind>
<opcode="getelementptr(29) " fcode="getelementptr"/>
<opset="can_frame_addr_1/11 "/>
</bind>
</comp>

<comp id="147" class="1004" name="can_frame_addr_2_gep_fu_147">
<pin_list>
<pin id="148" dir="0" index="0" bw="8" slack="0"/>
<pin id="149" dir="0" index="1" bw="1" slack="0"/>
<pin id="150" dir="0" index="2" bw="7" slack="0"/>
<pin id="151" dir="1" index="3" bw="7" slack="0"/>
</pin_list>
<bind>
<opcode="getelementptr(29) " fcode="getelementptr"/>
<opset="can_frame_addr_2/12 "/>
</bind>
</comp>

<comp id="155" class="1004" name="can_frame_addr_3_gep_fu_155">
<pin_list>
<pin id="156" dir="0" index="0" bw="8" slack="0"/>
<pin id="157" dir="0" index="1" bw="1" slack="0"/>
<pin id="158" dir="0" index="2" bw="7" slack="0"/>
<pin id="159" dir="1" index="3" bw="7" slack="0"/>
</pin_list>
<bind>
<opcode="getelementptr(29) " fcode="getelementptr"/>
<opset="can_frame_addr_3/12 "/>
</bind>
</comp>

<comp id="163" class="1004" name="zext_ln261_cast_fu_163">
<pin_list>
<pin id="164" dir="0" index="0" bw="15" slack="0"/>
<pin id="165" dir="1" index="1" bw="32" slack="0"/>
</pin_list>
<bind>
<opcode="zext(34) " fcode="zext"/>
<opset="zext_ln261_cast/1 "/>
</bind>
</comp>

<comp id="167" class="1004" name="zext_ln27_cast_fu_167">
<pin_list>
<pin id="168" dir="0" index="0" bw="7" slack="0"/>
<pin id="169" dir="1" index="1" bw="32" slack="0"/>
</pin_list>
<bind>
<opcode="zext(34) " fcode="zext"/>
<opset="zext_ln27_cast/1 "/>
</bind>
</comp>

<comp id="171" class="1004" name="store_ln0_store_fu_171">
<pin_list>
<pin id="172" dir="0" index="0" bw="5" slack="0"/>
<pin id="173" dir="0" index="1" bw="64" slack="0"/>
<pin id="174" dir="1" index="2" bw="0" slack="2147483647"/>
</pin_list>
<bind>
<opcode="store(28) " fcode="store"/>
<opset="store_ln0/1 "/>
</bind>
</comp>

<comp id="176" class="1004" name="store_ln0_store_fu_176">
<pin_list>
<pin id="177" dir="0" index="0" bw="1" slack="0"/>
<pin id="178" dir="0" index="1" bw="32" slack="0"/>
<pin id="179" dir="1" index="2" bw="0" slack="2147483647"/>
</pin_list>
<bind>
<opcode="store(28) " fcode="store"/>
<opset="store_ln0/1 "/>
</bind>
</comp>

<comp id="181" class="1004" name="Len_2_load_fu_181">
<pin_list>
<pin id="182" dir="0" index="0" bw="32" slack="0"/>
<pin id="183" dir="1" index="1" bw="32" slack="0"/>
</pin_list>
<bind>
<opcode="load(27) " fcode="load"/>
<opset="Len_2/1 "/>
</bind>
</comp>

<comp id="184" class="1004" name="icmp_ln261_fu_184">
<pin_list>
<pin id="185" dir="0" index="0" bw="32" slack="0"/>
<pin id="186" dir="0" index="1" bw="7" slack="0"/>
<pin id="187" dir="1" index="2" bw="1" slack="1"/>
</pin_list>
<bind>
<opcode="icmp(45) " fcode="icmp"/>
<opset="icmp_ln261/1 "/>
</bind>
</comp>

<comp id="190" class="1004" name="add_ln263_fu_190">
<pin_list>
<pin id="191" dir="0" index="0" bw="32" slack="0"/>
<pin id="192" dir="0" index="1" bw="15" slack="0"/>
<pin id="193" dir="1" index="2" bw="32" slack="1"/>
</pin_list>
<bind>
<opcode="add(8) " fcode="add"/>
<opset="add_ln263/1 "/>
</bind>
</comp>

<comp id="196" class="1004" name="tmp_fu_196">
<pin_list>
<pin id="197" dir="0" index="0" bw="1" slack="0"/>
<pin id="198" dir="0" index="1" bw="32" slack="1"/>
<pin id="199" dir="0" index="2" bw="6" slack="0"/>
<pin id="200" dir="1" index="3" bw="1" slack="0"/>
</pin_list>
<bind>
<opcode="bitselect(1000) " fcode="bitselect"/>
<opset="tmp/2 "/>
</bind>
</comp>

<comp id="203" class="1004" name="sub_ln263_fu_203">
<pin_list>
<pin id="204" dir="0" index="0" bw="1" slack="0"/>
<pin id="205" dir="0" index="1" bw="32" slack="1"/>
<pin id="206" dir="1" index="2" bw="32" slack="0"/>
</pin_list>
<bind>
<opcode="sub(10) " fcode="sub"/>
<opset="sub_ln263/2 "/>
</bind>
</comp>

<comp id="208" class="1004" name="trunc_ln263_1_fu_208">
<pin_list>
<pin id="209" dir="0" index="0" bw="30" slack="0"/>
<pin id="210" dir="0" index="1" bw="32" slack="0"/>
<pin id="211" dir="0" index="2" bw="3" slack="0"/>
<pin id="212" dir="0" index="3" bw="6" slack="0"/>
<pin id="213" dir="1" index="4" bw="30" slack="0"/>
</pin_list>
<bind>
<opcode="partselect(1002) " fcode="partselect"/>
<opset="trunc_ln263_1/2 "/>
</bind>
</comp>

<comp id="218" class="1004" name="sub_ln263_1_fu_218">
<pin_list>
<pin id="219" dir="0" index="0" bw="1" slack="0"/>
<pin id="220" dir="0" index="1" bw="30" slack="0"/>
<pin id="221" dir="1" index="2" bw="30" slack="0"/>
</pin_list>
<bind>
<opcode="sub(10) " fcode="sub"/>
<opset="sub_ln263_1/2 "/>
</bind>
</comp>

<comp id="224" class="1004" name="tmp_7_fu_224">
<pin_list>
<pin id="225" dir="0" index="0" bw="30" slack="0"/>
<pin id="226" dir="0" index="1" bw="32" slack="1"/>
<pin id="227" dir="0" index="2" bw="3" slack="0"/>
<pin id="228" dir="0" index="3" bw="6" slack="0"/>
<pin id="229" dir="1" index="4" bw="30" slack="0"/>
</pin_list>
<bind>
<opcode="partselect(1002) " fcode="partselect"/>
<opset="tmp_7/2 "/>
</bind>
</comp>

<comp id="233" class="1004" name="select_ln263_fu_233">
<pin_list>
<pin id="234" dir="0" index="0" bw="1" slack="0"/>
<pin id="235" dir="0" index="1" bw="30" slack="0"/>
<pin id="236" dir="0" index="2" bw="30" slack="0"/>
<pin id="237" dir="1" index="3" bw="30" slack="0"/>
</pin_list>
<bind>
<opcode="select(49) " fcode="select"/>
<opset="select_ln263/2 "/>
</bind>
</comp>

<comp id="241" class="1004" name="shl_ln2_fu_241">
<pin_list>
<pin id="242" dir="0" index="0" bw="32" slack="0"/>
<pin id="243" dir="0" index="1" bw="30" slack="0"/>
<pin id="244" dir="0" index="2" bw="1" slack="0"/>
<pin id="245" dir="1" index="3" bw="32" slack="0"/>
</pin_list>
<bind>
<opcode="bitconcatenate(1004) " fcode="bitconcatenate"/>
<opset="shl_ln2/2 "/>
</bind>
</comp>

<comp id="249" class="1004" name="add_ln262_fu_249">
<pin_list>
<pin id="250" dir="0" index="0" bw="32" slack="0"/>
<pin id="251" dir="0" index="1" bw="32" slack="1"/>
<pin id="252" dir="1" index="2" bw="32" slack="0"/>
</pin_list>
<bind>
<opcode="add(8) " fcode="add"/>
<opset="add_ln262/2 "/>
</bind>
</comp>

<comp id="254" class="1004" name="trunc_ln_fu_254">
<pin_list>
<pin id="255" dir="0" index="0" bw="30" slack="0"/>
<pin id="256" dir="0" index="1" bw="32" slack="0"/>
<pin id="257" dir="0" index="2" bw="3" slack="0"/>
<pin id="258" dir="0" index="3" bw="6" slack="0"/>
<pin id="259" dir="1" index="4" bw="30" slack="1"/>
</pin_list>
<bind>
<opcode="partselect(1002) " fcode="partselect"/>
<opset="trunc_ln/2 "/>
</bind>
</comp>

<comp id="264" class="1004" name="Len_3_fu_264">
<pin_list>
<pin id="265" dir="0" index="0" bw="32" slack="1"/>
<pin id="266" dir="0" index="1" bw="4" slack="0"/>
<pin id="267" dir="1" index="2" bw="32" slack="0"/>
</pin_list>
<bind>
<opcode="add(8) " fcode="add"/>
<opset="Len_3/2 "/>
</bind>
</comp>

<comp id="269" class="1004" name="store_ln261_store_fu_269">
<pin_list>
<pin id="270" dir="0" index="0" bw="32" slack="0"/>
<pin id="271" dir="0" index="1" bw="32" slack="1"/>
<pin id="272" dir="1" index="2" bw="0" slack="2147483647"/>
</pin_list>
<bind>
<opcode="store(28) " fcode="store"/>
<opset="store_ln261/2 "/>
</bind>
</comp>

<comp id="274" class="1004" name="sext_ln262_fu_274">
<pin_list>
<pin id="275" dir="0" index="0" bw="30" slack="1"/>
<pin id="276" dir="1" index="1" bw="32" slack="0"/>
</pin_list>
<bind>
<opcode="sext(35) " fcode="sext"/>
<opset="sext_ln262/3 "/>
</bind>
</comp>

<comp id="277" class="1004" name="clu_addr_addr_fu_277">
<pin_list>
<pin id="278" dir="0" index="0" bw="32" slack="0"/>
<pin id="279" dir="0" index="1" bw="30" slack="0"/>
<pin id="280" dir="1" index="2" bw="32" slack="0"/>
</pin_list>
<bind>
<opcode="getelementptr(29) " fcode="getelementptr"/>
<opset="clu_addr_addr/3 "/>
</bind>
</comp>

<comp id="284" class="1004" name="trunc_ln17_fu_284">
<pin_list>
<pin id="285" dir="0" index="0" bw="8" slack="0"/>
<pin id="286" dir="0" index="1" bw="32" slack="0"/>
<pin id="287" dir="0" index="2" bw="6" slack="0"/>
<pin id="288" dir="0" index="3" bw="6" slack="0"/>
<pin id="289" dir="1" index="4" bw="8" slack="1"/>
</pin_list>
<bind>
<opcode="partselect(1002) " fcode="partselect"/>
<opset="trunc_ln17/10 "/>
</bind>
</comp>

<comp id="294" class="1004" name="trunc_ln18_fu_294">
<pin_list>
<pin id="295" dir="0" index="0" bw="8" slack="0"/>
<pin id="296" dir="0" index="1" bw="32" slack="0"/>
<pin id="297" dir="0" index="2" bw="6" slack="0"/>
<pin id="298" dir="0" index="3" bw="6" slack="0"/>
<pin id="299" dir="1" index="4" bw="8" slack="1"/>
</pin_list>
<bind>
<opcode="partselect(1002) " fcode="partselect"/>
<opset="trunc_ln18/10 "/>
</bind>
</comp>

<comp id="304" class="1004" name="trunc_ln19_fu_304">
<pin_list>
<pin id="305" dir="0" index="0" bw="8" slack="0"/>
<pin id="306" dir="0" index="1" bw="32" slack="0"/>
<pin id="307" dir="0" index="2" bw="5" slack="0"/>
<pin id="308" dir="0" index="3" bw="5" slack="0"/>
<pin id="309" dir="1" index="4" bw="8" slack="2"/>
</pin_list>
<bind>
<opcode="partselect(1002) " fcode="partselect"/>
<opset="trunc_ln19/10 "/>
</bind>
</comp>

<comp id="314" class="1004" name="trunc_ln267_fu_314">
<pin_list>
<pin id="315" dir="0" index="0" bw="32" slack="0"/>
<pin id="316" dir="1" index="1" bw="8" slack="2"/>
</pin_list>
<bind>
<opcode="trunc(33) " fcode="trunc"/>
<opset="trunc_ln267/10 "/>
</bind>
</comp>

<comp id="318" class="1004" name="canIndex_load_load_fu_318">
<pin_list>
<pin id="319" dir="0" index="0" bw="64" slack="10"/>
<pin id="320" dir="1" index="1" bw="64" slack="0"/>
</pin_list>
<bind>
<opcode="load(27) " fcode="load"/>
<opset="canIndex_load/11 "/>
</bind>
</comp>

<comp id="321" class="1004" name="trunc_ln264_fu_321">
<pin_list>
<pin id="322" dir="0" index="0" bw="64" slack="0"/>
<pin id="323" dir="1" index="1" bw="7" slack="0"/>
</pin_list>
<bind>
<opcode="trunc(33) " fcode="trunc"/>
<opset="trunc_ln264/11 "/>
</bind>
</comp>

<comp id="325" class="1004" name="add_ln264_fu_325">
<pin_list>
<pin id="326" dir="0" index="0" bw="7" slack="0"/>
<pin id="327" dir="0" index="1" bw="5" slack="0"/>
<pin id="328" dir="1" index="2" bw="7" slack="0"/>
</pin_list>
<bind>
<opcode="add(8) " fcode="add"/>
<opset="add_ln264/11 "/>
</bind>
</comp>

<comp id="331" class="1004" name="zext_ln264_fu_331">
<pin_list>
<pin id="332" dir="0" index="0" bw="7" slack="0"/>
<pin id="333" dir="1" index="1" bw="32" slack="0"/>
</pin_list>
<bind>
<opcode="zext(34) " fcode="zext"/>
<opset="zext_ln264/11 "/>
</bind>
</comp>

<comp id="336" class="1004" name="add_ln265_fu_336">
<pin_list>
<pin id="337" dir="0" index="0" bw="7" slack="0"/>
<pin id="338" dir="0" index="1" bw="5" slack="0"/>
<pin id="339" dir="1" index="2" bw="7" slack="0"/>
</pin_list>
<bind>
<opcode="add(8) " fcode="add"/>
<opset="add_ln265/11 "/>
</bind>
</comp>

<comp id="342" class="1004" name="zext_ln265_fu_342">
<pin_list>
<pin id="343" dir="0" index="0" bw="7" slack="0"/>
<pin id="344" dir="1" index="1" bw="32" slack="0"/>
</pin_list>
<bind>
<opcode="zext(34) " fcode="zext"/>
<opset="zext_ln265/11 "/>
</bind>
</comp>

<comp id="347" class="1004" name="add_ln268_fu_347">
<pin_list>
<pin id="348" dir="0" index="0" bw="64" slack="0"/>
<pin id="349" dir="0" index="1" bw="4" slack="0"/>
<pin id="350" dir="1" index="2" bw="64" slack="0"/>
</pin_list>
<bind>
<opcode="add(8) " fcode="add"/>
<opset="add_ln268/11 "/>
</bind>
</comp>

<comp id="353" class="1004" name="store_ln261_store_fu_353">
<pin_list>
<pin id="354" dir="0" index="0" bw="64" slack="0"/>
<pin id="355" dir="0" index="1" bw="64" slack="10"/>
<pin id="356" dir="1" index="2" bw="0" slack="2147483647"/>
</pin_list>
<bind>
<opcode="store(28) " fcode="store"/>
<opset="store_ln261/11 "/>
</bind>
</comp>

<comp id="358" class="1004" name="add_ln266_fu_358">
<pin_list>
<pin id="359" dir="0" index="0" bw="7" slack="1"/>
<pin id="360" dir="0" index="1" bw="5" slack="0"/>
<pin id="361" dir="1" index="2" bw="7" slack="0"/>
</pin_list>
<bind>
<opcode="add(8) " fcode="add"/>
<opset="add_ln266/12 "/>
</bind>
</comp>

<comp id="363" class="1004" name="zext_ln266_fu_363">
<pin_list>
<pin id="364" dir="0" index="0" bw="7" slack="0"/>
<pin id="365" dir="1" index="1" bw="32" slack="0"/>
</pin_list>
<bind>
<opcode="zext(34) " fcode="zext"/>
<opset="zext_ln266/12 "/>
</bind>
</comp>

<comp id="368" class="1004" name="add_ln267_fu_368">
<pin_list>
<pin id="369" dir="0" index="0" bw="7" slack="1"/>
<pin id="370" dir="0" index="1" bw="5" slack="0"/>
<pin id="371" dir="1" index="2" bw="7" slack="0"/>
</pin_list>
<bind>
<opcode="add(8) " fcode="add"/>
<opset="add_ln267/12 "/>
</bind>
</comp>

<comp id="373" class="1004" name="zext_ln267_fu_373">
<pin_list>
<pin id="374" dir="0" index="0" bw="7" slack="0"/>
<pin id="375" dir="1" index="1" bw="32" slack="0"/>
</pin_list>
<bind>
<opcode="zext(34) " fcode="zext"/>
<opset="zext_ln267/12 "/>
</bind>
</comp>

<comp id="378" class="1005" name="Len_reg_378">
<pin_list>
<pin id="379" dir="0" index="0" bw="32" slack="0"/>
<pin id="380" dir="1" index="1" bw="32" slack="0"/>
</pin_list>
<bind>
<opset="Len "/>
</bind>
</comp>

<comp id="385" class="1005" name="canIndex_reg_385">
<pin_list>
<pin id="386" dir="0" index="0" bw="64" slack="0"/>
<pin id="387" dir="1" index="1" bw="64" slack="0"/>
</pin_list>
<bind>
<opset="canIndex "/>
</bind>
</comp>

<comp id="392" class="1005" name="canbase_read_reg_392">
<pin_list>
<pin id="393" dir="0" index="0" bw="32" slack="1"/>
<pin id="394" dir="1" index="1" bw="32" slack="1"/>
</pin_list>
<bind>
<opset="canbase_read "/>
</bind>
</comp>

<comp id="397" class="1005" name="Len_2_reg_397">
<pin_list>
<pin id="398" dir="0" index="0" bw="32" slack="1"/>
<pin id="399" dir="1" index="1" bw="32" slack="1"/>
</pin_list>
<bind>
<opset="Len_2 "/>
</bind>
</comp>

<comp id="402" class="1005" name="icmp_ln261_reg_402">
<pin_list>
<pin id="403" dir="0" index="0" bw="1" slack="1"/>
<pin id="404" dir="1" index="1" bw="1" slack="2147483647"/>
</pin_list>
<bind>
<opset="icmp_ln261 "/>
</bind>
</comp>

<comp id="406" class="1005" name="add_ln263_reg_406">
<pin_list>
<pin id="407" dir="0" index="0" bw="32" slack="1"/>
<pin id="408" dir="1" index="1" bw="32" slack="1"/>
</pin_list>
<bind>
<opset="add_ln263 "/>
</bind>
</comp>

<comp id="413" class="1005" name="trunc_ln_reg_413">
<pin_list>
<pin id="414" dir="0" index="0" bw="30" slack="1"/>
<pin id="415" dir="1" index="1" bw="30" slack="1"/>
</pin_list>
<bind>
<opset="trunc_ln "/>
</bind>
</comp>

<comp id="418" class="1005" name="clu_addr_addr_reg_418">
<pin_list>
<pin id="419" dir="0" index="0" bw="32" slack="1"/>
<pin id="420" dir="1" index="1" bw="32" slack="1"/>
</pin_list>
<bind>
<opset="clu_addr_addr "/>
</bind>
</comp>

<comp id="424" class="1005" name="trunc_ln17_reg_424">
<pin_list>
<pin id="425" dir="0" index="0" bw="8" slack="1"/>
<pin id="426" dir="1" index="1" bw="8" slack="1"/>
</pin_list>
<bind>
<opset="trunc_ln17 "/>
</bind>
</comp>

<comp id="429" class="1005" name="trunc_ln18_reg_429">
<pin_list>
<pin id="430" dir="0" index="0" bw="8" slack="1"/>
<pin id="431" dir="1" index="1" bw="8" slack="1"/>
</pin_list>
<bind>
<opset="trunc_ln18 "/>
</bind>
</comp>

<comp id="434" class="1005" name="trunc_ln19_reg_434">
<pin_list>
<pin id="435" dir="0" index="0" bw="8" slack="2"/>
<pin id="436" dir="1" index="1" bw="8" slack="2"/>
</pin_list>
<bind>
<opset="trunc_ln19 "/>
</bind>
</comp>

<comp id="439" class="1005" name="trunc_ln267_reg_439">
<pin_list>
<pin id="440" dir="0" index="0" bw="8" slack="2"/>
<pin id="441" dir="1" index="1" bw="8" slack="2"/>
</pin_list>
<bind>
<opset="trunc_ln267 "/>
</bind>
</comp>

<comp id="444" class="1005" name="trunc_ln264_reg_444">
<pin_list>
<pin id="445" dir="0" index="0" bw="7" slack="1"/>
<pin id="446" dir="1" index="1" bw="7" slack="1"/>
</pin_list>
<bind>
<opset="trunc_ln264 "/>
</bind>
</comp>

</comp_list>

<net_list>
<net id="87"><net_src comp="10" pin="0"/><net_sink comp="84" pin=0"/></net>

<net id="91"><net_src comp="10" pin="0"/><net_sink comp="88" pin=0"/></net>

<net id="96"><net_src comp="12" pin="0"/><net_sink comp="92" pin=0"/></net>

<net id="97"><net_src comp="4" pin="0"/><net_sink comp="92" pin=1"/></net>

<net id="102"><net_src comp="14" pin="0"/><net_sink comp="98" pin=0"/></net>

<net id="103"><net_src comp="2" pin="0"/><net_sink comp="98" pin=1"/></net>

<net id="108"><net_src comp="16" pin="0"/><net_sink comp="104" pin=0"/></net>

<net id="109"><net_src comp="0" pin="0"/><net_sink comp="104" pin=1"/></net>

<net id="115"><net_src comp="56" pin="0"/><net_sink comp="110" pin=0"/></net>

<net id="116"><net_src comp="10" pin="0"/><net_sink comp="110" pin=2"/></net>

<net id="121"><net_src comp="58" pin="0"/><net_sink comp="117" pin=0"/></net>

<net id="127"><net_src comp="8" pin="0"/><net_sink comp="122" pin=0"/></net>

<net id="128"><net_src comp="22" pin="0"/><net_sink comp="122" pin=1"/></net>

<net id="138"><net_src comp="122" pin="3"/><net_sink comp="129" pin=2"/></net>

<net id="144"><net_src comp="8" pin="0"/><net_sink comp="139" pin=0"/></net>

<net id="145"><net_src comp="22" pin="0"/><net_sink comp="139" pin=1"/></net>

<net id="146"><net_src comp="139" pin="3"/><net_sink comp="129" pin=0"/></net>

<net id="152"><net_src comp="8" pin="0"/><net_sink comp="147" pin=0"/></net>

<net id="153"><net_src comp="22" pin="0"/><net_sink comp="147" pin=1"/></net>

<net id="154"><net_src comp="147" pin="3"/><net_sink comp="129" pin=2"/></net>

<net id="160"><net_src comp="8" pin="0"/><net_sink comp="155" pin=0"/></net>

<net id="161"><net_src comp="22" pin="0"/><net_sink comp="155" pin=1"/></net>

<net id="162"><net_src comp="155" pin="3"/><net_sink comp="129" pin=0"/></net>

<net id="166"><net_src comp="98" pin="2"/><net_sink comp="163" pin=0"/></net>

<net id="170"><net_src comp="104" pin="2"/><net_sink comp="167" pin=0"/></net>

<net id="175"><net_src comp="34" pin="0"/><net_sink comp="171" pin=0"/></net>

<net id="180"><net_src comp="22" pin="0"/><net_sink comp="176" pin=0"/></net>

<net id="188"><net_src comp="181" pin="1"/><net_sink comp="184" pin=0"/></net>

<net id="189"><net_src comp="167" pin="1"/><net_sink comp="184" pin=1"/></net>

<net id="194"><net_src comp="181" pin="1"/><net_sink comp="190" pin=0"/></net>

<net id="195"><net_src comp="163" pin="1"/><net_sink comp="190" pin=1"/></net>

<net id="201"><net_src comp="40" pin="0"/><net_sink comp="196" pin=0"/></net>

<net id="202"><net_src comp="42" pin="0"/><net_sink comp="196" pin=2"/></net>

<net id="207"><net_src comp="22" pin="0"/><net_sink comp="203" pin=0"/></net>

<net id="214"><net_src comp="44" pin="0"/><net_sink comp="208" pin=0"/></net>

<net id="215"><net_src comp="203" pin="2"/><net_sink comp="208" pin=1"/></net>

<net id="216"><net_src comp="46" pin="0"/><net_sink comp="208" pin=2"/></net>

<net id="217"><net_src comp="42" pin="0"/><net_sink comp="208" pin=3"/></net>

<net id="222"><net_src comp="48" pin="0"/><net_sink comp="218" pin=0"/></net>

<net id="223"><net_src comp="208" pin="4"/><net_sink comp="218" pin=1"/></net>

<net id="230"><net_src comp="44" pin="0"/><net_sink comp="224" pin=0"/></net>

<net id="231"><net_src comp="46" pin="0"/><net_sink comp="224" pin=2"/></net>

<net id="232"><net_src comp="42" pin="0"/><net_sink comp="224" pin=3"/></net>

<net id="238"><net_src comp="196" pin="3"/><net_sink comp="233" pin=0"/></net>

<net id="239"><net_src comp="218" pin="2"/><net_sink comp="233" pin=1"/></net>

<net id="240"><net_src comp="224" pin="4"/><net_sink comp="233" pin=2"/></net>

<net id="246"><net_src comp="50" pin="0"/><net_sink comp="241" pin=0"/></net>

<net id="247"><net_src comp="233" pin="3"/><net_sink comp="241" pin=1"/></net>

<net id="248"><net_src comp="52" pin="0"/><net_sink comp="241" pin=2"/></net>

<net id="253"><net_src comp="241" pin="3"/><net_sink comp="249" pin=0"/></net>

<net id="260"><net_src comp="44" pin="0"/><net_sink comp="254" pin=0"/></net>

<net id="261"><net_src comp="249" pin="2"/><net_sink comp="254" pin=1"/></net>

<net id="262"><net_src comp="46" pin="0"/><net_sink comp="254" pin=2"/></net>

<net id="263"><net_src comp="42" pin="0"/><net_sink comp="254" pin=3"/></net>

<net id="268"><net_src comp="54" pin="0"/><net_sink comp="264" pin=1"/></net>

<net id="273"><net_src comp="264" pin="2"/><net_sink comp="269" pin=0"/></net>

<net id="281"><net_src comp="6" pin="0"/><net_sink comp="277" pin=0"/></net>

<net id="282"><net_src comp="274" pin="1"/><net_sink comp="277" pin=1"/></net>

<net id="283"><net_src comp="277" pin="2"/><net_sink comp="110" pin=1"/></net>

<net id="290"><net_src comp="60" pin="0"/><net_sink comp="284" pin=0"/></net>

<net id="291"><net_src comp="117" pin="2"/><net_sink comp="284" pin=1"/></net>

<net id="292"><net_src comp="62" pin="0"/><net_sink comp="284" pin=2"/></net>

<net id="293"><net_src comp="42" pin="0"/><net_sink comp="284" pin=3"/></net>

<net id="300"><net_src comp="60" pin="0"/><net_sink comp="294" pin=0"/></net>

<net id="301"><net_src comp="117" pin="2"/><net_sink comp="294" pin=1"/></net>

<net id="302"><net_src comp="30" pin="0"/><net_sink comp="294" pin=2"/></net>

<net id="303"><net_src comp="64" pin="0"/><net_sink comp="294" pin=3"/></net>

<net id="310"><net_src comp="60" pin="0"/><net_sink comp="304" pin=0"/></net>

<net id="311"><net_src comp="117" pin="2"/><net_sink comp="304" pin=1"/></net>

<net id="312"><net_src comp="66" pin="0"/><net_sink comp="304" pin=2"/></net>

<net id="313"><net_src comp="68" pin="0"/><net_sink comp="304" pin=3"/></net>

<net id="317"><net_src comp="117" pin="2"/><net_sink comp="314" pin=0"/></net>

<net id="324"><net_src comp="318" pin="1"/><net_sink comp="321" pin=0"/></net>

<net id="329"><net_src comp="321" pin="1"/><net_sink comp="325" pin=0"/></net>

<net id="330"><net_src comp="70" pin="0"/><net_sink comp="325" pin=1"/></net>

<net id="334"><net_src comp="325" pin="2"/><net_sink comp="331" pin=0"/></net>

<net id="335"><net_src comp="331" pin="1"/><net_sink comp="122" pin=2"/></net>

<net id="340"><net_src comp="321" pin="1"/><net_sink comp="336" pin=0"/></net>

<net id="341"><net_src comp="72" pin="0"/><net_sink comp="336" pin=1"/></net>

<net id="345"><net_src comp="336" pin="2"/><net_sink comp="342" pin=0"/></net>

<net id="346"><net_src comp="342" pin="1"/><net_sink comp="139" pin=2"/></net>

<net id="351"><net_src comp="318" pin="1"/><net_sink comp="347" pin=0"/></net>

<net id="352"><net_src comp="74" pin="0"/><net_sink comp="347" pin=1"/></net>

<net id="357"><net_src comp="347" pin="2"/><net_sink comp="353" pin=0"/></net>

<net id="362"><net_src comp="80" pin="0"/><net_sink comp="358" pin=1"/></net>

<net id="366"><net_src comp="358" pin="2"/><net_sink comp="363" pin=0"/></net>

<net id="367"><net_src comp="363" pin="1"/><net_sink comp="147" pin=2"/></net>

<net id="372"><net_src comp="82" pin="0"/><net_sink comp="368" pin=1"/></net>

<net id="376"><net_src comp="368" pin="2"/><net_sink comp="373" pin=0"/></net>

<net id="377"><net_src comp="373" pin="1"/><net_sink comp="155" pin=2"/></net>

<net id="381"><net_src comp="84" pin="1"/><net_sink comp="378" pin=0"/></net>

<net id="382"><net_src comp="378" pin="1"/><net_sink comp="176" pin=1"/></net>

<net id="383"><net_src comp="378" pin="1"/><net_sink comp="181" pin=0"/></net>

<net id="384"><net_src comp="378" pin="1"/><net_sink comp="269" pin=1"/></net>

<net id="388"><net_src comp="88" pin="1"/><net_sink comp="385" pin=0"/></net>

<net id="389"><net_src comp="385" pin="1"/><net_sink comp="171" pin=1"/></net>

<net id="390"><net_src comp="385" pin="1"/><net_sink comp="318" pin=0"/></net>

<net id="391"><net_src comp="385" pin="1"/><net_sink comp="353" pin=1"/></net>

<net id="395"><net_src comp="92" pin="2"/><net_sink comp="392" pin=0"/></net>

<net id="396"><net_src comp="392" pin="1"/><net_sink comp="249" pin=1"/></net>

<net id="400"><net_src comp="181" pin="1"/><net_sink comp="397" pin=0"/></net>

<net id="401"><net_src comp="397" pin="1"/><net_sink comp="264" pin=0"/></net>

<net id="405"><net_src comp="184" pin="2"/><net_sink comp="402" pin=0"/></net>

<net id="409"><net_src comp="190" pin="2"/><net_sink comp="406" pin=0"/></net>

<net id="410"><net_src comp="406" pin="1"/><net_sink comp="196" pin=1"/></net>

<net id="411"><net_src comp="406" pin="1"/><net_sink comp="203" pin=1"/></net>

<net id="412"><net_src comp="406" pin="1"/><net_sink comp="224" pin=1"/></net>

<net id="416"><net_src comp="254" pin="4"/><net_sink comp="413" pin=0"/></net>

<net id="417"><net_src comp="413" pin="1"/><net_sink comp="274" pin=0"/></net>

<net id="421"><net_src comp="277" pin="2"/><net_sink comp="418" pin=0"/></net>

<net id="422"><net_src comp="418" pin="1"/><net_sink comp="110" pin=1"/></net>

<net id="423"><net_src comp="418" pin="1"/><net_sink comp="117" pin=1"/></net>

<net id="427"><net_src comp="284" pin="4"/><net_sink comp="424" pin=0"/></net>

<net id="428"><net_src comp="424" pin="1"/><net_sink comp="129" pin=4"/></net>

<net id="432"><net_src comp="294" pin="4"/><net_sink comp="429" pin=0"/></net>

<net id="433"><net_src comp="429" pin="1"/><net_sink comp="129" pin=1"/></net>

<net id="437"><net_src comp="304" pin="4"/><net_sink comp="434" pin=0"/></net>

<net id="438"><net_src comp="434" pin="1"/><net_sink comp="129" pin=4"/></net>

<net id="442"><net_src comp="314" pin="1"/><net_sink comp="439" pin=0"/></net>

<net id="443"><net_src comp="439" pin="1"/><net_sink comp="129" pin=1"/></net>

<net id="447"><net_src comp="321" pin="1"/><net_sink comp="444" pin=0"/></net>

<net id="448"><net_src comp="444" pin="1"/><net_sink comp="358" pin=0"/></net>

<net id="449"><net_src comp="444" pin="1"/><net_sink comp="368" pin=0"/></net>

</net_list>

</model> 
---------------- Datapath Model END ------------------

* FSMD analyzer results:
  - Output states:
	Port: can_frame | {11 12 }
 - Input state : 
	Port: recvFrame_logic.1_Pipeline_VITIS_LOOP_261_2 : zext_ln27 | {1 }
	Port: recvFrame_logic.1_Pipeline_VITIS_LOOP_261_2 : zext_ln261 | {1 }
	Port: recvFrame_logic.1_Pipeline_VITIS_LOOP_261_2 : canbase | {1 }
	Port: recvFrame_logic.1_Pipeline_VITIS_LOOP_261_2 : clu_addr | {3 4 5 6 7 8 9 10 }
  - Chain level:
	State 1
		store_ln0 : 1
		store_ln0 : 1
		Len_2 : 1
		icmp_ln261 : 1
		br_ln261 : 2
		add_ln263 : 1
	State 2
		trunc_ln263_1 : 1
		sub_ln263_1 : 2
		select_ln263 : 3
		shl_ln2 : 4
		add_ln262 : 5
		trunc_ln : 6
		store_ln261 : 1
	State 3
		clu_addr_addr : 1
		data_req : 2
	State 4
	State 5
	State 6
	State 7
	State 8
	State 9
	State 10
	State 11
		trunc_ln264 : 1
		add_ln264 : 2
		zext_ln264 : 3
		can_frame_addr : 4
		store_ln264 : 5
		add_ln265 : 2
		zext_ln265 : 3
		can_frame_addr_1 : 4
		store_ln265 : 5
		add_ln268 : 1
		store_ln261 : 2
	State 12
		zext_ln266 : 1
		can_frame_addr_2 : 2
		store_ln266 : 3
		zext_ln267 : 1
		can_frame_addr_3 : 2
		store_ln267 : 3


============================================================
+ Verbose Summary: Datapath Resource usage 
============================================================

* Functional unit list:
|----------|----------------------------|---------|---------|
| Operation|       Functional Unit      |    FF   |   LUT   |
|----------|----------------------------|---------|---------|
|          |      add_ln263_fu_190      |    0    |    32   |
|          |      add_ln262_fu_249      |    0    |    32   |
|          |        Len_3_fu_264        |    0    |    32   |
|    add   |      add_ln264_fu_325      |    0    |    7    |
|          |      add_ln265_fu_336      |    0    |    7    |
|          |      add_ln268_fu_347      |    0    |    64   |
|          |      add_ln266_fu_358      |    0    |    7    |
|          |      add_ln267_fu_368      |    0    |    7    |
|----------|----------------------------|---------|---------|
|    sub   |      sub_ln263_fu_203      |    0    |    32   |
|          |     sub_ln263_1_fu_218     |    0    |    30   |
|----------|----------------------------|---------|---------|
|  select  |     select_ln263_fu_233    |    0    |    30   |
|----------|----------------------------|---------|---------|
|   icmp   |      icmp_ln261_fu_184     |    0    |    12   |
|----------|----------------------------|---------|---------|
|          |   canbase_read_read_fu_92  |    0    |    0    |
|   read   | zext_ln261_read_read_fu_98 |    0    |    0    |
|          | zext_ln27_read_read_fu_104 |    0    |    0    |
|          |      data_read_fu_117      |    0    |    0    |
|----------|----------------------------|---------|---------|
|  readreq |     grp_readreq_fu_110     |    0    |    0    |
|----------|----------------------------|---------|---------|
|          |   zext_ln261_cast_fu_163   |    0    |    0    |
|          |    zext_ln27_cast_fu_167   |    0    |    0    |
|   zext   |      zext_ln264_fu_331     |    0    |    0    |
|          |      zext_ln265_fu_342     |    0    |    0    |
|          |      zext_ln266_fu_363     |    0    |    0    |
|          |      zext_ln267_fu_373     |    0    |    0    |
|----------|----------------------------|---------|---------|
| bitselect|         tmp_fu_196         |    0    |    0    |
|----------|----------------------------|---------|---------|
|          |    trunc_ln263_1_fu_208    |    0    |    0    |
|          |        tmp_7_fu_224        |    0    |    0    |
|partselect|       trunc_ln_fu_254      |    0    |    0    |
|          |      trunc_ln17_fu_284     |    0    |    0    |
|          |      trunc_ln18_fu_294     |    0    |    0    |
|          |      trunc_ln19_fu_304     |    0    |    0    |
|----------|----------------------------|---------|---------|
|bitconcatenate|       shl_ln2_fu_241       |    0    |    0    |
|----------|----------------------------|---------|---------|
|   sext   |      sext_ln262_fu_274     |    0    |    0    |
|----------|----------------------------|---------|---------|
|   trunc  |     trunc_ln267_fu_314     |    0    |    0    |
|          |     trunc_ln264_fu_321     |    0    |    0    |
|----------|----------------------------|---------|---------|
|   Total  |                            |    0    |   292   |
|----------|----------------------------|---------|---------|

Memories:
N/A

* Register list:
+---------------------+--------+
|                     |   FF   |
+---------------------+--------+
|    Len_2_reg_397    |   32   |
|     Len_reg_378     |   32   |
|  add_ln263_reg_406  |   32   |
|   canIndex_reg_385  |   64   |
| canbase_read_reg_392|   32   |
|clu_addr_addr_reg_418|   32   |
|  icmp_ln261_reg_402 |    1   |
|  trunc_ln17_reg_424 |    8   |
|  trunc_ln18_reg_429 |    8   |
|  trunc_ln19_reg_434 |    8   |
| trunc_ln264_reg_444 |    7   |
| trunc_ln267_reg_439 |    8   |
|   trunc_ln_reg_413  |   30   |
+---------------------+--------+
|        Total        |   294  |
+---------------------+--------+

* Multiplexer (MUX) list: 
|--------------------|------|------|------|--------||---------||---------|
|        Comp        |  Pin | Size |  BW  | S x BW ||  Delay  ||   LUT   |
|--------------------|------|------|------|--------||---------||---------|
| grp_readreq_fu_110 |  p1  |   2  |  32  |   64   ||    9    |
|  grp_access_fu_129 |  p0  |   2  |   7  |   14   ||    9    |
|  grp_access_fu_129 |  p1  |   2  |   8  |   16   ||    9    |
|  grp_access_fu_129 |  p2  |   2  |   0  |    0   ||    9    |
|  grp_access_fu_129 |  p4  |   2  |   7  |   14   ||    9    |
|--------------------|------|------|------|--------||---------||---------|
|        Total       |      |      |      |   108  ||   6.49  ||    45   |
|--------------------|------|------|------|--------||---------||---------|



* Summary:
+-----------+--------+--------+--------+
|           |  Delay |   FF   |   LUT  |
+-----------+--------+--------+--------+
|  Function |    -   |    0   |   292  |
|   Memory  |    -   |    -   |    -   |
|Multiplexer|    6   |    -   |   45   |
|  Register |    -   |   294  |    -   |
+-----------+--------+--------+--------+
|   Total   |    6   |   294  |   337  |
+-----------+--------+--------+--------+
