

================================================================
== Vitis HLS Report for 'entry_proc'
================================================================
* Date:           Mon Dec 19 09:55:11 2022

* Version:        2022.2 (Build 3670227 on Oct 13 2022)
* Project:        maclogger
* Solution:       solution1 (Vivado IP Flow Target)
* Product family: zynquplus
* Target device:  xczu5ev-sfvc784-2-i


================================================================
== Performance Estimates
================================================================
+ Timing: 
    * Summary: 
    +--------+----------+----------+------------+
    |  Clock |  Target  | Estimated| Uncertainty|
    +--------+----------+----------+------------+
    |ap_clk  |  10.00 ns|  1.838 ns|     2.70 ns|
    +--------+----------+----------+------------+

+ Latency: 
    * Summary: 
    +---------+---------+----------+----------+-----+-----+---------+
    |  Latency (cycles) |  Latency (absolute) |  Interval | Pipeline|
    |   min   |   max   |    min   |    max   | min | max |   Type  |
    +---------+---------+----------+----------+-----+-----+---------+
    |        0|        0|      0 ns|      0 ns|    0|    0|       no|
    +---------+---------+----------+----------+-----+-----+---------+

    + Detail: 
        * Instance: 
        N/A

        * Loop: 
        N/A



================================================================
== Utilization Estimates
================================================================
* Summary: 
+-----------------+---------+------+--------+--------+-----+
|       Name      | BRAM_18K|  DSP |   FF   |   LUT  | URAM|
+-----------------+---------+------+--------+--------+-----+
|DSP              |        -|     -|       -|       -|    -|
|Expression       |        -|     -|       0|       2|    -|
|FIFO             |        -|     -|       -|       -|    -|
|Instance         |        -|     -|       -|       -|    -|
|Memory           |        -|     -|       -|       -|    -|
|Multiplexer      |        -|     -|       -|     585|    -|
|Register         |        -|     -|       2|       -|    -|
+-----------------+---------+------+--------+--------+-----+
|Total            |        0|     0|       2|     587|    0|
+-----------------+---------+------+--------+--------+-----+
|Available        |      288|  1248|  234240|  117120|   64|
+-----------------+---------+------+--------+--------+-----+
|Utilization (%)  |        0|     0|      ~0|      ~0|    0|
+-----------------+---------+------+--------+--------+-----+

+ Detail: 
    * Instance: 
    N/A

    * DSP: 
    N/A

    * Memory: 
    N/A

    * FIFO: 
    N/A

    * Expression: 
    +-----------------+----------+----+---+----+------------+------------+
    |  Variable Name  | Operation| DSP| FF| LUT| Bitwidth P0| Bitwidth P1|
    +-----------------+----------+----+---+----+------------+------------+
    |ap_block_state1  |        or|   0|  0|   2|           1|           1|
    +-----------------+----------+----+---+----+------------+------------+
    |Total            |          |   0|  0|   2|           1|           1|
    +-----------------+----------+----+---+----+------------+------------+

    * Multiplexer: 
    +-------------------------------------+----+-----------+-----+-----------+
    |                 Name                | LUT| Input Size| Bits| Total Bits|
    +-------------------------------------+----+-----------+-----+-----------+
    |ap_done                              |   9|          2|    1|          2|
    |log_all_mask_c_blk_n                 |   9|          2|    1|          2|
    |logger_vlan_enable_mask_c_blk_n      |   9|          2|    1|          2|
    |multicast_recv_enable_c_blk_n        |   9|          2|    1|          2|
    |unicast_filter_enable_c_blk_n        |   9|          2|    1|          2|
    |unicast_vlan100_macaddr_lsb_c_blk_n  |   9|          2|    1|          2|
    |unicast_vlan100_macaddr_msb_c_blk_n  |   9|          2|    1|          2|
    |unicast_vlan101_macaddr_lsb_c_blk_n  |   9|          2|    1|          2|
    |unicast_vlan101_macaddr_msb_c_blk_n  |   9|          2|    1|          2|
    |unicast_vlan102_macaddr_lsb_c_blk_n  |   9|          2|    1|          2|
    |unicast_vlan102_macaddr_msb_c_blk_n  |   9|          2|    1|          2|
    |unicast_vlan103_macaddr_lsb_c_blk_n  |   9|          2|    1|          2|
    |unicast_vlan103_macaddr_msb_c_blk_n  |   9|          2|    1|          2|
    |unicast_vlan104_macaddr_lsb_c_blk_n  |   9|          2|    1|          2|
    |unicast_vlan104_macaddr_msb_c_blk_n  |   9|          2|    1|          2|
    |unicast_vlan105_macaddr_lsb_c_blk_n  |   9|          2|    1|          2|
    |unicast_vlan105_macaddr_msb_c_blk_n  |   9|          2|    1|          2|
    |unicast_vlan106_macaddr_lsb_c_blk_n  |   9|          2|    1|          2|
    |unicast_vlan106_macaddr_msb_c_blk_n  |   9|          2|    1|          2|
    |unicast_vlan107_macaddr_lsb_c_blk_n  |   9|          2|    1|          2|
    |unicast_vlan107_macaddr_msb_c_blk_n  |   9|          2|    1|          2|
    |unicast_vlan108_macaddr_lsb_c_blk_n  |   9|          2|    1|          2|
    |unicast_vlan108_macaddr_msb_c_blk_n  |   9|          2|    1|          2|
    |unicast_vlan109_macaddr_lsb_c_blk_n  |   9|          2|    1|          2|
    |unicast_vlan109_macaddr_msb_c_blk_n  |   9|          2|    1|          2|
    |unicast_vlan110_macaddr_lsb_c_blk_n  |   9|          2|    1|          2|
    |unicast_vlan110_macaddr_msb_c_blk_n  |   9|          2|    1|          2|
    |unicast_vlan111_macaddr_lsb_c_blk_n  |   9|          2|    1|          2|
    |unicast_vlan111_macaddr_msb_c_blk_n  |   9|          2|    1|          2|
    |unicast_vlan112_macaddr_lsb_c_blk_n  |   9|          2|    1|          2|
    |unicast_vlan112_macaddr_msb_c_blk_n  |   9|          2|    1|          2|
    |unicast_vlan113_macaddr_lsb_c_blk_n  |   9|          2|    1|          2|
    |unicast_vlan113_macaddr_msb_c_blk_n  |   9|          2|    1|          2|
    |unicast_vlan114_macaddr_lsb_c_blk_n  |   9|          2|    1|          2|
    |unicast_vlan114_macaddr_msb_c_blk_n  |   9|          2|    1|          2|
    |unicast_vlan115_macaddr_lsb_c_blk_n  |   9|          2|    1|          2|
    |unicast_vlan115_macaddr_msb_c_blk_n  |   9|          2|    1|          2|
    |unicast_vlan116_macaddr_lsb_c_blk_n  |   9|          2|    1|          2|
    |unicast_vlan116_macaddr_msb_c_blk_n  |   9|          2|    1|          2|
    |unicast_vlan117_macaddr_lsb_c_blk_n  |   9|          2|    1|          2|
    |unicast_vlan117_macaddr_msb_c_blk_n  |   9|          2|    1|          2|
    |unicast_vlan118_macaddr_lsb_c_blk_n  |   9|          2|    1|          2|
    |unicast_vlan118_macaddr_msb_c_blk_n  |   9|          2|    1|          2|
    |unicast_vlan119_macaddr_lsb_c_blk_n  |   9|          2|    1|          2|
    |unicast_vlan119_macaddr_msb_c_blk_n  |   9|          2|    1|          2|
    |unicast_vlan120_macaddr_lsb_c_blk_n  |   9|          2|    1|          2|
    |unicast_vlan120_macaddr_msb_c_blk_n  |   9|          2|    1|          2|
    |unicast_vlan121_macaddr_lsb_c_blk_n  |   9|          2|    1|          2|
    |unicast_vlan121_macaddr_msb_c_blk_n  |   9|          2|    1|          2|
    |unicast_vlan122_macaddr_lsb_c_blk_n  |   9|          2|    1|          2|
    |unicast_vlan122_macaddr_msb_c_blk_n  |   9|          2|    1|          2|
    |unicast_vlan123_macaddr_lsb_c_blk_n  |   9|          2|    1|          2|
    |unicast_vlan123_macaddr_msb_c_blk_n  |   9|          2|    1|          2|
    |unicast_vlan124_macaddr_lsb_c_blk_n  |   9|          2|    1|          2|
    |unicast_vlan124_macaddr_msb_c_blk_n  |   9|          2|    1|          2|
    |unicast_vlan125_macaddr_lsb_c_blk_n  |   9|          2|    1|          2|
    |unicast_vlan125_macaddr_msb_c_blk_n  |   9|          2|    1|          2|
    |unicast_vlan126_macaddr_lsb_c_blk_n  |   9|          2|    1|          2|
    |unicast_vlan126_macaddr_msb_c_blk_n  |   9|          2|    1|          2|
    |unicast_vlan127_macaddr_lsb_c_blk_n  |   9|          2|    1|          2|
    |unicast_vlan127_macaddr_msb_c_blk_n  |   9|          2|    1|          2|
    |unicast_vlan128_macaddr_lsb_c_blk_n  |   9|          2|    1|          2|
    |unicast_vlan128_macaddr_msb_c_blk_n  |   9|          2|    1|          2|
    |unicast_vlan129_macaddr_lsb_c_blk_n  |   9|          2|    1|          2|
    |unicast_vlan129_macaddr_msb_c_blk_n  |   9|          2|    1|          2|
    +-------------------------------------+----+-----------+-----+-----------+
    |Total                                | 585|        130|   65|        130|
    +-------------------------------------+----+-----------+-----+-----------+

    * Register: 
    +-------------+---+----+-----+-----------+
    |     Name    | FF| LUT| Bits| Const Bits|
    +-------------+---+----+-----+-----------+
    |ap_CS_fsm    |  1|   0|    1|          0|
    |ap_done_reg  |  1|   0|    1|          0|
    +-------------+---+----+-----+-----------+
    |Total        |  2|   0|    2|          0|
    +-------------+---+----+-----+-----------+



================================================================
== Interface
================================================================
* Summary: 
+----------------------------------------------+-----+-----+------------+-------------------------------+--------------+
|                   RTL Ports                  | Dir | Bits|  Protocol  |         Source Object         |    C Type    |
+----------------------------------------------+-----+-----+------------+-------------------------------+--------------+
|ap_clk                                        |   in|    1|  ap_ctrl_hs|                     entry_proc|  return value|
|ap_rst                                        |   in|    1|  ap_ctrl_hs|                     entry_proc|  return value|
|ap_start                                      |   in|    1|  ap_ctrl_hs|                     entry_proc|  return value|
|ap_done                                       |  out|    1|  ap_ctrl_hs|                     entry_proc|  return value|
|ap_continue                                   |   in|    1|  ap_ctrl_hs|                     entry_proc|  return value|
|ap_idle                                       |  out|    1|  ap_ctrl_hs|                     entry_proc|  return value|
|ap_ready                                      |  out|    1|  ap_ctrl_hs|                     entry_proc|  return value|
|logger_vlan_enable_mask                       |   in|   32|     ap_none|        logger_vlan_enable_mask|       pointer|
|logger_vlan_enable_mask_c_din                 |  out|   32|     ap_fifo|      logger_vlan_enable_mask_c|       pointer|
|logger_vlan_enable_mask_c_num_data_valid      |   in|    3|     ap_fifo|      logger_vlan_enable_mask_c|       pointer|
|logger_vlan_enable_mask_c_fifo_cap            |   in|    3|     ap_fifo|      logger_vlan_enable_mask_c|       pointer|
|logger_vlan_enable_mask_c_full_n              |   in|    1|     ap_fifo|      logger_vlan_enable_mask_c|       pointer|
|logger_vlan_enable_mask_c_write               |  out|    1|     ap_fifo|      logger_vlan_enable_mask_c|       pointer|
|multicast_recv_enable                         |   in|   32|     ap_none|          multicast_recv_enable|       pointer|
|multicast_recv_enable_c_din                   |  out|   32|     ap_fifo|        multicast_recv_enable_c|       pointer|
|multicast_recv_enable_c_num_data_valid        |   in|    3|     ap_fifo|        multicast_recv_enable_c|       pointer|
|multicast_recv_enable_c_fifo_cap              |   in|    3|     ap_fifo|        multicast_recv_enable_c|       pointer|
|multicast_recv_enable_c_full_n                |   in|    1|     ap_fifo|        multicast_recv_enable_c|       pointer|
|multicast_recv_enable_c_write                 |  out|    1|     ap_fifo|        multicast_recv_enable_c|       pointer|
|unicast_filter_enable                         |   in|   32|     ap_none|          unicast_filter_enable|       pointer|
|unicast_filter_enable_c_din                   |  out|   32|     ap_fifo|        unicast_filter_enable_c|       pointer|
|unicast_filter_enable_c_num_data_valid        |   in|    3|     ap_fifo|        unicast_filter_enable_c|       pointer|
|unicast_filter_enable_c_fifo_cap              |   in|    3|     ap_fifo|        unicast_filter_enable_c|       pointer|
|unicast_filter_enable_c_full_n                |   in|    1|     ap_fifo|        unicast_filter_enable_c|       pointer|
|unicast_filter_enable_c_write                 |  out|    1|     ap_fifo|        unicast_filter_enable_c|       pointer|
|unicast_vlan100_macaddr_lsb                   |   in|   32|     ap_none|    unicast_vlan100_macaddr_lsb|       pointer|
|unicast_vlan100_macaddr_lsb_c_din             |  out|   32|     ap_fifo|  unicast_vlan100_macaddr_lsb_c|       pointer|
|unicast_vlan100_macaddr_lsb_c_num_data_valid  |   in|    3|     ap_fifo|  unicast_vlan100_macaddr_lsb_c|       pointer|
|unicast_vlan100_macaddr_lsb_c_fifo_cap        |   in|    3|     ap_fifo|  unicast_vlan100_macaddr_lsb_c|       pointer|
|unicast_vlan100_macaddr_lsb_c_full_n          |   in|    1|     ap_fifo|  unicast_vlan100_macaddr_lsb_c|       pointer|
|unicast_vlan100_macaddr_lsb_c_write           |  out|    1|     ap_fifo|  unicast_vlan100_macaddr_lsb_c|       pointer|
|unicast_vlan100_macaddr_msb                   |   in|   32|     ap_none|    unicast_vlan100_macaddr_msb|       pointer|
|unicast_vlan100_macaddr_msb_c_din             |  out|   32|     ap_fifo|  unicast_vlan100_macaddr_msb_c|       pointer|
|unicast_vlan100_macaddr_msb_c_num_data_valid  |   in|    3|     ap_fifo|  unicast_vlan100_macaddr_msb_c|       pointer|
|unicast_vlan100_macaddr_msb_c_fifo_cap        |   in|    3|     ap_fifo|  unicast_vlan100_macaddr_msb_c|       pointer|
|unicast_vlan100_macaddr_msb_c_full_n          |   in|    1|     ap_fifo|  unicast_vlan100_macaddr_msb_c|       pointer|
|unicast_vlan100_macaddr_msb_c_write           |  out|    1|     ap_fifo|  unicast_vlan100_macaddr_msb_c|       pointer|
|unicast_vlan101_macaddr_lsb                   |   in|   32|     ap_none|    unicast_vlan101_macaddr_lsb|       pointer|
|unicast_vlan101_macaddr_lsb_c_din             |  out|   32|     ap_fifo|  unicast_vlan101_macaddr_lsb_c|       pointer|
|unicast_vlan101_macaddr_lsb_c_num_data_valid  |   in|    3|     ap_fifo|  unicast_vlan101_macaddr_lsb_c|       pointer|
|unicast_vlan101_macaddr_lsb_c_fifo_cap        |   in|    3|     ap_fifo|  unicast_vlan101_macaddr_lsb_c|       pointer|
|unicast_vlan101_macaddr_lsb_c_full_n          |   in|    1|     ap_fifo|  unicast_vlan101_macaddr_lsb_c|       pointer|
|unicast_vlan101_macaddr_lsb_c_write           |  out|    1|     ap_fifo|  unicast_vlan101_macaddr_lsb_c|       pointer|
|unicast_vlan101_macaddr_msb                   |   in|   32|     ap_none|    unicast_vlan101_macaddr_msb|       pointer|
|unicast_vlan101_macaddr_msb_c_din             |  out|   32|     ap_fifo|  unicast_vlan101_macaddr_msb_c|       pointer|
|unicast_vlan101_macaddr_msb_c_num_data_valid  |   in|    3|     ap_fifo|  unicast_vlan101_macaddr_msb_c|       pointer|
|unicast_vlan101_macaddr_msb_c_fifo_cap        |   in|    3|     ap_fifo|  unicast_vlan101_macaddr_msb_c|       pointer|
|unicast_vlan101_macaddr_msb_c_full_n          |   in|    1|     ap_fifo|  unicast_vlan101_macaddr_msb_c|       pointer|
|unicast_vlan101_macaddr_msb_c_write           |  out|    1|     ap_fifo|  unicast_vlan101_macaddr_msb_c|       pointer|
|unicast_vlan102_macaddr_lsb                   |   in|   32|     ap_none|    unicast_vlan102_macaddr_lsb|       pointer|
|unicast_vlan102_macaddr_lsb_c_din             |  out|   32|     ap_fifo|  unicast_vlan102_macaddr_lsb_c|       pointer|
|unicast_vlan102_macaddr_lsb_c_num_data_valid  |   in|    3|     ap_fifo|  unicast_vlan102_macaddr_lsb_c|       pointer|
|unicast_vlan102_macaddr_lsb_c_fifo_cap        |   in|    3|     ap_fifo|  unicast_vlan102_macaddr_lsb_c|       pointer|
|unicast_vlan102_macaddr_lsb_c_full_n          |   in|    1|     ap_fifo|  unicast_vlan102_macaddr_lsb_c|       pointer|
|unicast_vlan102_macaddr_lsb_c_write           |  out|    1|     ap_fifo|  unicast_vlan102_macaddr_lsb_c|       pointer|
|unicast_vlan102_macaddr_msb                   |   in|   32|     ap_none|    unicast_vlan102_macaddr_msb|       pointer|
|unicast_vlan102_macaddr_msb_c_din             |  out|   32|     ap_fifo|  unicast_vlan102_macaddr_msb_c|       pointer|
|unicast_vlan102_macaddr_msb_c_num_data_valid  |   in|    3|     ap_fifo|  unicast_vlan102_macaddr_msb_c|       pointer|
|unicast_vlan102_macaddr_msb_c_fifo_cap        |   in|    3|     ap_fifo|  unicast_vlan102_macaddr_msb_c|       pointer|
|unicast_vlan102_macaddr_msb_c_full_n          |   in|    1|     ap_fifo|  unicast_vlan102_macaddr_msb_c|       pointer|
|unicast_vlan102_macaddr_msb_c_write           |  out|    1|     ap_fifo|  unicast_vlan102_macaddr_msb_c|       pointer|
|unicast_vlan103_macaddr_lsb                   |   in|   32|     ap_none|    unicast_vlan103_macaddr_lsb|       pointer|
|unicast_vlan103_macaddr_lsb_c_din             |  out|   32|     ap_fifo|  unicast_vlan103_macaddr_lsb_c|       pointer|
|unicast_vlan103_macaddr_lsb_c_num_data_valid  |   in|    3|     ap_fifo|  unicast_vlan103_macaddr_lsb_c|       pointer|
|unicast_vlan103_macaddr_lsb_c_fifo_cap        |   in|    3|     ap_fifo|  unicast_vlan103_macaddr_lsb_c|       pointer|
|unicast_vlan103_macaddr_lsb_c_full_n          |   in|    1|     ap_fifo|  unicast_vlan103_macaddr_lsb_c|       pointer|
|unicast_vlan103_macaddr_lsb_c_write           |  out|    1|     ap_fifo|  unicast_vlan103_macaddr_lsb_c|       pointer|
|unicast_vlan103_macaddr_msb                   |   in|   32|     ap_none|    unicast_vlan103_macaddr_msb|       pointer|
|unicast_vlan103_macaddr_msb_c_din             |  out|   32|     ap_fifo|  unicast_vlan103_macaddr_msb_c|       pointer|
|unicast_vlan103_macaddr_msb_c_num_data_valid  |   in|    3|     ap_fifo|  unicast_vlan103_macaddr_msb_c|       pointer|
|unicast_vlan103_macaddr_msb_c_fifo_cap        |   in|    3|     ap_fifo|  unicast_vlan103_macaddr_msb_c|       pointer|
|unicast_vlan103_macaddr_msb_c_full_n          |   in|    1|     ap_fifo|  unicast_vlan103_macaddr_msb_c|       pointer|
|unicast_vlan103_macaddr_msb_c_write           |  out|    1|     ap_fifo|  unicast_vlan103_macaddr_msb_c|       pointer|
|unicast_vlan104_macaddr_lsb                   |   in|   32|     ap_none|    unicast_vlan104_macaddr_lsb|       pointer|
|unicast_vlan104_macaddr_lsb_c_din             |  out|   32|     ap_fifo|  unicast_vlan104_macaddr_lsb_c|       pointer|
|unicast_vlan104_macaddr_lsb_c_num_data_valid  |   in|    3|     ap_fifo|  unicast_vlan104_macaddr_lsb_c|       pointer|
|unicast_vlan104_macaddr_lsb_c_fifo_cap        |   in|    3|     ap_fifo|  unicast_vlan104_macaddr_lsb_c|       pointer|
|unicast_vlan104_macaddr_lsb_c_full_n          |   in|    1|     ap_fifo|  unicast_vlan104_macaddr_lsb_c|       pointer|
|unicast_vlan104_macaddr_lsb_c_write           |  out|    1|     ap_fifo|  unicast_vlan104_macaddr_lsb_c|       pointer|
|unicast_vlan104_macaddr_msb                   |   in|   32|     ap_none|    unicast_vlan104_macaddr_msb|       pointer|
|unicast_vlan104_macaddr_msb_c_din             |  out|   32|     ap_fifo|  unicast_vlan104_macaddr_msb_c|       pointer|
|unicast_vlan104_macaddr_msb_c_num_data_valid  |   in|    3|     ap_fifo|  unicast_vlan104_macaddr_msb_c|       pointer|
|unicast_vlan104_macaddr_msb_c_fifo_cap        |   in|    3|     ap_fifo|  unicast_vlan104_macaddr_msb_c|       pointer|
|unicast_vlan104_macaddr_msb_c_full_n          |   in|    1|     ap_fifo|  unicast_vlan104_macaddr_msb_c|       pointer|
|unicast_vlan104_macaddr_msb_c_write           |  out|    1|     ap_fifo|  unicast_vlan104_macaddr_msb_c|       pointer|
|unicast_vlan105_macaddr_lsb                   |   in|   32|     ap_none|    unicast_vlan105_macaddr_lsb|       pointer|
|unicast_vlan105_macaddr_lsb_c_din             |  out|   32|     ap_fifo|  unicast_vlan105_macaddr_lsb_c|       pointer|
|unicast_vlan105_macaddr_lsb_c_num_data_valid  |   in|    3|     ap_fifo|  unicast_vlan105_macaddr_lsb_c|       pointer|
|unicast_vlan105_macaddr_lsb_c_fifo_cap        |   in|    3|     ap_fifo|  unicast_vlan105_macaddr_lsb_c|       pointer|
|unicast_vlan105_macaddr_lsb_c_full_n          |   in|    1|     ap_fifo|  unicast_vlan105_macaddr_lsb_c|       pointer|
|unicast_vlan105_macaddr_lsb_c_write           |  out|    1|     ap_fifo|  unicast_vlan105_macaddr_lsb_c|       pointer|
|unicast_vlan105_macaddr_msb                   |   in|   32|     ap_none|    unicast_vlan105_macaddr_msb|       pointer|
|unicast_vlan105_macaddr_msb_c_din             |  out|   32|     ap_fifo|  unicast_vlan105_macaddr_msb_c|       pointer|
|unicast_vlan105_macaddr_msb_c_num_data_valid  |   in|    3|     ap_fifo|  unicast_vlan105_macaddr_msb_c|       pointer|
|unicast_vlan105_macaddr_msb_c_fifo_cap        |   in|    3|     ap_fifo|  unicast_vlan105_macaddr_msb_c|       pointer|
|unicast_vlan105_macaddr_msb_c_full_n          |   in|    1|     ap_fifo|  unicast_vlan105_macaddr_msb_c|       pointer|
|unicast_vlan105_macaddr_msb_c_write           |  out|    1|     ap_fifo|  unicast_vlan105_macaddr_msb_c|       pointer|
|unicast_vlan106_macaddr_lsb                   |   in|   32|     ap_none|    unicast_vlan106_macaddr_lsb|       pointer|
|unicast_vlan106_macaddr_lsb_c_din             |  out|   32|     ap_fifo|  unicast_vlan106_macaddr_lsb_c|       pointer|
|unicast_vlan106_macaddr_lsb_c_num_data_valid  |   in|    3|     ap_fifo|  unicast_vlan106_macaddr_lsb_c|       pointer|
|unicast_vlan106_macaddr_lsb_c_fifo_cap        |   in|    3|     ap_fifo|  unicast_vlan106_macaddr_lsb_c|       pointer|
|unicast_vlan106_macaddr_lsb_c_full_n          |   in|    1|     ap_fifo|  unicast_vlan106_macaddr_lsb_c|       pointer|
|unicast_vlan106_macaddr_lsb_c_write           |  out|    1|     ap_fifo|  unicast_vlan106_macaddr_lsb_c|       pointer|
|unicast_vlan106_macaddr_msb                   |   in|   32|     ap_none|    unicast_vlan106_macaddr_msb|       pointer|
|unicast_vlan106_macaddr_msb_c_din             |  out|   32|     ap_fifo|  unicast_vlan106_macaddr_msb_c|       pointer|
|unicast_vlan106_macaddr_msb_c_num_data_valid  |   in|    3|     ap_fifo|  unicast_vlan106_macaddr_msb_c|       pointer|
|unicast_vlan106_macaddr_msb_c_fifo_cap        |   in|    3|     ap_fifo|  unicast_vlan106_macaddr_msb_c|       pointer|
|unicast_vlan106_macaddr_msb_c_full_n          |   in|    1|     ap_fifo|  unicast_vlan106_macaddr_msb_c|       pointer|
|unicast_vlan106_macaddr_msb_c_write           |  out|    1|     ap_fifo|  unicast_vlan106_macaddr_msb_c|       pointer|
|unicast_vlan107_macaddr_lsb                   |   in|   32|     ap_none|    unicast_vlan107_macaddr_lsb|       pointer|
|unicast_vlan107_macaddr_lsb_c_din             |  out|   32|     ap_fifo|  unicast_vlan107_macaddr_lsb_c|       pointer|
|unicast_vlan107_macaddr_lsb_c_num_data_valid  |   in|    3|     ap_fifo|  unicast_vlan107_macaddr_lsb_c|       pointer|
|unicast_vlan107_macaddr_lsb_c_fifo_cap        |   in|    3|     ap_fifo|  unicast_vlan107_macaddr_lsb_c|       pointer|
|unicast_vlan107_macaddr_lsb_c_full_n          |   in|    1|     ap_fifo|  unicast_vlan107_macaddr_lsb_c|       pointer|
|unicast_vlan107_macaddr_lsb_c_write           |  out|    1|     ap_fifo|  unicast_vlan107_macaddr_lsb_c|       pointer|
|unicast_vlan107_macaddr_msb                   |   in|   32|     ap_none|    unicast_vlan107_macaddr_msb|       pointer|
|unicast_vlan107_macaddr_msb_c_din             |  out|   32|     ap_fifo|  unicast_vlan107_macaddr_msb_c|       pointer|
|unicast_vlan107_macaddr_msb_c_num_data_valid  |   in|    3|     ap_fifo|  unicast_vlan107_macaddr_msb_c|       pointer|
|unicast_vlan107_macaddr_msb_c_fifo_cap        |   in|    3|     ap_fifo|  unicast_vlan107_macaddr_msb_c|       pointer|
|unicast_vlan107_macaddr_msb_c_full_n          |   in|    1|     ap_fifo|  unicast_vlan107_macaddr_msb_c|       pointer|
|unicast_vlan107_macaddr_msb_c_write           |  out|    1|     ap_fifo|  unicast_vlan107_macaddr_msb_c|       pointer|
|unicast_vlan108_macaddr_lsb                   |   in|   32|     ap_none|    unicast_vlan108_macaddr_lsb|       pointer|
|unicast_vlan108_macaddr_lsb_c_din             |  out|   32|     ap_fifo|  unicast_vlan108_macaddr_lsb_c|       pointer|
|unicast_vlan108_macaddr_lsb_c_num_data_valid  |   in|    3|     ap_fifo|  unicast_vlan108_macaddr_lsb_c|       pointer|
|unicast_vlan108_macaddr_lsb_c_fifo_cap        |   in|    3|     ap_fifo|  unicast_vlan108_macaddr_lsb_c|       pointer|
|unicast_vlan108_macaddr_lsb_c_full_n          |   in|    1|     ap_fifo|  unicast_vlan108_macaddr_lsb_c|       pointer|
|unicast_vlan108_macaddr_lsb_c_write           |  out|    1|     ap_fifo|  unicast_vlan108_macaddr_lsb_c|       pointer|
|unicast_vlan108_macaddr_msb                   |   in|   32|     ap_none|    unicast_vlan108_macaddr_msb|       pointer|
|unicast_vlan108_macaddr_msb_c_din             |  out|   32|     ap_fifo|  unicast_vlan108_macaddr_msb_c|       pointer|
|unicast_vlan108_macaddr_msb_c_num_data_valid  |   in|    3|     ap_fifo|  unicast_vlan108_macaddr_msb_c|       pointer|
|unicast_vlan108_macaddr_msb_c_fifo_cap        |   in|    3|     ap_fifo|  unicast_vlan108_macaddr_msb_c|       pointer|
|unicast_vlan108_macaddr_msb_c_full_n          |   in|    1|     ap_fifo|  unicast_vlan108_macaddr_msb_c|       pointer|
|unicast_vlan108_macaddr_msb_c_write           |  out|    1|     ap_fifo|  unicast_vlan108_macaddr_msb_c|       pointer|
|unicast_vlan109_macaddr_lsb                   |   in|   32|     ap_none|    unicast_vlan109_macaddr_lsb|       pointer|
|unicast_vlan109_macaddr_lsb_c_din             |  out|   32|     ap_fifo|  unicast_vlan109_macaddr_lsb_c|       pointer|
|unicast_vlan109_macaddr_lsb_c_num_data_valid  |   in|    3|     ap_fifo|  unicast_vlan109_macaddr_lsb_c|       pointer|
|unicast_vlan109_macaddr_lsb_c_fifo_cap        |   in|    3|     ap_fifo|  unicast_vlan109_macaddr_lsb_c|       pointer|
|unicast_vlan109_macaddr_lsb_c_full_n          |   in|    1|     ap_fifo|  unicast_vlan109_macaddr_lsb_c|       pointer|
|unicast_vlan109_macaddr_lsb_c_write           |  out|    1|     ap_fifo|  unicast_vlan109_macaddr_lsb_c|       pointer|
|unicast_vlan109_macaddr_msb                   |   in|   32|     ap_none|    unicast_vlan109_macaddr_msb|       pointer|
|unicast_vlan109_macaddr_msb_c_din             |  out|   32|     ap_fifo|  unicast_vlan109_macaddr_msb_c|       pointer|
|unicast_vlan109_macaddr_msb_c_num_data_valid  |   in|    3|     ap_fifo|  unicast_vlan109_macaddr_msb_c|       pointer|
|unicast_vlan109_macaddr_msb_c_fifo_cap        |   in|    3|     ap_fifo|  unicast_vlan109_macaddr_msb_c|       pointer|
|unicast_vlan109_macaddr_msb_c_full_n          |   in|    1|     ap_fifo|  unicast_vlan109_macaddr_msb_c|       pointer|
|unicast_vlan109_macaddr_msb_c_write           |  out|    1|     ap_fifo|  unicast_vlan109_macaddr_msb_c|       pointer|
|unicast_vlan110_macaddr_lsb                   |   in|   32|     ap_none|    unicast_vlan110_macaddr_lsb|       pointer|
|unicast_vlan110_macaddr_lsb_c_din             |  out|   32|     ap_fifo|  unicast_vlan110_macaddr_lsb_c|       pointer|
|unicast_vlan110_macaddr_lsb_c_num_data_valid  |   in|    3|     ap_fifo|  unicast_vlan110_macaddr_lsb_c|       pointer|
|unicast_vlan110_macaddr_lsb_c_fifo_cap        |   in|    3|     ap_fifo|  unicast_vlan110_macaddr_lsb_c|       pointer|
|unicast_vlan110_macaddr_lsb_c_full_n          |   in|    1|     ap_fifo|  unicast_vlan110_macaddr_lsb_c|       pointer|
|unicast_vlan110_macaddr_lsb_c_write           |  out|    1|     ap_fifo|  unicast_vlan110_macaddr_lsb_c|       pointer|
|unicast_vlan110_macaddr_msb                   |   in|   32|     ap_none|    unicast_vlan110_macaddr_msb|       pointer|
|unicast_vlan110_macaddr_msb_c_din             |  out|   32|     ap_fifo|  unicast_vlan110_macaddr_msb_c|       pointer|
|unicast_vlan110_macaddr_msb_c_num_data_valid  |   in|    3|     ap_fifo|  unicast_vlan110_macaddr_msb_c|       pointer|
|unicast_vlan110_macaddr_msb_c_fifo_cap        |   in|    3|     ap_fifo|  unicast_vlan110_macaddr_msb_c|       pointer|
|unicast_vlan110_macaddr_msb_c_full_n          |   in|    1|     ap_fifo|  unicast_vlan110_macaddr_msb_c|       pointer|
|unicast_vlan110_macaddr_msb_c_write           |  out|    1|     ap_fifo|  unicast_vlan110_macaddr_msb_c|       pointer|
|unicast_vlan111_macaddr_lsb                   |   in|   32|     ap_none|    unicast_vlan111_macaddr_lsb|       pointer|
|unicast_vlan111_macaddr_lsb_c_din             |  out|   32|     ap_fifo|  unicast_vlan111_macaddr_lsb_c|       pointer|
|unicast_vlan111_macaddr_lsb_c_num_data_valid  |   in|    3|     ap_fifo|  unicast_vlan111_macaddr_lsb_c|       pointer|
|unicast_vlan111_macaddr_lsb_c_fifo_cap        |   in|    3|     ap_fifo|  unicast_vlan111_macaddr_lsb_c|       pointer|
|unicast_vlan111_macaddr_lsb_c_full_n          |   in|    1|     ap_fifo|  unicast_vlan111_macaddr_lsb_c|       pointer|
|unicast_vlan111_macaddr_lsb_c_write           |  out|    1|     ap_fifo|  unicast_vlan111_macaddr_lsb_c|       pointer|
|unicast_vlan111_macaddr_msb                   |   in|   32|     ap_none|    unicast_vlan111_macaddr_msb|       pointer|
|unicast_vlan111_macaddr_msb_c_din             |  out|   32|     ap_fifo|  unicast_vlan111_macaddr_msb_c|       pointer|
|unicast_vlan111_macaddr_msb_c_num_data_valid  |   in|    3|     ap_fifo|  unicast_vlan111_macaddr_msb_c|       pointer|
|unicast_vlan111_macaddr_msb_c_fifo_cap        |   in|    3|     ap_fifo|  unicast_vlan111_macaddr_msb_c|       pointer|
|unicast_vlan111_macaddr_msb_c_full_n          |   in|    1|     ap_fifo|  unicast_vlan111_macaddr_msb_c|       pointer|
|unicast_vlan111_macaddr_msb_c_write           |  out|    1|     ap_fifo|  unicast_vlan111_macaddr_msb_c|       pointer|
|unicast_vlan112_macaddr_lsb                   |   in|   32|     ap_none|    unicast_vlan112_macaddr_lsb|       pointer|
|unicast_vlan112_macaddr_lsb_c_din             |  out|   32|     ap_fifo|  unicast_vlan112_macaddr_lsb_c|       pointer|
|unicast_vlan112_macaddr_lsb_c_num_data_valid  |   in|    3|     ap_fifo|  unicast_vlan112_macaddr_lsb_c|       pointer|
|unicast_vlan112_macaddr_lsb_c_fifo_cap        |   in|    3|     ap_fifo|  unicast_vlan112_macaddr_lsb_c|       pointer|
|unicast_vlan112_macaddr_lsb_c_full_n          |   in|    1|     ap_fifo|  unicast_vlan112_macaddr_lsb_c|       pointer|
|unicast_vlan112_macaddr_lsb_c_write           |  out|    1|     ap_fifo|  unicast_vlan112_macaddr_lsb_c|       pointer|
|unicast_vlan112_macaddr_msb                   |   in|   32|     ap_none|    unicast_vlan112_macaddr_msb|       pointer|
|unicast_vlan112_macaddr_msb_c_din             |  out|   32|     ap_fifo|  unicast_vlan112_macaddr_msb_c|       pointer|
|unicast_vlan112_macaddr_msb_c_num_data_valid  |   in|    3|     ap_fifo|  unicast_vlan112_macaddr_msb_c|       pointer|
|unicast_vlan112_macaddr_msb_c_fifo_cap        |   in|    3|     ap_fifo|  unicast_vlan112_macaddr_msb_c|       pointer|
|unicast_vlan112_macaddr_msb_c_full_n          |   in|    1|     ap_fifo|  unicast_vlan112_macaddr_msb_c|       pointer|
|unicast_vlan112_macaddr_msb_c_write           |  out|    1|     ap_fifo|  unicast_vlan112_macaddr_msb_c|       pointer|
|unicast_vlan113_macaddr_lsb                   |   in|   32|     ap_none|    unicast_vlan113_macaddr_lsb|       pointer|
|unicast_vlan113_macaddr_lsb_c_din             |  out|   32|     ap_fifo|  unicast_vlan113_macaddr_lsb_c|       pointer|
|unicast_vlan113_macaddr_lsb_c_num_data_valid  |   in|    3|     ap_fifo|  unicast_vlan113_macaddr_lsb_c|       pointer|
|unicast_vlan113_macaddr_lsb_c_fifo_cap        |   in|    3|     ap_fifo|  unicast_vlan113_macaddr_lsb_c|       pointer|
|unicast_vlan113_macaddr_lsb_c_full_n          |   in|    1|     ap_fifo|  unicast_vlan113_macaddr_lsb_c|       pointer|
|unicast_vlan113_macaddr_lsb_c_write           |  out|    1|     ap_fifo|  unicast_vlan113_macaddr_lsb_c|       pointer|
|unicast_vlan113_macaddr_msb                   |   in|   32|     ap_none|    unicast_vlan113_macaddr_msb|       pointer|
|unicast_vlan113_macaddr_msb_c_din             |  out|   32|     ap_fifo|  unicast_vlan113_macaddr_msb_c|       pointer|
|unicast_vlan113_macaddr_msb_c_num_data_valid  |   in|    3|     ap_fifo|  unicast_vlan113_macaddr_msb_c|       pointer|
|unicast_vlan113_macaddr_msb_c_fifo_cap        |   in|    3|     ap_fifo|  unicast_vlan113_macaddr_msb_c|       pointer|
|unicast_vlan113_macaddr_msb_c_full_n          |   in|    1|     ap_fifo|  unicast_vlan113_macaddr_msb_c|       pointer|
|unicast_vlan113_macaddr_msb_c_write           |  out|    1|     ap_fifo|  unicast_vlan113_macaddr_msb_c|       pointer|
|unicast_vlan114_macaddr_lsb                   |   in|   32|     ap_none|    unicast_vlan114_macaddr_lsb|       pointer|
|unicast_vlan114_macaddr_lsb_c_din             |  out|   32|     ap_fifo|  unicast_vlan114_macaddr_lsb_c|       pointer|
|unicast_vlan114_macaddr_lsb_c_num_data_valid  |   in|    3|     ap_fifo|  unicast_vlan114_macaddr_lsb_c|       pointer|
|unicast_vlan114_macaddr_lsb_c_fifo_cap        |   in|    3|     ap_fifo|  unicast_vlan114_macaddr_lsb_c|       pointer|
|unicast_vlan114_macaddr_lsb_c_full_n          |   in|    1|     ap_fifo|  unicast_vlan114_macaddr_lsb_c|       pointer|
|unicast_vlan114_macaddr_lsb_c_write           |  out|    1|     ap_fifo|  unicast_vlan114_macaddr_lsb_c|       pointer|
|unicast_vlan114_macaddr_msb                   |   in|   32|     ap_none|    unicast_vlan114_macaddr_msb|       pointer|
|unicast_vlan114_macaddr_msb_c_din             |  out|   32|     ap_fifo|  unicast_vlan114_macaddr_msb_c|       pointer|
|unicast_vlan114_macaddr_msb_c_num_data_valid  |   in|    3|     ap_fifo|  unicast_vlan114_macaddr_msb_c|       pointer|
|unicast_vlan114_macaddr_msb_c_fifo_cap        |   in|    3|     ap_fifo|  unicast_vlan114_macaddr_msb_c|       pointer|
|unicast_vlan114_macaddr_msb_c_full_n          |   in|    1|     ap_fifo|  unicast_vlan114_macaddr_msb_c|       pointer|
|unicast_vlan114_macaddr_msb_c_write           |  out|    1|     ap_fifo|  unicast_vlan114_macaddr_msb_c|       pointer|
|unicast_vlan115_macaddr_lsb                   |   in|   32|     ap_none|    unicast_vlan115_macaddr_lsb|       pointer|
|unicast_vlan115_macaddr_lsb_c_din             |  out|   32|     ap_fifo|  unicast_vlan115_macaddr_lsb_c|       pointer|
|unicast_vlan115_macaddr_lsb_c_num_data_valid  |   in|    3|     ap_fifo|  unicast_vlan115_macaddr_lsb_c|       pointer|
|unicast_vlan115_macaddr_lsb_c_fifo_cap        |   in|    3|     ap_fifo|  unicast_vlan115_macaddr_lsb_c|       pointer|
|unicast_vlan115_macaddr_lsb_c_full_n          |   in|    1|     ap_fifo|  unicast_vlan115_macaddr_lsb_c|       pointer|
|unicast_vlan115_macaddr_lsb_c_write           |  out|    1|     ap_fifo|  unicast_vlan115_macaddr_lsb_c|       pointer|
|unicast_vlan115_macaddr_msb                   |   in|   32|     ap_none|    unicast_vlan115_macaddr_msb|       pointer|
|unicast_vlan115_macaddr_msb_c_din             |  out|   32|     ap_fifo|  unicast_vlan115_macaddr_msb_c|       pointer|
|unicast_vlan115_macaddr_msb_c_num_data_valid  |   in|    3|     ap_fifo|  unicast_vlan115_macaddr_msb_c|       pointer|
|unicast_vlan115_macaddr_msb_c_fifo_cap        |   in|    3|     ap_fifo|  unicast_vlan115_macaddr_msb_c|       pointer|
|unicast_vlan115_macaddr_msb_c_full_n          |   in|    1|     ap_fifo|  unicast_vlan115_macaddr_msb_c|       pointer|
|unicast_vlan115_macaddr_msb_c_write           |  out|    1|     ap_fifo|  unicast_vlan115_macaddr_msb_c|       pointer|
|unicast_vlan116_macaddr_lsb                   |   in|   32|     ap_none|    unicast_vlan116_macaddr_lsb|       pointer|
|unicast_vlan116_macaddr_lsb_c_din             |  out|   32|     ap_fifo|  unicast_vlan116_macaddr_lsb_c|       pointer|
|unicast_vlan116_macaddr_lsb_c_num_data_valid  |   in|    3|     ap_fifo|  unicast_vlan116_macaddr_lsb_c|       pointer|
|unicast_vlan116_macaddr_lsb_c_fifo_cap        |   in|    3|     ap_fifo|  unicast_vlan116_macaddr_lsb_c|       pointer|
|unicast_vlan116_macaddr_lsb_c_full_n          |   in|    1|     ap_fifo|  unicast_vlan116_macaddr_lsb_c|       pointer|
|unicast_vlan116_macaddr_lsb_c_write           |  out|    1|     ap_fifo|  unicast_vlan116_macaddr_lsb_c|       pointer|
|unicast_vlan116_macaddr_msb                   |   in|   32|     ap_none|    unicast_vlan116_macaddr_msb|       pointer|
|unicast_vlan116_macaddr_msb_c_din             |  out|   32|     ap_fifo|  unicast_vlan116_macaddr_msb_c|       pointer|
|unicast_vlan116_macaddr_msb_c_num_data_valid  |   in|    3|     ap_fifo|  unicast_vlan116_macaddr_msb_c|       pointer|
|unicast_vlan116_macaddr_msb_c_fifo_cap        |   in|    3|     ap_fifo|  unicast_vlan116_macaddr_msb_c|       pointer|
|unicast_vlan116_macaddr_msb_c_full_n          |   in|    1|     ap_fifo|  unicast_vlan116_macaddr_msb_c|       pointer|
|unicast_vlan116_macaddr_msb_c_write           |  out|    1|     ap_fifo|  unicast_vlan116_macaddr_msb_c|       pointer|
|unicast_vlan117_macaddr_lsb                   |   in|   32|     ap_none|    unicast_vlan117_macaddr_lsb|       pointer|
|unicast_vlan117_macaddr_lsb_c_din             |  out|   32|     ap_fifo|  unicast_vlan117_macaddr_lsb_c|       pointer|
|unicast_vlan117_macaddr_lsb_c_num_data_valid  |   in|    3|     ap_fifo|  unicast_vlan117_macaddr_lsb_c|       pointer|
|unicast_vlan117_macaddr_lsb_c_fifo_cap        |   in|    3|     ap_fifo|  unicast_vlan117_macaddr_lsb_c|       pointer|
|unicast_vlan117_macaddr_lsb_c_full_n          |   in|    1|     ap_fifo|  unicast_vlan117_macaddr_lsb_c|       pointer|
|unicast_vlan117_macaddr_lsb_c_write           |  out|    1|     ap_fifo|  unicast_vlan117_macaddr_lsb_c|       pointer|
|unicast_vlan117_macaddr_msb                   |   in|   32|     ap_none|    unicast_vlan117_macaddr_msb|       pointer|
|unicast_vlan117_macaddr_msb_c_din             |  out|   32|     ap_fifo|  unicast_vlan117_macaddr_msb_c|       pointer|
|unicast_vlan117_macaddr_msb_c_num_data_valid  |   in|    3|     ap_fifo|  unicast_vlan117_macaddr_msb_c|       pointer|
|unicast_vlan117_macaddr_msb_c_fifo_cap        |   in|    3|     ap_fifo|  unicast_vlan117_macaddr_msb_c|       pointer|
|unicast_vlan117_macaddr_msb_c_full_n          |   in|    1|     ap_fifo|  unicast_vlan117_macaddr_msb_c|       pointer|
|unicast_vlan117_macaddr_msb_c_write           |  out|    1|     ap_fifo|  unicast_vlan117_macaddr_msb_c|       pointer|
|unicast_vlan118_macaddr_lsb                   |   in|   32|     ap_none|    unicast_vlan118_macaddr_lsb|       pointer|
|unicast_vlan118_macaddr_lsb_c_din             |  out|   32|     ap_fifo|  unicast_vlan118_macaddr_lsb_c|       pointer|
|unicast_vlan118_macaddr_lsb_c_num_data_valid  |   in|    3|     ap_fifo|  unicast_vlan118_macaddr_lsb_c|       pointer|
|unicast_vlan118_macaddr_lsb_c_fifo_cap        |   in|    3|     ap_fifo|  unicast_vlan118_macaddr_lsb_c|       pointer|
|unicast_vlan118_macaddr_lsb_c_full_n          |   in|    1|     ap_fifo|  unicast_vlan118_macaddr_lsb_c|       pointer|
|unicast_vlan118_macaddr_lsb_c_write           |  out|    1|     ap_fifo|  unicast_vlan118_macaddr_lsb_c|       pointer|
|unicast_vlan118_macaddr_msb                   |   in|   32|     ap_none|    unicast_vlan118_macaddr_msb|       pointer|
|unicast_vlan118_macaddr_msb_c_din             |  out|   32|     ap_fifo|  unicast_vlan118_macaddr_msb_c|       pointer|
|unicast_vlan118_macaddr_msb_c_num_data_valid  |   in|    3|     ap_fifo|  unicast_vlan118_macaddr_msb_c|       pointer|
|unicast_vlan118_macaddr_msb_c_fifo_cap        |   in|    3|     ap_fifo|  unicast_vlan118_macaddr_msb_c|       pointer|
|unicast_vlan118_macaddr_msb_c_full_n          |   in|    1|     ap_fifo|  unicast_vlan118_macaddr_msb_c|       pointer|
|unicast_vlan118_macaddr_msb_c_write           |  out|    1|     ap_fifo|  unicast_vlan118_macaddr_msb_c|       pointer|
|unicast_vlan119_macaddr_lsb                   |   in|   32|     ap_none|    unicast_vlan119_macaddr_lsb|       pointer|
|unicast_vlan119_macaddr_lsb_c_din             |  out|   32|     ap_fifo|  unicast_vlan119_macaddr_lsb_c|       pointer|
|unicast_vlan119_macaddr_lsb_c_num_data_valid  |   in|    3|     ap_fifo|  unicast_vlan119_macaddr_lsb_c|       pointer|
|unicast_vlan119_macaddr_lsb_c_fifo_cap        |   in|    3|     ap_fifo|  unicast_vlan119_macaddr_lsb_c|       pointer|
|unicast_vlan119_macaddr_lsb_c_full_n          |   in|    1|     ap_fifo|  unicast_vlan119_macaddr_lsb_c|       pointer|
|unicast_vlan119_macaddr_lsb_c_write           |  out|    1|     ap_fifo|  unicast_vlan119_macaddr_lsb_c|       pointer|
|unicast_vlan119_macaddr_msb                   |   in|   32|     ap_none|    unicast_vlan119_macaddr_msb|       pointer|
|unicast_vlan119_macaddr_msb_c_din             |  out|   32|     ap_fifo|  unicast_vlan119_macaddr_msb_c|       pointer|
|unicast_vlan119_macaddr_msb_c_num_data_valid  |   in|    3|     ap_fifo|  unicast_vlan119_macaddr_msb_c|       pointer|
|unicast_vlan119_macaddr_msb_c_fifo_cap        |   in|    3|     ap_fifo|  unicast_vlan119_macaddr_msb_c|       pointer|
|unicast_vlan119_macaddr_msb_c_full_n          |   in|    1|     ap_fifo|  unicast_vlan119_macaddr_msb_c|       pointer|
|unicast_vlan119_macaddr_msb_c_write           |  out|    1|     ap_fifo|  unicast_vlan119_macaddr_msb_c|       pointer|
|unicast_vlan120_macaddr_lsb                   |   in|   32|     ap_none|    unicast_vlan120_macaddr_lsb|       pointer|
|unicast_vlan120_macaddr_lsb_c_din             |  out|   32|     ap_fifo|  unicast_vlan120_macaddr_lsb_c|       pointer|
|unicast_vlan120_macaddr_lsb_c_num_data_valid  |   in|    3|     ap_fifo|  unicast_vlan120_macaddr_lsb_c|       pointer|
|unicast_vlan120_macaddr_lsb_c_fifo_cap        |   in|    3|     ap_fifo|  unicast_vlan120_macaddr_lsb_c|       pointer|
|unicast_vlan120_macaddr_lsb_c_full_n          |   in|    1|     ap_fifo|  unicast_vlan120_macaddr_lsb_c|       pointer|
|unicast_vlan120_macaddr_lsb_c_write           |  out|    1|     ap_fifo|  unicast_vlan120_macaddr_lsb_c|       pointer|
|unicast_vlan120_macaddr_msb                   |   in|   32|     ap_none|    unicast_vlan120_macaddr_msb|       pointer|
|unicast_vlan120_macaddr_msb_c_din             |  out|   32|     ap_fifo|  unicast_vlan120_macaddr_msb_c|       pointer|
|unicast_vlan120_macaddr_msb_c_num_data_valid  |   in|    3|     ap_fifo|  unicast_vlan120_macaddr_msb_c|       pointer|
|unicast_vlan120_macaddr_msb_c_fifo_cap        |   in|    3|     ap_fifo|  unicast_vlan120_macaddr_msb_c|       pointer|
|unicast_vlan120_macaddr_msb_c_full_n          |   in|    1|     ap_fifo|  unicast_vlan120_macaddr_msb_c|       pointer|
|unicast_vlan120_macaddr_msb_c_write           |  out|    1|     ap_fifo|  unicast_vlan120_macaddr_msb_c|       pointer|
|unicast_vlan121_macaddr_lsb                   |   in|   32|     ap_none|    unicast_vlan121_macaddr_lsb|       pointer|
|unicast_vlan121_macaddr_lsb_c_din             |  out|   32|     ap_fifo|  unicast_vlan121_macaddr_lsb_c|       pointer|
|unicast_vlan121_macaddr_lsb_c_num_data_valid  |   in|    3|     ap_fifo|  unicast_vlan121_macaddr_lsb_c|       pointer|
|unicast_vlan121_macaddr_lsb_c_fifo_cap        |   in|    3|     ap_fifo|  unicast_vlan121_macaddr_lsb_c|       pointer|
|unicast_vlan121_macaddr_lsb_c_full_n          |   in|    1|     ap_fifo|  unicast_vlan121_macaddr_lsb_c|       pointer|
|unicast_vlan121_macaddr_lsb_c_write           |  out|    1|     ap_fifo|  unicast_vlan121_macaddr_lsb_c|       pointer|
|unicast_vlan121_macaddr_msb                   |   in|   32|     ap_none|    unicast_vlan121_macaddr_msb|       pointer|
|unicast_vlan121_macaddr_msb_c_din             |  out|   32|     ap_fifo|  unicast_vlan121_macaddr_msb_c|       pointer|
|unicast_vlan121_macaddr_msb_c_num_data_valid  |   in|    3|     ap_fifo|  unicast_vlan121_macaddr_msb_c|       pointer|
|unicast_vlan121_macaddr_msb_c_fifo_cap        |   in|    3|     ap_fifo|  unicast_vlan121_macaddr_msb_c|       pointer|
|unicast_vlan121_macaddr_msb_c_full_n          |   in|    1|     ap_fifo|  unicast_vlan121_macaddr_msb_c|       pointer|
|unicast_vlan121_macaddr_msb_c_write           |  out|    1|     ap_fifo|  unicast_vlan121_macaddr_msb_c|       pointer|
|unicast_vlan122_macaddr_lsb                   |   in|   32|     ap_none|    unicast_vlan122_macaddr_lsb|       pointer|
|unicast_vlan122_macaddr_lsb_c_din             |  out|   32|     ap_fifo|  unicast_vlan122_macaddr_lsb_c|       pointer|
|unicast_vlan122_macaddr_lsb_c_num_data_valid  |   in|    3|     ap_fifo|  unicast_vlan122_macaddr_lsb_c|       pointer|
|unicast_vlan122_macaddr_lsb_c_fifo_cap        |   in|    3|     ap_fifo|  unicast_vlan122_macaddr_lsb_c|       pointer|
|unicast_vlan122_macaddr_lsb_c_full_n          |   in|    1|     ap_fifo|  unicast_vlan122_macaddr_lsb_c|       pointer|
|unicast_vlan122_macaddr_lsb_c_write           |  out|    1|     ap_fifo|  unicast_vlan122_macaddr_lsb_c|       pointer|
|unicast_vlan122_macaddr_msb                   |   in|   32|     ap_none|    unicast_vlan122_macaddr_msb|       pointer|
|unicast_vlan122_macaddr_msb_c_din             |  out|   32|     ap_fifo|  unicast_vlan122_macaddr_msb_c|       pointer|
|unicast_vlan122_macaddr_msb_c_num_data_valid  |   in|    3|     ap_fifo|  unicast_vlan122_macaddr_msb_c|       pointer|
|unicast_vlan122_macaddr_msb_c_fifo_cap        |   in|    3|     ap_fifo|  unicast_vlan122_macaddr_msb_c|       pointer|
|unicast_vlan122_macaddr_msb_c_full_n          |   in|    1|     ap_fifo|  unicast_vlan122_macaddr_msb_c|       pointer|
|unicast_vlan122_macaddr_msb_c_write           |  out|    1|     ap_fifo|  unicast_vlan122_macaddr_msb_c|       pointer|
|unicast_vlan123_macaddr_lsb                   |   in|   32|     ap_none|    unicast_vlan123_macaddr_lsb|       pointer|
|unicast_vlan123_macaddr_lsb_c_din             |  out|   32|     ap_fifo|  unicast_vlan123_macaddr_lsb_c|       pointer|
|unicast_vlan123_macaddr_lsb_c_num_data_valid  |   in|    3|     ap_fifo|  unicast_vlan123_macaddr_lsb_c|       pointer|
|unicast_vlan123_macaddr_lsb_c_fifo_cap        |   in|    3|     ap_fifo|  unicast_vlan123_macaddr_lsb_c|       pointer|
|unicast_vlan123_macaddr_lsb_c_full_n          |   in|    1|     ap_fifo|  unicast_vlan123_macaddr_lsb_c|       pointer|
|unicast_vlan123_macaddr_lsb_c_write           |  out|    1|     ap_fifo|  unicast_vlan123_macaddr_lsb_c|       pointer|
|unicast_vlan123_macaddr_msb                   |   in|   32|     ap_none|    unicast_vlan123_macaddr_msb|       pointer|
|unicast_vlan123_macaddr_msb_c_din             |  out|   32|     ap_fifo|  unicast_vlan123_macaddr_msb_c|       pointer|
|unicast_vlan123_macaddr_msb_c_num_data_valid  |   in|    3|     ap_fifo|  unicast_vlan123_macaddr_msb_c|       pointer|
|unicast_vlan123_macaddr_msb_c_fifo_cap        |   in|    3|     ap_fifo|  unicast_vlan123_macaddr_msb_c|       pointer|
|unicast_vlan123_macaddr_msb_c_full_n          |   in|    1|     ap_fifo|  unicast_vlan123_macaddr_msb_c|       pointer|
|unicast_vlan123_macaddr_msb_c_write           |  out|    1|     ap_fifo|  unicast_vlan123_macaddr_msb_c|       pointer|
|unicast_vlan124_macaddr_lsb                   |   in|   32|     ap_none|    unicast_vlan124_macaddr_lsb|       pointer|
|unicast_vlan124_macaddr_lsb_c_din             |  out|   32|     ap_fifo|  unicast_vlan124_macaddr_lsb_c|       pointer|
|unicast_vlan124_macaddr_lsb_c_num_data_valid  |   in|    3|     ap_fifo|  unicast_vlan124_macaddr_lsb_c|       pointer|
|unicast_vlan124_macaddr_lsb_c_fifo_cap        |   in|    3|     ap_fifo|  unicast_vlan124_macaddr_lsb_c|       pointer|
|unicast_vlan124_macaddr_lsb_c_full_n          |   in|    1|     ap_fifo|  unicast_vlan124_macaddr_lsb_c|       pointer|
|unicast_vlan124_macaddr_lsb_c_write           |  out|    1|     ap_fifo|  unicast_vlan124_macaddr_lsb_c|       pointer|
|unicast_vlan124_macaddr_msb                   |   in|   32|     ap_none|    unicast_vlan124_macaddr_msb|       pointer|
|unicast_vlan124_macaddr_msb_c_din             |  out|   32|     ap_fifo|  unicast_vlan124_macaddr_msb_c|       pointer|
|unicast_vlan124_macaddr_msb_c_num_data_valid  |   in|    3|     ap_fifo|  unicast_vlan124_macaddr_msb_c|       pointer|
|unicast_vlan124_macaddr_msb_c_fifo_cap        |   in|    3|     ap_fifo|  unicast_vlan124_macaddr_msb_c|       pointer|
|unicast_vlan124_macaddr_msb_c_full_n          |   in|    1|     ap_fifo|  unicast_vlan124_macaddr_msb_c|       pointer|
|unicast_vlan124_macaddr_msb_c_write           |  out|    1|     ap_fifo|  unicast_vlan124_macaddr_msb_c|       pointer|
|unicast_vlan125_macaddr_lsb                   |   in|   32|     ap_none|    unicast_vlan125_macaddr_lsb|       pointer|
|unicast_vlan125_macaddr_lsb_c_din             |  out|   32|     ap_fifo|  unicast_vlan125_macaddr_lsb_c|       pointer|
|unicast_vlan125_macaddr_lsb_c_num_data_valid  |   in|    3|     ap_fifo|  unicast_vlan125_macaddr_lsb_c|       pointer|
|unicast_vlan125_macaddr_lsb_c_fifo_cap        |   in|    3|     ap_fifo|  unicast_vlan125_macaddr_lsb_c|       pointer|
|unicast_vlan125_macaddr_lsb_c_full_n          |   in|    1|     ap_fifo|  unicast_vlan125_macaddr_lsb_c|       pointer|
|unicast_vlan125_macaddr_lsb_c_write           |  out|    1|     ap_fifo|  unicast_vlan125_macaddr_lsb_c|       pointer|
|unicast_vlan125_macaddr_msb                   |   in|   32|     ap_none|    unicast_vlan125_macaddr_msb|       pointer|
|unicast_vlan125_macaddr_msb_c_din             |  out|   32|     ap_fifo|  unicast_vlan125_macaddr_msb_c|       pointer|
|unicast_vlan125_macaddr_msb_c_num_data_valid  |   in|    3|     ap_fifo|  unicast_vlan125_macaddr_msb_c|       pointer|
|unicast_vlan125_macaddr_msb_c_fifo_cap        |   in|    3|     ap_fifo|  unicast_vlan125_macaddr_msb_c|       pointer|
|unicast_vlan125_macaddr_msb_c_full_n          |   in|    1|     ap_fifo|  unicast_vlan125_macaddr_msb_c|       pointer|
|unicast_vlan125_macaddr_msb_c_write           |  out|    1|     ap_fifo|  unicast_vlan125_macaddr_msb_c|       pointer|
|unicast_vlan126_macaddr_lsb                   |   in|   32|     ap_none|    unicast_vlan126_macaddr_lsb|       pointer|
|unicast_vlan126_macaddr_lsb_c_din             |  out|   32|     ap_fifo|  unicast_vlan126_macaddr_lsb_c|       pointer|
|unicast_vlan126_macaddr_lsb_c_num_data_valid  |   in|    3|     ap_fifo|  unicast_vlan126_macaddr_lsb_c|       pointer|
|unicast_vlan126_macaddr_lsb_c_fifo_cap        |   in|    3|     ap_fifo|  unicast_vlan126_macaddr_lsb_c|       pointer|
|unicast_vlan126_macaddr_lsb_c_full_n          |   in|    1|     ap_fifo|  unicast_vlan126_macaddr_lsb_c|       pointer|
|unicast_vlan126_macaddr_lsb_c_write           |  out|    1|     ap_fifo|  unicast_vlan126_macaddr_lsb_c|       pointer|
|unicast_vlan126_macaddr_msb                   |   in|   32|     ap_none|    unicast_vlan126_macaddr_msb|       pointer|
|unicast_vlan126_macaddr_msb_c_din             |  out|   32|     ap_fifo|  unicast_vlan126_macaddr_msb_c|       pointer|
|unicast_vlan126_macaddr_msb_c_num_data_valid  |   in|    3|     ap_fifo|  unicast_vlan126_macaddr_msb_c|       pointer|
|unicast_vlan126_macaddr_msb_c_fifo_cap        |   in|    3|     ap_fifo|  unicast_vlan126_macaddr_msb_c|       pointer|
|unicast_vlan126_macaddr_msb_c_full_n          |   in|    1|     ap_fifo|  unicast_vlan126_macaddr_msb_c|       pointer|
|unicast_vlan126_macaddr_msb_c_write           |  out|    1|     ap_fifo|  unicast_vlan126_macaddr_msb_c|       pointer|
|unicast_vlan127_macaddr_lsb                   |   in|   32|     ap_none|    unicast_vlan127_macaddr_lsb|       pointer|
|unicast_vlan127_macaddr_lsb_c_din             |  out|   32|     ap_fifo|  unicast_vlan127_macaddr_lsb_c|       pointer|
|unicast_vlan127_macaddr_lsb_c_num_data_valid  |   in|    3|     ap_fifo|  unicast_vlan127_macaddr_lsb_c|       pointer|
|unicast_vlan127_macaddr_lsb_c_fifo_cap        |   in|    3|     ap_fifo|  unicast_vlan127_macaddr_lsb_c|       pointer|
|unicast_vlan127_macaddr_lsb_c_full_n          |   in|    1|     ap_fifo|  unicast_vlan127_macaddr_lsb_c|       pointer|
|unicast_vlan127_macaddr_lsb_c_write           |  out|    1|     ap_fifo|  unicast_vlan127_macaddr_lsb_c|       pointer|
|unicast_vlan127_macaddr_msb                   |   in|   32|     ap_none|    unicast_vlan127_macaddr_msb|       pointer|
|unicast_vlan127_macaddr_msb_c_din             |  out|   32|     ap_fifo|  unicast_vlan127_macaddr_msb_c|       pointer|
|unicast_vlan127_macaddr_msb_c_num_data_valid  |   in|    3|     ap_fifo|  unicast_vlan127_macaddr_msb_c|       pointer|
|unicast_vlan127_macaddr_msb_c_fifo_cap        |   in|    3|     ap_fifo|  unicast_vlan127_macaddr_msb_c|       pointer|
|unicast_vlan127_macaddr_msb_c_full_n          |   in|    1|     ap_fifo|  unicast_vlan127_macaddr_msb_c|       pointer|
|unicast_vlan127_macaddr_msb_c_write           |  out|    1|     ap_fifo|  unicast_vlan127_macaddr_msb_c|       pointer|
|unicast_vlan128_macaddr_lsb                   |   in|   32|     ap_none|    unicast_vlan128_macaddr_lsb|       pointer|
|unicast_vlan128_macaddr_lsb_c_din             |  out|   32|     ap_fifo|  unicast_vlan128_macaddr_lsb_c|       pointer|
|unicast_vlan128_macaddr_lsb_c_num_data_valid  |   in|    3|     ap_fifo|  unicast_vlan128_macaddr_lsb_c|       pointer|
|unicast_vlan128_macaddr_lsb_c_fifo_cap        |   in|    3|     ap_fifo|  unicast_vlan128_macaddr_lsb_c|       pointer|
|unicast_vlan128_macaddr_lsb_c_full_n          |   in|    1|     ap_fifo|  unicast_vlan128_macaddr_lsb_c|       pointer|
|unicast_vlan128_macaddr_lsb_c_write           |  out|    1|     ap_fifo|  unicast_vlan128_macaddr_lsb_c|       pointer|
|unicast_vlan128_macaddr_msb                   |   in|   32|     ap_none|    unicast_vlan128_macaddr_msb|       pointer|
|unicast_vlan128_macaddr_msb_c_din             |  out|   32|     ap_fifo|  unicast_vlan128_macaddr_msb_c|       pointer|
|unicast_vlan128_macaddr_msb_c_num_data_valid  |   in|    3|     ap_fifo|  unicast_vlan128_macaddr_msb_c|       pointer|
|unicast_vlan128_macaddr_msb_c_fifo_cap        |   in|    3|     ap_fifo|  unicast_vlan128_macaddr_msb_c|       pointer|
|unicast_vlan128_macaddr_msb_c_full_n          |   in|    1|     ap_fifo|  unicast_vlan128_macaddr_msb_c|       pointer|
|unicast_vlan128_macaddr_msb_c_write           |  out|    1|     ap_fifo|  unicast_vlan128_macaddr_msb_c|       pointer|
|unicast_vlan129_macaddr_lsb                   |   in|   32|     ap_none|    unicast_vlan129_macaddr_lsb|       pointer|
|unicast_vlan129_macaddr_lsb_c_din             |  out|   32|     ap_fifo|  unicast_vlan129_macaddr_lsb_c|       pointer|
|unicast_vlan129_macaddr_lsb_c_num_data_valid  |   in|    3|     ap_fifo|  unicast_vlan129_macaddr_lsb_c|       pointer|
|unicast_vlan129_macaddr_lsb_c_fifo_cap        |   in|    3|     ap_fifo|  unicast_vlan129_macaddr_lsb_c|       pointer|
|unicast_vlan129_macaddr_lsb_c_full_n          |   in|    1|     ap_fifo|  unicast_vlan129_macaddr_lsb_c|       pointer|
|unicast_vlan129_macaddr_lsb_c_write           |  out|    1|     ap_fifo|  unicast_vlan129_macaddr_lsb_c|       pointer|
|unicast_vlan129_macaddr_msb                   |   in|   32|     ap_none|    unicast_vlan129_macaddr_msb|       pointer|
|unicast_vlan129_macaddr_msb_c_din             |  out|   32|     ap_fifo|  unicast_vlan129_macaddr_msb_c|       pointer|
|unicast_vlan129_macaddr_msb_c_num_data_valid  |   in|    3|     ap_fifo|  unicast_vlan129_macaddr_msb_c|       pointer|
|unicast_vlan129_macaddr_msb_c_fifo_cap        |   in|    3|     ap_fifo|  unicast_vlan129_macaddr_msb_c|       pointer|
|unicast_vlan129_macaddr_msb_c_full_n          |   in|    1|     ap_fifo|  unicast_vlan129_macaddr_msb_c|       pointer|
|unicast_vlan129_macaddr_msb_c_write           |  out|    1|     ap_fifo|  unicast_vlan129_macaddr_msb_c|       pointer|
|log_all_mask                                  |   in|   32|     ap_none|                   log_all_mask|       pointer|
|log_all_mask_c_din                            |  out|   32|     ap_fifo|                 log_all_mask_c|       pointer|
|log_all_mask_c_num_data_valid                 |   in|    3|     ap_fifo|                 log_all_mask_c|       pointer|
|log_all_mask_c_fifo_cap                       |   in|    3|     ap_fifo|                 log_all_mask_c|       pointer|
|log_all_mask_c_full_n                         |   in|    1|     ap_fifo|                 log_all_mask_c|       pointer|
|log_all_mask_c_write                          |  out|    1|     ap_fifo|                 log_all_mask_c|       pointer|
+----------------------------------------------+-----+-----+------------+-------------------------------+--------------+

